Component: ARM Compiler 5.06 update 6 (build 750) Tool: armlink [4d35ed]

==============================================================================

Section Cross References

    startup_py32f072xx.o(RESET) refers to startup_py32f072xx.o(STACK) for __initial_sp
    startup_py32f072xx.o(RESET) refers to startup_py32f072xx.o(.text) for Reset_Handler
    startup_py32f072xx.o(RESET) refers to py32f072_it.o(i.NMI_Handler) for NMI_Handler
    startup_py32f072xx.o(RESET) refers to py32f072_it.o(i.HardFault_Handler) for HardFault_Handler
    startup_py32f072xx.o(RESET) refers to py32f072_it.o(i.SVC_Handler) for SVC_Handler
    startup_py32f072xx.o(RESET) refers to py32f072_it.o(i.PendSV_Handler) for PendSV_Handler
    startup_py32f072xx.o(RESET) refers to py32f072_it.o(i.SysTick_Handler) for SysTick_Handler
    startup_py32f072xx.o(RESET) refers to py32f072_it.o(i.USART2_IRQHandler) for USART2_IRQHandler
    startup_py32f072xx.o(.text) refers to system_py32f072.o(i.SystemInit) for SystemInit
    startup_py32f072xx.o(.text) refers to entry.o(.ARM.Collect$$$$00000000) for __main
    system_py32f072.o(i.SystemCoreClockUpdate) refers to uidiv.o(.text) for __aeabi_uidivmod
    system_py32f072.o(i.SystemCoreClockUpdate) refers to system_py32f072.o(.data) for SystemCoreClock
    system_py32f072.o(i.SystemCoreClockUpdate) refers to system_py32f072.o(.constdata) for HSIFreqTable
    main.o(i.HAL_UART_ErrorCallback) refers to printf1.o(i.__0printf$1) for __2printf
    main.o(i.HAL_UART_RxCpltCallback) refers to py32f072_hal_uart.o(i.HAL_UART_Transmit_IT) for HAL_UART_Transmit_IT
    main.o(i.HAL_UART_RxCpltCallback) refers to main.o(i.APP_ErrorHandler) for APP_ErrorHandler
    main.o(i.HAL_UART_RxCpltCallback) refers to main.o(.data) for aRxBuffer
    main.o(i.HAL_UART_TxCpltCallback) refers to py32f072_hal_uart.o(i.HAL_UART_Receive_IT) for HAL_UART_Receive_IT
    main.o(i.HAL_UART_TxCpltCallback) refers to main.o(i.APP_ErrorHandler) for APP_ErrorHandler
    main.o(i.HAL_UART_TxCpltCallback) refers to main.o(.data) for aRxBuffer
    main.o(i.main) refers to py32f072_hal.o(i.HAL_Init) for HAL_Init
    main.o(i.main) refers to memseta.o(.text) for __aeabi_memclr4
    main.o(i.main) refers to py32f072_hal_gpio.o(i.HAL_GPIO_Init) for HAL_GPIO_Init
    main.o(i.main) refers to py32f072_hal_uart.o(i.HAL_UART_Init) for HAL_UART_Init
    main.o(i.main) refers to py32f072_hal_uart.o(i.HAL_UART_Transmit_IT) for HAL_UART_Transmit_IT
    main.o(i.main) refers to main.o(i.APP_ErrorHandler) for APP_ErrorHandler
    main.o(i.main) refers to py32f072_hal.o(i.HAL_Delay) for HAL_Delay
    main.o(i.main) refers to main.o(.bss) for UartHandle
    main.o(i.main) refers to main.o(.data) for aTxBuffer
    py32f072_hal_msp.o(i.HAL_UART_MspInit) refers to py32f072_hal_gpio.o(i.HAL_GPIO_Init) for HAL_GPIO_Init
    py32f072_hal_msp.o(i.HAL_UART_MspInit) refers to py32f072_hal_cortex.o(i.HAL_NVIC_SetPriority) for HAL_NVIC_SetPriority
    py32f072_hal_msp.o(i.HAL_UART_MspInit) refers to py32f072_hal_cortex.o(i.HAL_NVIC_EnableIRQ) for HAL_NVIC_EnableIRQ
    py32f072_it.o(i.SysTick_Handler) refers to py32f072_hal.o(i.HAL_IncTick) for HAL_IncTick
    py32f072_it.o(i.USART2_IRQHandler) refers to py32f072_hal_uart.o(i.HAL_UART_IRQHandler) for HAL_UART_IRQHandler
    py32f072_it.o(i.USART2_IRQHandler) refers to main.o(.bss) for UartHandle
    py32f072xx_start_kit.o(i.BSP_LED_DeInit) refers to py32f072_hal_gpio.o(i.HAL_GPIO_WritePin) for HAL_GPIO_WritePin
    py32f072xx_start_kit.o(i.BSP_LED_DeInit) refers to py32f072_hal_gpio.o(i.HAL_GPIO_DeInit) for HAL_GPIO_DeInit
    py32f072xx_start_kit.o(i.BSP_LED_DeInit) refers to py32f072xx_start_kit.o(.constdata) for LED_PIN
    py32f072xx_start_kit.o(i.BSP_LED_DeInit) refers to py32f072xx_start_kit.o(.data) for LED_PORT
    py32f072xx_start_kit.o(i.BSP_LED_Init) refers to py32f072_hal_gpio.o(i.HAL_GPIO_Init) for HAL_GPIO_Init
    py32f072xx_start_kit.o(i.BSP_LED_Init) refers to py32f072_hal_gpio.o(i.HAL_GPIO_WritePin) for HAL_GPIO_WritePin
    py32f072xx_start_kit.o(i.BSP_LED_Init) refers to py32f072xx_start_kit.o(.constdata) for LED_PIN
    py32f072xx_start_kit.o(i.BSP_LED_Init) refers to py32f072xx_start_kit.o(.data) for LED_PORT
    py32f072xx_start_kit.o(i.BSP_LED_Off) refers to py32f072_hal_gpio.o(i.HAL_GPIO_WritePin) for HAL_GPIO_WritePin
    py32f072xx_start_kit.o(i.BSP_LED_Off) refers to py32f072xx_start_kit.o(.constdata) for LED_PIN
    py32f072xx_start_kit.o(i.BSP_LED_Off) refers to py32f072xx_start_kit.o(.data) for LED_PORT
    py32f072xx_start_kit.o(i.BSP_LED_On) refers to py32f072_hal_gpio.o(i.HAL_GPIO_WritePin) for HAL_GPIO_WritePin
    py32f072xx_start_kit.o(i.BSP_LED_On) refers to py32f072xx_start_kit.o(.constdata) for LED_PIN
    py32f072xx_start_kit.o(i.BSP_LED_On) refers to py32f072xx_start_kit.o(.data) for LED_PORT
    py32f072xx_start_kit.o(i.BSP_LED_Toggle) refers to py32f072_hal_gpio.o(i.HAL_GPIO_TogglePin) for HAL_GPIO_TogglePin
[...]
    py32f072xx_start_kit.o(i.BSP_USART_Config) refers to py32f072_hal_cortex.o(i.HAL_NVIC_SetPriority) for HAL_NVIC_SetPriority
    py32f072xx_start_kit.o(i.BSP_USART_Config) refers to py32f072_hal_cortex.o(i.HAL_NVIC_EnableIRQ) for HAL_NVIC_EnableIRQ
    py32f072xx_start_kit.o(i.BSP_USART_Config) refers to stdout.o(.data) for __stdout
    py32f072xx_start_kit.o(i.BSP_USART_Config) refers to py32f072xx_start_kit.o(.bss) for DebugUartHandle
    py32f072xx_start_kit.o(i.fgetc) refers to py32f072_hal_uart.o(i.HAL_UART_Receive) for HAL_UART_Receive
    py32f072xx_start_kit.o(i.fgetc) refers to py32f072xx_start_kit.o(.bss) for DebugUartHandle
    py32f072xx_start_kit.o(i.fputc) refers to py32f072_hal_uart.o(i.HAL_UART_Transmit) for HAL_UART_Transmit
    py32f072xx_start_kit.o(i.fputc) refers to py32f072xx_start_kit.o(.bss) for DebugUartHandle
    py32f072_hal.o(i.HAL_DeInit) refers to py32f072_hal.o(i.HAL_MspDeInit) for HAL_MspDeInit
    py32f072_hal.o(i.HAL_Delay) refers to py32f072_hal.o(i.HAL_GetTick) for HAL_GetTick
    py32f072_hal.o(i.HAL_Delay) refers to py32f072_hal.o(.data) for uwTickFreq
    py32f072_hal.o(i.HAL_GetTick) refers to py32f072_hal.o(.data) for uwTick
    py32f072_hal.o(i.HAL_GetTickFreq) refers to py32f072_hal.o(.data) for uwTickFreq
    py32f072_hal.o(i.HAL_GetTickPrio) refers to py32f072_hal.o(.data) for uwTickPrio
    py32f072_hal.o(i.HAL_IncTick) refers to py32f072_hal.o(.data) for uwTick
    py32f072_hal.o(i.HAL_Init) refers to py32f072_hal.o(i.HAL_InitTick) for HAL_InitTick
    py32f072_hal.o(i.HAL_Init) refers to py32f072_hal_msp.o(i.HAL_MspInit) for HAL_MspInit
    py32f072_hal.o(i.HAL_InitTick) refers to uidiv.o(.text) for __aeabi_uidivmod
    py32f072_hal.o(i.HAL_InitTick) refers to py32f072_hal_cortex.o(i.HAL_SYSTICK_Config) for HAL_SYSTICK_Config
    py32f072_hal.o(i.HAL_InitTick) refers to py32f072_hal_cortex.o(i.HAL_NVIC_SetPriority) for HAL_NVIC_SetPriority
    py32f072_hal.o(i.HAL_InitTick) refers to py32f072_hal.o(.data) for uwTickFreq
    py32f072_hal.o(i.HAL_InitTick) refers to system_py32f072.o(.data) for SystemCoreClock
    py32f072_hal.o(i.HAL_SetTickFreq) refers to py32f072_hal.o(i.HAL_InitTick) for HAL_InitTick
    py32f072_hal.o(i.HAL_SetTickFreq) refers to py32f072_hal.o(.data) for uwTickFreq
    py32f072_hal_rcc.o(i.HAL_RCC_ClockConfig) refers to py32f072_hal.o(i.HAL_GetTick) for HAL_GetTick
    py32f072_hal_rcc.o(i.HAL_RCC_ClockConfig) refers to py32f072_hal_rcc.o(i.HAL_RCC_GetSysClockFreq) for HAL_RCC_GetSysClockFreq
    py32f072_hal_rcc.o(i.HAL_RCC_ClockConfig) refers to py32f072_hal.o(i.HAL_InitTick) for HAL_InitTick
    py32f072_hal_rcc.o(i.HAL_RCC_ClockConfig) refers to system_py32f072.o(.constdata) for AHBPrescTable
    py32f072_hal_rcc.o(i.HAL_RCC_ClockConfig) refers to system_py32f072.o(.data) for SystemCoreClock
    py32f072_hal_rcc.o(i.HAL_RCC_ClockConfig) refers to py32f072_hal.o(.data) for uwTickPrio
    py32f072_hal_rcc.o(i.HAL_RCC_DeInit) refers to py32f072_hal.o(i.HAL_GetTick) for HAL_GetTick
    py32f072_hal_rcc.o(i.HAL_RCC_DeInit) refers to py32f072_hal.o(i.HAL_InitTick) for HAL_InitTick
    py32f072_hal_rcc.o(i.HAL_RCC_DeInit) refers to system_py32f072.o(.data) for SystemCoreClock
    py32f072_hal_rcc.o(i.HAL_RCC_DeInit) refers to py32f072_hal.o(.data) for uwTickPrio
    py32f072_hal_rcc.o(i.HAL_RCC_GetHCLKFreq) refers to system_py32f072.o(.data) for SystemCoreClock
    py32f072_hal_rcc.o(i.HAL_RCC_GetPCLK1Freq) refers to py32f072_hal_rcc.o(i.HAL_RCC_GetHCLKFreq) for HAL_RCC_GetHCLKFreq
    py32f072_hal_rcc.o(i.HAL_RCC_GetPCLK1Freq) refers to system_py32f072.o(.constdata) for APBPrescTable
    py32f072_hal_rcc.o(i.HAL_RCC_GetSysClockFreq) refers to memcpya.o(.text) for __aeabi_memcpy4
    py32f072_hal_rcc.o(i.HAL_RCC_GetSysClockFreq) refers to uidiv.o(.text) for __aeabi_uidivmod
    py32f072_hal_rcc.o(i.HAL_RCC_GetSysClockFreq) refers to py32f072_hal_rcc.o(.constdata) for .constdata
    py32f072_hal_rcc.o(i.HAL_RCC_MCOConfig) refers to py32f072_hal_gpio.o(i.HAL_GPIO_Init) for HAL_GPIO_Init
    py32f072_hal_rcc.o(i.HAL_RCC_NMI_IRQHandler) refers to py32f072_hal_rcc.o(i.HAL_RCC_CSSCallback) for HAL_RCC_CSSCallback
    py32f072_hal_rcc.o(i.HAL_RCC_NMI_IRQHandler) refers to py32f072_hal_rcc.o(i.HAL_RCC_LSECSSCallback) for HAL_RCC_LSECSSCallback
    py32f072_hal_rcc.o(i.HAL_RCC_OscConfig) refers to py32f072_hal.o(i.HAL_GetTick) for HAL_GetTick
    py32f072_hal_rcc.o(i.HAL_RCC_OscConfig) refers to py32f072_hal_rcc.o(i.HAL_RCC_GetSysClockFreq) for HAL_RCC_GetSysClockFreq
    py32f072_hal_rcc.o(i.HAL_RCC_OscConfig) refers to py32f072_hal.o(i.HAL_InitTick) for HAL_InitTick
    py32f072_hal_rcc.o(i.HAL_RCC_OscConfig) refers to py32f072_hal_rcc.o(.constdata) for .constdata
    py32f072_hal_rcc.o(i.HAL_RCC_OscConfig) refers to system_py32f072.o(.constdata) for AHBPrescTable
    py32f072_hal_rcc.o(i.HAL_RCC_OscConfig) refers to system_py32f072.o(.data) for SystemCoreClock
    py32f072_hal_rcc.o(i.HAL_RCC_OscConfig) refers to py32f072_hal.o(.data) for uwTickPrio
    py32f072_hal_rcc.o(i.HAL_RCC_OscConfig) refers to py32f072_hal_rcc.o(i.RCC_GetHSIFreq) for RCC_GetHSIFreq
    py32f072_hal_rcc.o(i.RCC_GetHSIFreq) refers to system_py32f072.o(.constdata) for HSIFreqTable
    py32f072_hal_rcc_ex.o(i.HAL_RCCEx_DisableLSCO) refers to py32f072_hal_pwr.o(i.HAL_PWR_EnableBkUpAccess) for HAL_PWR_EnableBkUpAccess
    py32f072_hal_rcc_ex.o(i.HAL_RCCEx_DisableLSCO) refers to py32f072_hal_pwr.o(i.HAL_PWR_DisableBkUpAccess) for HAL_PWR_DisableBkUpAccess
    py32f072_hal_rcc_ex.o(i.HAL_RCCEx_EnableLSCO) refers to py32f072_hal_pwr.o(i.HAL_PWR_EnableBkUpAccess) for HAL_PWR_EnableBkUpAccess
    py32f072_hal_rcc_ex.o(i.HAL_RCCEx_EnableLSCO) refers to py32f072_hal_pwr.o(i.HAL_PWR_DisableBkUpAccess) for HAL_PWR_DisableBkUpAccess
    py32f072_hal_rcc_ex.o(i.HAL_RCCEx_GetPeriphCLKFreq) refers to memcpya.o(.text) for __aeabi_memcpy4
    py32f072_hal_rcc_ex.o(i.HAL_RCCEx_GetPeriphCLKFreq) refers to py32f072_hal_rcc.o(i.HAL_RCC_GetPCLK1Freq) for HAL_RCC_GetPCLK1Freq
    py32f072_hal_rcc_ex.o(i.HAL_RCCEx_GetPeriphCLKFreq) refers to uidiv.o(.text) for __aeabi_uidivmod
    py32f072_hal_rcc_ex.o(i.HAL_RCCEx_GetPeriphCLKFreq) refers to py32f072_hal_rcc_ex.o(.constdata) for .constdata
    py32f072_hal_rcc_ex.o(i.HAL_RCCEx_PeriphCLKConfig) refers to py32f072_hal.o(i.HAL_GetTick) for HAL_GetTick
    py32f072_hal_gpio.o(i.HAL_GPIO_EXTI_IRQHandler) refers to py32f072_hal_gpio.o(i.HAL_GPIO_EXTI_Callback) for HAL_GPIO_EXTI_Callback
    py32f072_hal_dma.o(i.HAL_DMA_ChannelMap) refers to uidiv.o(.text) for __aeabi_uidivmod
    py32f072_hal_dma.o(i.HAL_DMA_DeInit) refers to uidiv.o(.text) for __aeabi_uidivmod
    py32f072_hal_dma.o(i.HAL_DMA_Init) refers to uidiv.o(.text) for __aeabi_uidivmod
    py32f072_hal_dma.o(i.HAL_DMA_PollForTransfer) refers to py32f072_hal.o(i.HAL_GetTick) for HAL_GetTick
    py32f072_hal_dma.o(i.HAL_DMA_Start) refers to py32f072_hal_dma.o(i.DMA_SetConfig) for DMA_SetConfig
    py32f072_hal_dma.o(i.HAL_DMA_Start_IT) refers to py32f072_hal_dma.o(i.DMA_SetConfig) for DMA_SetConfig
    py32f072_hal_dma.o(i.HAL_DMA_UnRegisterCallback) refers to py32f072_hal_dma.o(i.__ARM_common_switch8) for __ARM_common_switch8
    py32f072_hal_pwr.o(i.HAL_PWR_PVD_IRQHandler) refers to py32f072_hal_pwr.o(i.HAL_PWR_PVD_Callback) for HAL_PWR_PVD_Callback
    py32f072_hal_uart.o(i.HAL_HalfDuplex_Init) refers to py32f072_hal_msp.o(i.HAL_UART_MspInit) for HAL_UART_MspInit
    py32f072_hal_uart.o(i.HAL_HalfDuplex_Init) refers to py32f072_hal_uart.o(i.UART_SetConfig) for UART_SetConfig
    py32f072_hal_uart.o(i.HAL_LIN_Init) refers to py32f072_hal_msp.o(i.HAL_UART_MspInit) for HAL_UART_MspInit
    py32f072_hal_uart.o(i.HAL_LIN_Init) refers to py32f072_hal_uart.o(i.UART_SetConfig) for UART_SetConfig
    py32f072_hal_uart.o(i.HAL_MultiProcessor_Init) refers to py32f072_hal_msp.o(i.HAL_UART_MspInit) for HAL_UART_MspInit
    py32f072_hal_uart.o(i.HAL_MultiProcessor_Init) refers to py32f072_hal_uart.o(i.UART_SetConfig) for UART_SetConfig
    py32f072_hal_uart.o(i.HAL_UART_Abort) refers to py32f072_hal_dma.o(i.HAL_DMA_Abort) for HAL_DMA_Abort
    py32f072_hal_uart.o(i.HAL_UART_Abort) refers to py32f072_hal_dma.o(i.HAL_DMA_GetError) for HAL_DMA_GetError
    py32f072_hal_uart.o(i.HAL_UART_AbortReceive) refers to py32f072_hal_dma.o(i.HAL_DMA_Abort) for HAL_DMA_Abort
    py32f072_hal_uart.o(i.HAL_UART_AbortReceive) refers to py32f072_hal_dma.o(i.HAL_DMA_GetError) for HAL_DMA_GetError
    py32f072_hal_uart.o(i.HAL_UART_AbortReceive_IT) refers to py32f072_hal_dma.o(i.HAL_DMA_Abort_IT) for HAL_DMA_Abort_IT
    py32f072_hal_uart.o(i.HAL_UART_AbortReceive_IT) refers to py32f072_hal_uart.o(i.HAL_UART_AbortReceiveCpltCallback) for HAL_UART_AbortReceiveCpltCallback
    py32f072_hal_uart.o(i.HAL_UART_AbortReceive_IT) refers to py32f072_hal_uart.o(i.UART_DMARxOnlyAbortCallback) for UART_DMARxOnlyAbortCallback
    py32f072_hal_uart.o(i.HAL_UART_AbortTransmit) refers to py32f072_hal_dma.o(i.HAL_DMA_Abort) for HAL_DMA_Abort
    py32f072_hal_uart.o(i.HAL_UART_AbortTransmit) refers to py32f072_hal_dma.o(i.HAL_DMA_GetError) for HAL_DMA_GetError
    py32f072_hal_uart.o(i.HAL_UART_AbortTransmit_IT) refers to py32f072_hal_dma.o(i.HAL_DMA_Abort_IT) for HAL_DMA_Abort_IT
    py32f072_hal_uart.o(i.HAL_UART_AbortTransmit_IT) refers to py32f072_hal_uart.o(i.HAL_UART_AbortTransmitCpltCallback) for HAL_UART_AbortTransmitCpltCallback
    py32f072_hal_uart.o(i.HAL_UART_AbortTransmit_IT) refers to py32f072_hal_uart.o(i.UART_DMATxOnlyAbortCallback) for UART_DMATxOnlyAbortCallback
    py32f072_hal_uart.o(i.HAL_UART_Abort_IT) refers to py32f072_hal_dma.o(i.HAL_DMA_Abort_IT) for HAL_DMA_Abort_IT
    py32f072_hal_uart.o(i.HAL_UART_Abort_IT) refers to py32f072_hal_uart.o(i.HAL_UART_AbortCpltCallback) for HAL_UART_AbortCpltCallback
    py32f072_hal_uart.o(i.HAL_UART_Abort_IT) refers to py32f072_hal_uart.o(i.UART_DMATxAbortCallback) for UART_DMATxAbortCallback
    py32f072_hal_uart.o(i.HAL_UART_Abort_IT) refers to py32f072_hal_uart.o(i.UART_DMARxAbortCallback) for UART_DMARxAbortCallback
    py32f072_hal_uart.o(i.HAL_UART_DMAStop) refers to py32f072_hal_dma.o(i.HAL_DMA_Abort) for HAL_DMA_Abort
    py32f072_hal_uart.o(i.HAL_UART_DMAStop) refers to py32f072_hal_uart.o(i.UART_EndTxTransfer) for UART_EndTxTransfer
    py32f072_hal_uart.o(i.HAL_UART_DMAStop) refers to py32f072_hal_uart.o(i.UART_EndRxTransfer) for UART_EndRxTransfer
    py32f072_hal_uart.o(i.HAL_UART_DeInit) refers to py32f072_hal_uart.o(i.HAL_UART_MspDeInit) for HAL_UART_MspDeInit
    py32f072_hal_uart.o(i.HAL_UART_IRQHandler) refers to py32f072_hal_uart.o(i.UART_Receive_IT) for UART_Receive_IT
    py32f072_hal_uart.o(i.HAL_UART_IRQHandler) refers to py32f072_hal_uart.o(i.UART_EndRxTransfer) for UART_EndRxTransfer
    py32f072_hal_uart.o(i.HAL_UART_IRQHandler) refers to py32f072_hal_dma.o(i.HAL_DMA_Abort_IT) for HAL_DMA_Abort_IT
    py32f072_hal_uart.o(i.HAL_UART_IRQHandler) refers to main.o(i.HAL_UART_ErrorCallback) for HAL_UART_ErrorCallback
    py32f072_hal_uart.o(i.HAL_UART_IRQHandler) refers to py32f072_hal_uart.o(i.HAL_UART_IdleFrameDetectCpltCallback) for HAL_UART_IdleFrameDetectCpltCallback
    py32f072_hal_uart.o(i.HAL_UART_IRQHandler) refers to py32f072_hal_uart.o(i.UART_Transmit_IT) for UART_Transmit_IT
    py32f072_hal_uart.o(i.HAL_UART_IRQHandler) refers to py32f072_hal_uart.o(i.UART_EndTransmit_IT) for UART_EndTransmit_IT
    py32f072_hal_uart.o(i.HAL_UART_IRQHandler) refers to py32f072_hal_uart.o(i.UART_DMAAbortOnError) for UART_DMAAbortOnError
    py32f072_hal_uart.o(i.HAL_UART_Init) refers to py32f072_hal_msp.o(i.HAL_UART_MspInit) for HAL_UART_MspInit
    py32f072_hal_uart.o(i.HAL_UART_Init) refers to py32f072_hal_uart.o(i.UART_SetConfig) for UART_SetConfig
    py32f072_hal_uart.o(i.HAL_UART_Init) refers to py32f072_hal_uart.o(i.UART_AdvFeatureConfig) for UART_AdvFeatureConfig
    py32f072_hal_uart.o(i.HAL_UART_Receive) refers to py32f072_hal.o(i.HAL_GetTick) for HAL_GetTick
    py32f072_hal_uart.o(i.HAL_UART_Receive) refers to py32f072_hal_uart.o(i.UART_WaitOnFlagUntilTimeout) for UART_WaitOnFlagUntilTimeout
    py32f072_hal_uart.o(i.HAL_UART_Receive_DMA) refers to py32f072_hal_dma.o(i.HAL_DMA_Start_IT) for HAL_DMA_Start_IT
    py32f072_hal_uart.o(i.HAL_UART_Receive_DMA) refers to py32f072_hal_uart.o(i.UART_DMAReceiveCplt) for UART_DMAReceiveCplt
    py32f072_hal_uart.o(i.HAL_UART_Receive_DMA) refers to py32f072_hal_uart.o(i.UART_DMARxHalfCplt) for UART_DMARxHalfCplt
    py32f072_hal_uart.o(i.HAL_UART_Receive_DMA) refers to py32f072_hal_uart.o(i.UART_DMAError) for UART_DMAError
    py32f072_hal_uart.o(i.HAL_UART_Transmit) refers to py32f072_hal.o(i.HAL_GetTick) for HAL_GetTick
    py32f072_hal_uart.o(i.HAL_UART_Transmit) refers to py32f072_hal_uart.o(i.UART_WaitOnFlagUntilTimeout) for UART_WaitOnFlagUntilTimeout
    py32f072_hal_uart.o(i.HAL_UART_Transmit_DMA) refers to py32f072_hal_dma.o(i.HAL_DMA_Start_IT) for HAL_DMA_Start_IT
    py32f072_hal_uart.o(i.HAL_UART_Transmit_DMA) refers to py32f072_hal_uart.o(i.UART_DMATransmitCplt) for UART_DMATransmitCplt
    py32f072_hal_uart.o(i.HAL_UART_Transmit_DMA) refers to py32f072_hal_uart.o(i.UART_DMATxHalfCplt) for UART_DMATxHalfCplt
    py32f072_hal_uart.o(i.HAL_UART_Transmit_DMA) refers to py32f072_hal_uart.o(i.UART_DMAError) for UART_DMAError
    py32f072_hal_uart.o(i.UART_DMAAbortOnError) refers to main.o(i.HAL_UART_ErrorCallback) for HAL_UART_ErrorCallback
    py32f072_hal_uart.o(i.UART_DMAError) refers to py32f072_hal_uart.o(i.UART_EndTxTransfer) for UART_EndTxTransfer
    py32f072_hal_uart.o(i.UART_DMAError) refers to py32f072_hal_uart.o(i.UART_EndRxTransfer) for UART_EndRxTransfer
    py32f072_hal_uart.o(i.UART_DMAError) refers to main.o(i.HAL_UART_ErrorCallback) for HAL_UART_ErrorCallback
    py32f072_hal_uart.o(i.UART_DMAReceiveCplt) refers to main.o(i.HAL_UART_RxCpltCallback) for HAL_UART_RxCpltCallback
    py32f072_hal_uart.o(i.UART_DMARxAbortCallback) refers to py32f072_hal_uart.o(i.HAL_UART_AbortCpltCallback) for HAL_UART_AbortCpltCallback
    py32f072_hal_uart.o(i.UART_DMARxHalfCplt) refers to py32f072_hal_uart.o(i.HAL_UART_RxHalfCpltCallback) for HAL_UART_RxHalfCpltCallback
    py32f072_hal_uart.o(i.UART_DMARxOnlyAbortCallback) refers to py32f072_hal_uart.o(i.HAL_UART_AbortReceiveCpltCallback) for HAL_UART_AbortReceiveCpltCallback
    py32f072_hal_uart.o(i.UART_DMATransmitCplt) refers to main.o(i.HAL_UART_TxCpltCallback) for HAL_UART_TxCpltCallback
    py32f072_hal_uart.o(i.UART_DMATxAbortCallback) refers to py32f072_hal_uart.o(i.HAL_UART_AbortCpltCallback) for HAL_UART_AbortCpltCallback
    py32f072_hal_uart.o(i.UART_DMATxHalfCplt) refers to py32f072_hal_uart.o(i.HAL_UART_TxHalfCpltCallback) for HAL_UART_TxHalfCpltCallback
    py32f072_hal_uart.o(i.UART_DMATxOnlyAbortCallback) refers to py32f072_hal_uart.o(i.HAL_UART_AbortTransmitCpltCallback) for HAL_UART_AbortTransmitCpltCallback
    py32f072_hal_uart.o(i.UART_EndTransmit_IT) refers to main.o(i.HAL_UART_TxCpltCallback) for HAL_UART_TxCpltCallback
    py32f072_hal_uart.o(i.UART_Receive_IT) refers to main.o(i.HAL_UART_RxCpltCallback) for HAL_UART_RxCpltCallback
    py32f072_hal_uart.o(i.UART_SetConfig) refers to py32f072_hal_rcc.o(i.HAL_RCC_GetPCLK1Freq) for HAL_RCC_GetPCLK1Freq
    py32f072_hal_uart.o(i.UART_SetConfig) refers to uidiv.o(.text) for __aeabi_uidivmod
    py32f072_hal_uart.o(i.UART_WaitOnFlagUntilTimeout) refers to py32f072_hal.o(i.HAL_GetTick) for HAL_GetTick
    py32f072_hal_cortex.o(i.HAL_NVIC_SetPriority) refers to py32f072_hal_cortex.o(i.__NVIC_SetPriority) for __NVIC_SetPriority
    py32f072_hal_cortex.o(i.HAL_SYSTICK_Config) refers to py32f072_hal_cortex.o(i.__NVIC_SetPriority) for __NVIC_SetPriority
    py32f072_hal_cortex.o(i.HAL_SYSTICK_IRQHandler) refers to py32f072_hal_cortex.o(i.HAL_SYSTICK_Callback) for HAL_SYSTICK_Callback
    entry.o(.ARM.Collect$$$$00000000) refers (Special) to entry10a.o(.ARM.Collect$$$$0000000D) for __rt_final_cpp
    entry.o(.ARM.Collect$$$$00000000) refers (Special) to entry11a.o(.ARM.Collect$$$$0000000F) for __rt_final_exit
    entry.o(.ARM.Collect$$$$00000000) refers (Special) to entry7b.o(.ARM.Collect$$$$00000008) for _main_clock
    entry.o(.ARM.Collect$$$$00000000) refers (Special) to entry8b.o(.ARM.Collect$$$$0000000A) for _main_cpp_init
    entry.o(.ARM.Collect$$$$00000000) refers (Special) to entry9a.o(.ARM.Collect$$$$0000000B) for _main_init
    entry.o(.ARM.Collect$$$$00000000) refers (Special) to entry5.o(.ARM.Collect$$$$00000004) for _main_scatterload
    entry.o(.ARM.Collect$$$$00000000) refers (Special) to entry2.o(.ARM.Collect$$$$00000001) for _main_stk
    printfb.o(i.__0fprintf$bare) refers to printfb.o(i._printf_core) for _printf_core
    printfb.o(i.__0fprintf$bare) refers to py32f072xx_start_kit.o(i.fputc) for fputc
    printfb.o(i.__0printf$bare) refers to printfb.o(i._printf_core) for _printf_core
    printfb.o(i.__0printf$bare) refers to py32f072xx_start_kit.o(i.fputc) for fputc
    printfb.o(i.__0printf$bare) refers to stdout.o(.data) for __stdout
    printfb.o(i.__0snprintf$bare) refers to printfb.o(i._printf_core) for _printf_core
    printfb.o(i.__0snprintf$bare) refers to printfb.o(i._snputc) for _snputc
    printfb.o(i.__0sprintf$bare) refers to printfb.o(i._printf_core) for _printf_core
    printfb.o(i.__0sprintf$bare) refers to printfb.o(i._sputc) for _sputc
    printfb.o(i.__0vfprintf$bare) refers to printfb.o(i._printf_core) for _printf_core
    printfb.o(i.__0vfprintf$bare) refers to py32f072xx_start_kit.o(i.fputc) for fputc
    printfb.o(i.__0vprintf$bare) refers to printfb.o(i._printf_core) for _printf_core
    printfb.o(i.__0vprintf$bare) refers to py32f072xx_start_kit.o(i.fputc) for fputc
    printfb.o(i.__0vprintf$bare) refers to stdout.o(.data) for __stdout
    printfb.o(i.__0vsnprintf$bare) refers to printfb.o(i._printf_core) for _printf_core
    printfb.o(i.__0vsnprintf$bare) refers to printfb.o(i._snputc) for _snputc
    printfb.o(i.__0vsprintf$bare) refers to printfb.o(i._printf_core) for _printf_core
    printfb.o(i.__0vsprintf$bare) refers to printfb.o(i._sputc) for _sputc
    printf0.o(i.__0fprintf$0) refers to printf0.o(i._printf_core) for _printf_core
    printf0.o(i.__0fprintf$0) refers to py32f072xx_start_kit.o(i.fputc) for fputc
    printf0.o(i.__0printf$0) refers to printf0.o(i._printf_core) for _printf_core
    printf0.o(i.__0printf$0) refers to py32f072xx_start_kit.o(i.fputc) for fputc
    printf0.o(i.__0printf$0) refers to stdout.o(.data) for __stdout
    printf0.o(i.__0snprintf$0) refers to printf0.o(i._printf_core) for _printf_core
    printf0.o(i.__0snprintf$0) refers to printf0.o(i._snputc) for _snputc
    printf0.o(i.__0sprintf$0) refers to printf0.o(i._printf_core) for _printf_core
    printf0.o(i.__0sprintf$0) refers to printf0.o(i._sputc) for _sputc
    printf0.o(i.__0vfprintf$0) refers to printf0.o(i._printf_core) for _printf_core
    printf0.o(i.__0vfprintf$0) refers to py32f072xx_start_kit.o(i.fputc) for fputc
    printf0.o(i.__0vprintf$0) refers to printf0.o(i._printf_core) for _printf_core
    printf0.o(i.__0vprintf$0) refers to py32f072xx_start_kit.o(i.fputc) for fputc
    printf0.o(i.__0vprintf$0) refers to stdout.o(.data) for __stdout
    printf0.o(i.__0vsnprintf$0) refers to printf0.o(i._printf_core) for _printf_core
    printf0.o(i.__0vsnprintf$0) refers to printf0.o(i._snputc) for _snputc
    printf0.o(i.__0vsprintf$0) refers to printf0.o(i._printf_core) for _printf_core
    printf0.o(i.__0vsprintf$0) refers to printf0.o(i._sputc) for _sputc
    printf1.o(i.__0fprintf$1) refers to printf1.o(i._printf_core) for _printf_core
    printf1.o(i.__0fprintf$1) refers to py32f072xx_start_kit.o(i.fputc) for fputc
    printf1.o(i.__0printf$1) refers to printf1.o(i._printf_core) for _printf_core
    printf1.o(i.__0printf$1) refers to py32f072xx_start_kit.o(i.fputc) for fputc
    printf1.o(i.__0printf$1) refers to stdout.o(.data) for __stdout
    printf1.o(i.__0snprintf$1) refers to printf1.o(i._printf_core) for _printf_core
    printf1.o(i.__0snprintf$1) refers to printf1.o(i._snputc) for _snputc
    printf1.o(i.__0sprintf$1) refers to printf1.o(i._printf_core) for _printf_core
    printf1.o(i.__0sprintf$1) refers to printf1.o(i._sputc) for _sputc
    printf1.o(i.__0vfprintf$1) refers to printf1.o(i._printf_core) for _printf_core
    printf1.o(i.__0vfprintf$1) refers to py32f072xx_start_kit.o(i.fputc) for fputc
    printf1.o(i.__0vprintf$1) refers to printf1.o(i._printf_core) for _printf_core
    printf1.o(i.__0vprintf$1) refers to py32f072xx_start_kit.o(i.fputc) for fputc
    printf1.o(i.__0vprintf$1) refers to stdout.o(.data) for __stdout
    printf1.o(i.__0vsnprintf$1) refers to printf1.o(i._printf_core) for _printf_core
    printf1.o(i.__0vsnprintf$1) refers to printf1.o(i._snputc) for _snputc
    printf1.o(i.__0vsprintf$1) refers to printf1.o(i._printf_core) for _printf_core
    printf1.o(i.__0vsprintf$1) refers to printf1.o(i._sputc) for _sputc
    printf1.o(i._printf_core) refers to uidiv.o(.text) for __aeabi_uidivmod
    printf2.o(i.__0fprintf$2) refers to printf2.o(i._printf_core) for _printf_core
    printf2.o(i.__0fprintf$2) refers to py32f072xx_start_kit.o(i.fputc) for fputc
    printf2.o(i.__0printf$2) refers to printf2.o(i._printf_core) for _printf_core
    printf2.o(i.__0printf$2) refers to py32f072xx_start_kit.o(i.fputc) for fputc
    printf2.o(i.__0printf$2) refers to stdout.o(.data) for __stdout
    printf2.o(i.__0snprintf$2) refers to printf2.o(i._printf_core) for _printf_core
    printf2.o(i.__0snprintf$2) refers to printf2.o(i._snputc) for _snputc
    printf2.o(i.__0sprintf$2) refers to printf2.o(i._printf_core) for _printf_core
    printf2.o(i.__0sprintf$2) refers to printf2.o(i._sputc) for _sputc
    printf2.o(i.__0vfprintf$2) refers to printf2.o(i._printf_core) for _printf_core
    printf2.o(i.__0vfprintf$2) refers to py32f072xx_start_kit.o(i.fputc) for fputc
    printf2.o(i.__0vprintf$2) refers to printf2.o(i._printf_core) for _printf_core
    printf2.o(i.__0vprintf$2) refers to py32f072xx_start_kit.o(i.fputc) for fputc
    printf2.o(i.__0vprintf$2) refers to stdout.o(.data) for __stdout
    printf2.o(i.__0vsnprintf$2) refers to printf2.o(i._printf_core) for _printf_core
    printf2.o(i.__0vsnprintf$2) refers to printf2.o(i._snputc) for _snputc
    printf2.o(i.__0vsprintf$2) refers to printf2.o(i._printf_core) for _printf_core
    printf2.o(i.__0vsprintf$2) refers to printf2.o(i._sputc) for _sputc
    printf3.o(i.__0fprintf$3) refers to printf3.o(i._printf_core) for _printf_core
    printf3.o(i.__0fprintf$3) refers to py32f072xx_start_kit.o(i.fputc) for fputc
    printf3.o(i.__0printf$3) refers to printf3.o(i._printf_core) for _printf_core
    printf3.o(i.__0printf$3) refers to py32f072xx_start_kit.o(i.fputc) for fputc
    printf3.o(i.__0printf$3) refers to stdout.o(.data) for __stdout
    printf3.o(i.__0snprintf$3) refers to printf3.o(i._printf_core) for _printf_core
    printf3.o(i.__0snprintf$3) refers to printf3.o(i._snputc) for _snputc
    printf3.o(i.__0sprintf$3) refers to printf3.o(i._printf_core) for _printf_core
    printf3.o(i.__0sprintf$3) refers to printf3.o(i._sputc) for _sputc
    printf3.o(i.__0vfprintf$3) refers to printf3.o(i._printf_core) for _printf_core
    printf3.o(i.__0vfprintf$3) refers to py32f072xx_start_kit.o(i.fputc) for fputc
    printf3.o(i.__0vprintf$3) refers to printf3.o(i._printf_core) for _printf_core
    printf3.o(i.__0vprintf$3) refers to py32f072xx_start_kit.o(i.fputc) for fputc
    printf3.o(i.__0vprintf$3) refers to stdout.o(.data) for __stdout
    printf3.o(i.__0vsnprintf$3) refers to printf3.o(i._printf_core) for _printf_core
    printf3.o(i.__0vsnprintf$3) refers to printf3.o(i._snputc) for _snputc
    printf3.o(i.__0vsprintf$3) refers to printf3.o(i._printf_core) for _printf_core
    printf3.o(i.__0vsprintf$3) refers to printf3.o(i._sputc) for _sputc
    printf3.o(i._printf_core) refers to uidiv.o(.text) for __aeabi_uidivmod
    printf4.o(i.__0fprintf$4) refers to printf4.o(i._printf_core) for _printf_core
    printf4.o(i.__0fprintf$4) refers to py32f072xx_start_kit.o(i.fputc) for fputc
    printf4.o(i.__0printf$4) refers to printf4.o(i._printf_core) for _printf_core
    printf4.o(i.__0printf$4) refers to py32f072xx_start_kit.o(i.fputc) for fputc
    printf4.o(i.__0printf$4) refers to stdout.o(.data) for __stdout
    printf4.o(i.__0snprintf$4) refers to printf4.o(i._printf_core) for _printf_core
    printf4.o(i.__0snprintf$4) refers to printf4.o(i._snputc) for _snputc
    printf4.o(i.__0sprintf$4) refers to printf4.o(i._printf_core) for _printf_core
    printf4.o(i.__0sprintf$4) refers to printf4.o(i._sputc) for _sputc
    printf4.o(i.__0vfprintf$4) refers to printf4.o(i._printf_core) for _printf_core
    printf4.o(i.__0vfprintf$4) refers to py32f072xx_start_kit.o(i.fputc) for fputc
    printf4.o(i.__0vprintf$4) refers to printf4.o(i._printf_core) for _printf_core
    printf4.o(i.__0vprintf$4) refers to py32f072xx_start_kit.o(i.fputc) for fputc
    printf4.o(i.__0vprintf$4) refers to stdout.o(.data) for __stdout
    printf4.o(i.__0vsnprintf$4) refers to printf4.o(i._printf_core) for _printf_core
    printf4.o(i.__0vsnprintf$4) refers to printf4.o(i._snputc) for _snputc
    printf4.o(i.__0vsprintf$4) refers to printf4.o(i._printf_core) for _printf_core
    printf4.o(i.__0vsprintf$4) refers to printf4.o(i._sputc) for _sputc
    printf4.o(i._printf_core) refers to uldiv.o(.text) for __aeabi_uldivmod
    printf5.o(i.__0fprintf$5) refers to printf5.o(i._printf_core) for _printf_core
    printf5.o(i.__0fprintf$5) refers to py32f072xx_start_kit.o(i.fputc) for fputc
    printf5.o(i.__0printf$5) refers to printf5.o(i._printf_core) for _printf_core
    printf5.o(i.__0printf$5) refers to py32f072xx_start_kit.o(i.fputc) for fputc
    printf5.o(i.__0printf$5) refers to stdout.o(.data) for __stdout
    printf5.o(i.__0snprintf$5) refers to printf5.o(i._printf_core) for _printf_core
    printf5.o(i.__0snprintf$5) refers to printf5.o(i._snputc) for _snputc
    printf5.o(i.__0sprintf$5) refers to printf5.o(i._printf_core) for _printf_core
    printf5.o(i.__0sprintf$5) refers to printf5.o(i._sputc) for _sputc
    printf5.o(i.__0vfprintf$5) refers to printf5.o(i._printf_core) for _printf_core
    printf5.o(i.__0vfprintf$5) refers to py32f072xx_start_kit.o(i.fputc) for fputc
    printf5.o(i.__0vprintf$5) refers to printf5.o(i._printf_core) for _printf_core
    printf5.o(i.__0vprintf$5) refers to py32f072xx_start_kit.o(i.fputc) for fputc
    printf5.o(i.__0vprintf$5) refers to stdout.o(.data) for __stdout
    printf5.o(i.__0vsnprintf$5) refers to printf5.o(i._printf_core) for _printf_core
    printf5.o(i.__0vsnprintf$5) refers to printf5.o(i._snputc) for _snputc
    printf5.o(i.__0vsprintf$5) refers to printf5.o(i._printf_core) for _printf_core
    printf5.o(i.__0vsprintf$5) refers to printf5.o(i._sputc) for _sputc
    printf5.o(i._printf_core) refers to uldiv.o(.text) for __aeabi_uldivmod
    printf6.o(i.__0fprintf$6) refers to printf6.o(i._printf_core) for _printf_core
    printf6.o(i.__0fprintf$6) refers to py32f072xx_start_kit.o(i.fputc) for fputc
    printf6.o(i.__0printf$6) refers to printf6.o(i._printf_core) for _printf_core
    printf6.o(i.__0printf$6) refers to py32f072xx_start_kit.o(i.fputc) for fputc
    printf6.o(i.__0printf$6) refers to stdout.o(.data) for __stdout
    printf6.o(i.__0snprintf$6) refers to printf6.o(i._printf_core) for _printf_core
    printf6.o(i.__0snprintf$6) refers to printf6.o(i._snputc) for _snputc
    printf6.o(i.__0sprintf$6) refers to printf6.o(i._printf_core) for _printf_core
    printf6.o(i.__0sprintf$6) refers to printf6.o(i._sputc) for _sputc
    printf6.o(i.__0vfprintf$6) refers to printf6.o(i._printf_core) for _printf_core
    printf6.o(i.__0vfprintf$6) refers to py32f072xx_start_kit.o(i.fputc) for fputc
    printf6.o(i.__0vprintf$6) refers to printf6.o(i._printf_core) for _printf_core
    printf6.o(i.__0vprintf$6) refers to py32f072xx_start_kit.o(i.fputc) for fputc
    printf6.o(i.__0vprintf$6) refers to stdout.o(.data) for __stdout
    printf6.o(i.__0vsnprintf$6) refers to printf6.o(i._printf_core) for _printf_core
    printf6.o(i.__0vsnprintf$6) refers to printf6.o(i._snputc) for _snputc
    printf6.o(i.__0vsprintf$6) refers to printf6.o(i._printf_core) for _printf_core
    printf6.o(i.__0vsprintf$6) refers to printf6.o(i._sputc) for _sputc
    printf6.o(i._printf_core) refers to printf6.o(i._printf_pre_padding) for _printf_pre_padding
    printf6.o(i._printf_core) refers to printf6.o(i._printf_post_padding) for _printf_post_padding
    printf6.o(i._printf_core) refers to uidiv.o(.text) for __aeabi_uidivmod
    printf7.o(i.__0fprintf$7) refers to printf7.o(i._printf_core) for _printf_core
    printf7.o(i.__0fprintf$7) refers to py32f072xx_start_kit.o(i.fputc) for fputc
    printf7.o(i.__0printf$7) refers to printf7.o(i._printf_core) for _printf_core
    printf7.o(i.__0printf$7) refers to py32f072xx_start_kit.o(i.fputc) for fputc
    printf7.o(i.__0printf$7) refers to stdout.o(.data) for __stdout
    printf7.o(i.__0snprintf$7) refers to printf7.o(i._printf_core) for _printf_core
    printf7.o(i.__0snprintf$7) refers to printf7.o(i._snputc) for _snputc
    printf7.o(i.__0sprintf$7) refers to printf7.o(i._printf_core) for _printf_core
    printf7.o(i.__0sprintf$7) refers to printf7.o(i._sputc) for _sputc
    printf7.o(i.__0vfprintf$7) refers to printf7.o(i._printf_core) for _printf_core
    printf7.o(i.__0vfprintf$7) refers to py32f072xx_start_kit.o(i.fputc) for fputc
    printf7.o(i.__0vprintf$7) refers to printf7.o(i._printf_core) for _printf_core
    printf7.o(i.__0vprintf$7) refers to py32f072xx_start_kit.o(i.fputc) for fputc
    printf7.o(i.__0vprintf$7) refers to stdout.o(.data) for __stdout
    printf7.o(i.__0vsnprintf$7) refers to printf7.o(i._printf_core) for _printf_core
    printf7.o(i.__0vsnprintf$7) refers to printf7.o(i._snputc) for _snputc
    printf7.o(i.__0vsprintf$7) refers to printf7.o(i._printf_core) for _printf_core
    printf7.o(i.__0vsprintf$7) refers to printf7.o(i._sputc) for _sputc
    printf7.o(i._printf_core) refers to printf7.o(i._printf_pre_padding) for _printf_pre_padding
    printf7.o(i._printf_core) refers to printf7.o(i._printf_post_padding) for _printf_post_padding
    printf7.o(i._printf_core) refers to uldiv.o(.text) for __aeabi_uldivmod
    printf8.o(i.__0fprintf$8) refers to printf8.o(i._printf_core) for _printf_core
    printf8.o(i.__0fprintf$8) refers to py32f072xx_start_kit.o(i.fputc) for fputc
    printf8.o(i.__0printf$8) refers to printf8.o(i._printf_core) for _printf_core
    printf8.o(i.__0printf$8) refers to py32f072xx_start_kit.o(i.fputc) for fputc
    printf8.o(i.__0printf$8) refers to stdout.o(.data) for __stdout
    printf8.o(i.__0snprintf$8) refers to printf8.o(i._printf_core) for _printf_core
    printf8.o(i.__0snprintf$8) refers to printf8.o(i._snputc) for _snputc
    printf8.o(i.__0sprintf$8) refers to printf8.o(i._printf_core) for _printf_core
    printf8.o(i.__0sprintf$8) refers to printf8.o(i._sputc) for _sputc
    printf8.o(i.__0vfprintf$8) refers to printf8.o(i._printf_core) for _printf_core
    printf8.o(i.__0vfprintf$8) refers to py32f072xx_start_kit.o(i.fputc) for fputc
    printf8.o(i.__0vprintf$8) refers to printf8.o(i._printf_core) for _printf_core
    printf8.o(i.__0vprintf$8) refers to py32f072xx_start_kit.o(i.fputc) for fputc
    printf8.o(i.__0vprintf$8) refers to stdout.o(.data) for __stdout
    printf8.o(i.__0vsnprintf$8) refers to printf8.o(i._printf_core) for _printf_core
    printf8.o(i.__0vsnprintf$8) refers to printf8.o(i._snputc) for _snputc
    printf8.o(i.__0vsprintf$8) refers to printf8.o(i._printf_core) for _printf_core
    printf8.o(i.__0vsprintf$8) refers to printf8.o(i._sputc) for _sputc
    printf8.o(i._printf_core) refers to printf8.o(i._printf_pre_padding) for _printf_pre_padding
    printf8.o(i._printf_core) refers to printf8.o(i._printf_post_padding) for _printf_post_padding
    printf8.o(i._printf_core) refers to uldiv.o(.text) for __aeabi_uldivmod
    printfa.o(i.__0fprintf) refers (Special) to iusefp.o(.text) for __I$use$fp
    printfa.o(i.__0fprintf) refers to printfa.o(i._printf_core) for _printf_core
    printfa.o(i.__0fprintf) refers to py32f072xx_start_kit.o(i.fputc) for fputc
    printfa.o(i.__0printf) refers (Special) to iusefp.o(.text) for __I$use$fp
    printfa.o(i.__0printf) refers to printfa.o(i._printf_core) for _printf_core
    printfa.o(i.__0printf) refers to py32f072xx_start_kit.o(i.fputc) for fputc
    printfa.o(i.__0printf) refers to stdout.o(.data) for __stdout
    printfa.o(i.__0snprintf) refers (Special) to iusefp.o(.text) for __I$use$fp
    printfa.o(i.__0snprintf) refers to printfa.o(i._printf_core) for _printf_core
    printfa.o(i.__0snprintf) refers to printfa.o(i._snputc) for _snputc
    printfa.o(i.__0sprintf) refers (Special) to iusefp.o(.text) for __I$use$fp
    printfa.o(i.__0sprintf) refers to printfa.o(i._printf_core) for _printf_core
    printfa.o(i.__0sprintf) refers to printfa.o(i._sputc) for _sputc
    printfa.o(i.__0vfprintf) refers (Special) to iusefp.o(.text) for __I$use$fp
    printfa.o(i.__0vfprintf) refers to printfa.o(i._printf_core) for _printf_core
    printfa.o(i.__0vfprintf) refers to py32f072xx_start_kit.o(i.fputc) for fputc
    printfa.o(i.__0vprintf) refers (Special) to iusefp.o(.text) for __I$use$fp
    printfa.o(i.__0vprintf) refers to printfa.o(i._printf_core) for _printf_core
    printfa.o(i.__0vprintf) refers to py32f072xx_start_kit.o(i.fputc) for fputc
    printfa.o(i.__0vprintf) refers to stdout.o(.data) for __stdout
    printfa.o(i.__0vsnprintf) refers (Special) to iusefp.o(.text) for __I$use$fp
    printfa.o(i.__0vsnprintf) refers to printfa.o(i._printf_core) for _printf_core
    printfa.o(i.__0vsnprintf) refers to printfa.o(i._snputc) for _snputc
    printfa.o(i.__0vsprintf) refers (Special) to iusefp.o(.text) for __I$use$fp
    printfa.o(i.__0vsprintf) refers to printfa.o(i._printf_core) for _printf_core
    printfa.o(i.__0vsprintf) refers to printfa.o(i._sputc) for _sputc
    printfa.o(i._fp_digits) refers (Special) to iusefp.o(.text) for __I$use$fp
    printfa.o(i._fp_digits) refers to dmul.o(.text) for __aeabi_dmul
    printfa.o(i._fp_digits) refers to ddiv.o(.text) for __aeabi_ddiv
    printfa.o(i._fp_digits) refers to cdrcmple.o(.text) for __aeabi_cdrcmple
    printfa.o(i._fp_digits) refers to dadd.o(.text) for __aeabi_dadd
    printfa.o(i._fp_digits) refers to dfixul.o(.text) for __aeabi_d2ulz
    printfa.o(i._fp_digits) refers to uldiv.o(.text) for __aeabi_uldivmod
    printfa.o(i._printf_core) refers (Special) to iusefp.o(.text) for __I$use$fp
    printfa.o(i._printf_core) refers to printfa.o(i._printf_pre_padding) for _printf_pre_padding
    printfa.o(i._printf_core) refers to uldiv.o(.text) for __aeabi_uldivmod
    printfa.o(i._printf_core) refers to printfa.o(i._printf_post_padding) for _printf_post_padding
    printfa.o(i._printf_core) refers to printfa.o(i._fp_digits) for _fp_digits
    printfa.o(i._printf_core) refers to uidiv.o(.text) for __aeabi_uidivmod
    printfa.o(i._printf_post_padding) refers (Special) to iusefp.o(.text) for __I$use$fp
    printfa.o(i._printf_pre_padding) refers (Special) to iusefp.o(.text) for __I$use$fp
    printfa.o(i._snputc) refers (Special) to iusefp.o(.text) for __I$use$fp
    printfa.o(i._sputc) refers (Special) to iusefp.o(.text) for __I$use$fp
    entry2.o(.ARM.Collect$$$$00000001) refers to entry2.o(.ARM.Collect$$$$00002712) for __lit__00000000
    entry2.o(.ARM.Collect$$$$00002712) refers to startup_py32f072xx.o(STACK) for __initial_sp
    entry2.o(__vectab_stack_and_reset_area) refers to startup_py32f072xx.o(STACK) for __initial_sp
    entry2.o(__vectab_stack_and_reset_area) refers to entry.o(.ARM.Collect$$$$00000000) for __main
    entry5.o(.ARM.Collect$$$$00000004) refers to init.o(.text) for __scatterload
    entry9a.o(.ARM.Collect$$$$0000000B) refers to main.o(i.main) for main
    entry9b.o(.ARM.Collect$$$$0000000C) refers to main.o(i.main) for main
    uldiv.o(.text) refers to llushr.o(.text) for __aeabi_llsr
    uldiv.o(.text) refers to llshl.o(.text) for __aeabi_llsl
    dadd.o(.text) refers to llshl.o(.text) for __aeabi_llsl
    dadd.o(.text) refers to llsshr.o(.text) for __aeabi_lasr
    dadd.o(.text) refers to depilogue.o(.text) for _double_epilogue
    dmul.o(.text) refers to depilogue.o(.text) for _double_epilogue
    ddiv.o(.text) refers to depilogue.o(.text) for _double_round
    dfixul.o(.text) refers to llushr.o(.text) for __aeabi_llsr
    dfixul.o(.text) refers to llshl.o(.text) for __aeabi_llsl
    init.o(.text) refers to entry5.o(.ARM.Collect$$$$00000004) for __main_after_scatterload
    depilogue.o(.text) refers to depilogue.o(i.__ARM_clz) for __ARM_clz
    depilogue.o(.text) refers to llshl.o(.text) for __aeabi_llsl
    depilogue.o(.text) refers to llushr.o(.text) for __aeabi_llsr


==============================================================================

Removing Unused input sections from the image.

    Removing startup_py32f072xx.o(HEAP), (512 bytes).
    Removing system_py32f072.o(.rev16_text), (4 bytes).
    Removing system_py32f072.o(.revsh_text), (4 bytes).
    Removing system_py32f072.o(i.SystemCoreClockUpdate), (236 bytes).
    Removing main.o(.rev16_text), (4 bytes).
    Removing main.o(.revsh_text), (4 bytes).
    Removing py32f072_hal_msp.o(.rev16_text), (4 bytes).
    Removing py32f072_hal_msp.o(.revsh_text), (4 bytes).
    Removing py32f072_it.o(.rev16_text), (4 bytes).
    Removing py32f072_it.o(.revsh_text), (4 bytes).
    Removing py32f072xx_start_kit.o(.rev16_text), (4 bytes).
    Removing py32f072xx_start_kit.o(.revsh_text), (4 bytes).
    Removing py32f072xx_start_kit.o(i.BSP_GetVersion), (6 bytes).
    Removing py32f072xx_start_kit.o(i.BSP_LED_DeInit), (56 bytes).
    Removing py32f072xx_start_kit.o(i.BSP_LED_Init), (104 bytes).
    Removing py32f072xx_start_kit.o(i.BSP_LED_Off), (32 bytes).
    Removing py32f072xx_start_kit.o(i.BSP_LED_On), (32 bytes).
    Removing py32f072xx_start_kit.o(i.BSP_LED_Toggle), (32 bytes).
    Removing py32f072xx_start_kit.o(i.BSP_PB_DeInit), (52 bytes).
    Removing py32f072xx_start_kit.o(i.BSP_PB_GetState), (32 bytes).
    Removing py32f072xx_start_kit.o(i.BSP_PB_Init), (148 bytes).
    Removing py32f072xx_start_kit.o(i.BSP_USART_Config), (228 bytes).
    Removing py32f072xx_start_kit.o(i.fgetc), (28 bytes).
    Removing py32f072xx_start_kit.o(.constdata), (5 bytes).
    Removing py32f072xx_start_kit.o(.data), (8 bytes).
    Removing py32f072_hal.o(.rev16_text), (4 bytes).
    Removing py32f072_hal.o(.revsh_text), (4 bytes).
    Removing py32f072_hal.o(i.HAL_DBGMCU_DisableDBGMCUSleepMode), (20 bytes).
    Removing py32f072_hal.o(i.HAL_DBGMCU_DisableDBGMCUStopMode), (20 bytes).
    Removing py32f072_hal.o(i.HAL_DBGMCU_EnableDBGMCUSleepMode), (20 bytes).
    Removing py32f072_hal.o(i.HAL_DBGMCU_EnableDBGMCUStopMode), (20 bytes).
    Removing py32f072_hal.o(i.HAL_DeInit), (52 bytes).
    Removing py32f072_hal.o(i.HAL_GetHalVersion), (6 bytes).
    Removing py32f072_hal.o(i.HAL_GetREVID), (12 bytes).
    Removing py32f072_hal.o(i.HAL_GetTickFreq), (12 bytes).
    Removing py32f072_hal.o(i.HAL_GetTickPrio), (12 bytes).
    Removing py32f072_hal.o(i.HAL_GetUIDw0), (12 bytes).
    Removing py32f072_hal.o(i.HAL_GetUIDw1), (12 bytes).
    Removing py32f072_hal.o(i.HAL_GetUIDw2), (12 bytes).
    Removing py32f072_hal.o(i.HAL_MspDeInit), (2 bytes).
    Removing py32f072_hal.o(i.HAL_MspInit), (2 bytes).
    Removing py32f072_hal.o(i.HAL_ResumeTick), (20 bytes).
    Removing py32f072_hal.o(i.HAL_SYSCFG_DisableGPIONoiseFilter), (92 bytes).
    Removing py32f072_hal.o(i.HAL_SYSCFG_EnableGPIONoiseFilter), (92 bytes).
    Removing py32f072_hal.o(i.HAL_SYSCFG_TIM1ETRSource), (24 bytes).
    Removing py32f072_hal.o(i.HAL_SYSCFG_TIM1IC1Source), (20 bytes).
    Removing py32f072_hal.o(i.HAL_SYSCFG_TIM2ETRSource), (24 bytes).
    Removing py32f072_hal.o(i.HAL_SYSCFG_TIM2IC4Source), (20 bytes).
    Removing py32f072_hal.o(i.HAL_SYSCFG_TIM3ETRSource), (24 bytes).
    Removing py32f072_hal.o(i.HAL_SYSCFG_TIM3IC1Source), (20 bytes).
    Removing py32f072_hal.o(i.HAL_SetTickFreq), (44 bytes).
    Removing py32f072_hal.o(i.HAL_SuspendTick), (20 bytes).
    Removing py32f072_hal_rcc.o(.rev16_text), (4 bytes).
    Removing py32f072_hal_rcc.o(.revsh_text), (4 bytes).
    Removing py32f072_hal_rcc.o(i.HAL_RCC_CSSCallback), (2 bytes).
    Removing py32f072_hal_rcc.o(i.HAL_RCC_ClockConfig), (468 bytes).
    Removing py32f072_hal_rcc.o(i.HAL_RCC_DeInit), (236 bytes).
    Removing py32f072_hal_rcc.o(i.HAL_RCC_DisableLSECSS), (20 bytes).
    Removing py32f072_hal_rcc.o(i.HAL_RCC_EnableCSS), (20 bytes).
    Removing py32f072_hal_rcc.o(i.HAL_RCC_EnableLSECSS), (20 bytes).
    Removing py32f072_hal_rcc.o(i.HAL_RCC_GetClockConfig), (60 bytes).
    Removing py32f072_hal_rcc.o(i.HAL_RCC_GetOscConfig), (232 bytes).
    Removing py32f072_hal_rcc.o(i.HAL_RCC_GetSysClockFreq), (252 bytes).
    Removing py32f072_hal_rcc.o(i.HAL_RCC_LSECSSCallback), (2 bytes).
    Removing py32f072_hal_rcc.o(i.HAL_RCC_MCOConfig), (268 bytes).
    Removing py32f072_hal_rcc.o(i.HAL_RCC_NMI_IRQHandler), (48 bytes).
    Removing py32f072_hal_rcc.o(i.HAL_RCC_OscConfig), (1580 bytes).
    Removing py32f072_hal_rcc.o(i.RCC_GetHSIFreq), (28 bytes).
    Removing py32f072_hal_rcc.o(.constdata), (52 bytes).
    Removing py32f072_hal_rcc_ex.o(.rev16_text), (4 bytes).
    Removing py32f072_hal_rcc_ex.o(.revsh_text), (4 bytes).
    Removing py32f072_hal_rcc_ex.o(i.HAL_RCCEx_DisableLSCO), (120 bytes).
    Removing py32f072_hal_rcc_ex.o(i.HAL_RCCEx_EnableLSCO), (132 bytes).
    Removing py32f072_hal_rcc_ex.o(i.HAL_RCCEx_GetPeriphCLKConfig), (168 bytes).
    Removing py32f072_hal_rcc_ex.o(i.HAL_RCCEx_GetPeriphCLKFreq), (960 bytes).
    Removing py32f072_hal_rcc_ex.o(i.HAL_RCCEx_PeriphCLKConfig), (520 bytes).
    Removing py32f072_hal_rcc_ex.o(.constdata), (20 bytes).
    Removing py32f072_hal_gpio.o(.rev16_text), (4 bytes).
    Removing py32f072_hal_gpio.o(.revsh_text), (4 bytes).
    Removing py32f072_hal_gpio.o(i.HAL_GPIO_DeInit), (256 bytes).
    Removing py32f072_hal_gpio.o(i.HAL_GPIO_EXTI_Callback), (2 bytes).
    Removing py32f072_hal_gpio.o(i.HAL_GPIO_EXTI_IRQHandler), (32 bytes).
    Removing py32f072_hal_gpio.o(i.HAL_GPIO_LockPin), (50 bytes).
    Removing py32f072_hal_gpio.o(i.HAL_GPIO_ReadPin), (18 bytes).
    Removing py32f072_hal_gpio.o(i.HAL_GPIO_TogglePin), (16 bytes).
    Removing py32f072_hal_gpio.o(i.HAL_GPIO_WritePin), (12 bytes).
    Removing py32f072_hal_dma.o(.rev16_text), (4 bytes).
    Removing py32f072_hal_dma.o(.revsh_text), (4 bytes).
    Removing py32f072_hal_dma.o(i.DMA_SetConfig), (42 bytes).
    Removing py32f072_hal_dma.o(i.HAL_DMA_Abort), (84 bytes).
    Removing py32f072_hal_dma.o(i.HAL_DMA_ChannelMap), (128 bytes).
    Removing py32f072_hal_dma.o(i.HAL_DMA_DeInit), (108 bytes).
    Removing py32f072_hal_dma.o(i.HAL_DMA_GetError), (6 bytes).
    Removing py32f072_hal_dma.o(i.HAL_DMA_GetState), (8 bytes).
    Removing py32f072_hal_dma.o(i.HAL_DMA_IRQHandler), (420 bytes).
    Removing py32f072_hal_dma.o(i.HAL_DMA_Init), (112 bytes).
    Removing py32f072_hal_dma.o(i.HAL_DMA_PollForTransfer), (688 bytes).
    Removing py32f072_hal_dma.o(i.HAL_DMA_RegisterCallback), (92 bytes).
    Removing py32f072_hal_dma.o(i.HAL_DMA_Start), (110 bytes).
    Removing py32f072_hal_dma.o(i.HAL_DMA_Start_IT), (154 bytes).
    Removing py32f072_hal_dma.o(i.HAL_DMA_UnRegisterCallback), (108 bytes).
    Removing py32f072_hal_pwr.o(.rev16_text), (4 bytes).
    Removing py32f072_hal_pwr.o(.revsh_text), (4 bytes).
    Removing py32f072_hal_pwr.o(i.HAL_PWR_ConfigBIAS), (60 bytes).
    Removing py32f072_hal_pwr.o(i.HAL_PWR_ConfigPVD), (204 bytes).
    Removing py32f072_hal_pwr.o(i.HAL_PWR_ConfigStopMode), (40 bytes).
    Removing py32f072_hal_pwr.o(i.HAL_PWR_DeInit), (32 bytes).
    Removing py32f072_hal_pwr.o(i.HAL_PWR_DisableBkUpAccess), (20 bytes).
    Removing py32f072_hal_pwr.o(i.HAL_PWR_DisablePVD), (20 bytes).
    Removing py32f072_hal_pwr.o(i.HAL_PWR_DisableSEVOnPend), (20 bytes).
    Removing py32f072_hal_pwr.o(i.HAL_PWR_DisableSleepOnExit), (20 bytes).
    Removing py32f072_hal_pwr.o(i.HAL_PWR_EnableBkUpAccess), (20 bytes).
    Removing py32f072_hal_pwr.o(i.HAL_PWR_EnablePVD), (20 bytes).
    Removing py32f072_hal_pwr.o(i.HAL_PWR_EnableSEVOnPend), (20 bytes).
    Removing py32f072_hal_pwr.o(i.HAL_PWR_EnableSleepOnExit), (20 bytes).
    Removing py32f072_hal_pwr.o(i.HAL_PWR_EnterSLEEPMode), (32 bytes).
    Removing py32f072_hal_pwr.o(i.HAL_PWR_EnterSTOPMode), (84 bytes).
    Removing py32f072_hal_pwr.o(i.HAL_PWR_PVD_Callback), (2 bytes).
    Removing py32f072_hal_pwr.o(i.HAL_PWR_PVD_IRQHandler), (32 bytes).
    Removing py32f072_hal_uart.o(.rev16_text), (4 bytes).
    Removing py32f072_hal_uart.o(.revsh_text), (4 bytes).
    Removing py32f072_hal_uart.o(i.HAL_HalfDuplex_EnableReceiver), (72 bytes).
    Removing py32f072_hal_uart.o(i.HAL_HalfDuplex_EnableTransmitter), (72 bytes).
    Removing py32f072_hal_uart.o(i.HAL_HalfDuplex_Init), (128 bytes).
    Removing py32f072_hal_uart.o(i.HAL_LIN_Init), (162 bytes).
    Removing py32f072_hal_uart.o(i.HAL_LIN_SendBreak), (62 bytes).
    Removing py32f072_hal_uart.o(i.HAL_MultiProcessor_EnterMuteMode), (62 bytes).
    Removing py32f072_hal_uart.o(i.HAL_MultiProcessor_ExitMuteMode), (62 bytes).
    Removing py32f072_hal_uart.o(i.HAL_MultiProcessor_Init), (166 bytes).
    Removing py32f072_hal_uart.o(i.HAL_UART_Abort), (176 bytes).
    Removing py32f072_hal_uart.o(i.HAL_UART_AbortCpltCallback), (2 bytes).
    Removing py32f072_hal_uart.o(i.HAL_UART_AbortReceive), (106 bytes).
    Removing py32f072_hal_uart.o(i.HAL_UART_AbortReceiveCpltCallback), (2 bytes).
    Removing py32f072_hal_uart.o(i.HAL_UART_AbortReceive_IT), (124 bytes).
    Removing py32f072_hal_uart.o(i.HAL_UART_AbortTransmit), (92 bytes).
    Removing py32f072_hal_uart.o(i.HAL_UART_AbortTransmitCpltCallback), (2 bytes).
    Removing py32f072_hal_uart.o(i.HAL_UART_AbortTransmit_IT), (112 bytes).
    Removing py32f072_hal_uart.o(i.HAL_UART_Abort_IT), (232 bytes).
    Removing py32f072_hal_uart.o(i.HAL_UART_DMAPause), (130 bytes).
    Removing py32f072_hal_uart.o(i.HAL_UART_DMAResume), (128 bytes).
    Removing py32f072_hal_uart.o(i.HAL_UART_DMAStop), (110 bytes).
    Removing py32f072_hal_uart.o(i.HAL_UART_DeInit), (64 bytes).
    Removing py32f072_hal_uart.o(i.HAL_UART_ErrorCallback), (2 bytes).
    Removing py32f072_hal_uart.o(i.HAL_UART_GetError), (6 bytes).
    Removing py32f072_hal_uart.o(i.HAL_UART_GetState), (20 bytes).
    Removing py32f072_hal_uart.o(i.HAL_UART_MspDeInit), (2 bytes).
    Removing py32f072_hal_uart.o(i.HAL_UART_MspInit), (2 bytes).
    Removing py32f072_hal_uart.o(i.HAL_UART_Receive), (228 bytes).
    Removing py32f072_hal_uart.o(i.HAL_UART_Receive_DMA), (220 bytes).
    Removing py32f072_hal_uart.o(i.HAL_UART_RxCpltCallback), (2 bytes).
    Removing py32f072_hal_uart.o(i.HAL_UART_RxHalfCpltCallback), (2 bytes).
    Removing py32f072_hal_uart.o(i.HAL_UART_Transmit_DMA), (160 bytes).
    Removing py32f072_hal_uart.o(i.HAL_UART_TxCpltCallback), (2 bytes).
    Removing py32f072_hal_uart.o(i.HAL_UART_TxHalfCpltCallback), (2 bytes).
    Removing py32f072_hal_uart.o(i.UART_DMAError), (88 bytes).
    Removing py32f072_hal_uart.o(i.UART_DMAReceiveCplt), (70 bytes).
    Removing py32f072_hal_uart.o(i.UART_DMARxAbortCallback), (56 bytes).
    Removing py32f072_hal_uart.o(i.UART_DMARxHalfCplt), (14 bytes).
    Removing py32f072_hal_uart.o(i.UART_DMARxOnlyAbortCallback), (24 bytes).
    Removing py32f072_hal_uart.o(i.UART_DMATransmitCplt), (54 bytes).
    Removing py32f072_hal_uart.o(i.UART_DMATxAbortCallback), (56 bytes).
    Removing py32f072_hal_uart.o(i.UART_DMATxHalfCplt), (14 bytes).
    Removing py32f072_hal_uart.o(i.UART_DMATxOnlyAbortCallback), (24 bytes).
    Removing py32f072_hal_uart.o(i.UART_EndTxTransfer), (20 bytes).
    Removing py32f072_hal_cortex.o(.rev16_text), (4 bytes).
    Removing py32f072_hal_cortex.o(.revsh_text), (4 bytes).
    Removing py32f072_hal_cortex.o(i.HAL_NVIC_ClearPendingIRQ), (28 bytes).
    Removing py32f072_hal_cortex.o(i.HAL_NVIC_DisableIRQ), (36 bytes).
    Removing py32f072_hal_cortex.o(i.HAL_NVIC_GetPendingIRQ), (48 bytes).
    Removing py32f072_hal_cortex.o(i.HAL_NVIC_GetPriority), (72 bytes).
    Removing py32f072_hal_cortex.o(i.HAL_NVIC_SetPendingIRQ), (28 bytes).
    Removing py32f072_hal_cortex.o(i.HAL_NVIC_SystemReset), (32 bytes).
    Removing py32f072_hal_cortex.o(i.HAL_SYSTICK_CLKSourceConfig), (36 bytes).
    Removing py32f072_hal_cortex.o(i.HAL_SYSTICK_Callback), (2 bytes).
    Removing py32f072_hal_cortex.o(i.HAL_SYSTICK_IRQHandler), (8 bytes).
    Removing dadd.o(.text), (356 bytes).
    Removing dmul.o(.text), (208 bytes).
    Removing ddiv.o(.text), (240 bytes).
    Removing dfixul.o(.text), (64 bytes).
    Removing cdrcmple.o(.text), (40 bytes).
    Removing depilogue.o(.text), (190 bytes).
    Removing py32f072_hal_dma.o(i.__ARM_common_switch8), (28 bytes).
    Removing depilogue.o(i.__ARM_clz), (46 bytes).

183 unused section(s) (total 15125 bytes) removed from the image.

==============================================================================

Image Symbol Table

    Local Symbols

    Symbol Name                              Value     Ov Type        Size  Object(Section)

    ../clib/microlib/division.c              0x00000000   Number         0  uldiv.o ABSOLUTE
    ../clib/microlib/division.c              0x00000000   Number         0  uidiv.o ABSOLUTE
    ../clib/microlib/init/entry.s            0x00000000   Number         0  entry7b.o ABSOLUTE
    ../clib/microlib/init/entry.s            0x00000000   Number         0  entry7a.o ABSOLUTE
    ../clib/microlib/init/entry.s            0x00000000   Number         0  entry11b.o ABSOLUTE
    ../clib/microlib/init/entry.s            0x00000000   Number         0  entry5.o ABSOLUTE
    ../clib/microlib/init/entry.s            0x00000000   Number         0  entry2.o ABSOLUTE
    ../clib/microlib/init/entry.s            0x00000000   Number         0  entry8a.o ABSOLUTE
    ../clib/microlib/init/entry.s            0x00000000   Number         0  entry11a.o ABSOLUTE
    ../clib/microlib/init/entry.s            0x00000000   Number         0  entry.o ABSOLUTE
    ../clib/microlib/init/entry.s            0x00000000   Number         0  entry10a.o ABSOLUTE
    ../clib/microlib/init/entry.s            0x00000000   Number         0  entry10b.o ABSOLUTE
    ../clib/microlib/init/entry.s            0x00000000   Number         0  entry9b.o ABSOLUTE
    ../clib/microlib/init/entry.s            0x00000000   Number         0  entry9a.o ABSOLUTE
    ../clib/microlib/init/entry.s            0x00000000   Number         0  entry8b.o ABSOLUTE
    ../clib/microlib/longlong.c              0x00000000   Number         0  llshl.o ABSOLUTE
    ../clib/microlib/longlong.c              0x00000000   Number         0  llsshr.o ABSOLUTE
    ../clib/microlib/longlong.c              0x00000000   Number         0  llushr.o ABSOLUTE
    ../clib/microlib/printf/printf.c         0x00000000   Number         0  printf5.o ABSOLUTE
    ../clib/microlib/printf/printf.c         0x00000000   Number         0  printf4.o ABSOLUTE
    ../clib/microlib/printf/printf.c         0x00000000   Number         0  printf3.o ABSOLUTE
    ../clib/microlib/printf/printf.c         0x00000000   Number         0  printf2.o ABSOLUTE
    ../clib/microlib/printf/printf.c         0x00000000   Number         0  printf1.o ABSOLUTE
    ../clib/microlib/printf/printf.c         0x00000000   Number         0  printfb.o ABSOLUTE
    ../clib/microlib/printf/printf.c         0x00000000   Number         0  printf0.o ABSOLUTE
    ../clib/microlib/printf/printf.c         0x00000000   Number         0  printf6.o ABSOLUTE
    ../clib/microlib/printf/printf.c         0x00000000   Number         0  printfa.o ABSOLUTE
    ../clib/microlib/printf/printf.c         0x00000000   Number         0  printf8.o ABSOLUTE
    ../clib/microlib/printf/printf.c         0x00000000   Number         0  printf7.o ABSOLUTE
    ../clib/microlib/printf/stubs.s          0x00000000   Number         0  stubs.o ABSOLUTE
    ../clib/microlib/stdio/setvbuf.c         0x00000000   Number         0  setvbuf.o ABSOLUTE
    ../clib/microlib/stdio/streams.c         0x00000000   Number         0  stdout.o ABSOLUTE
    ../clib/microlib/string/memcpy.c         0x00000000   Number         0  memcpyb.o ABSOLUTE
    ../clib/microlib/string/memcpy.c         0x00000000   Number         0  memcpya.o ABSOLUTE
    ../clib/microlib/string/memset.c         0x00000000   Number         0  memseta.o ABSOLUTE
    ../clib/microlib/stubs.s                 0x00000000   Number         0  iusefp.o ABSOLUTE
    ../fplib/microlib/fpadd.c                0x00000000   Number         0  dadd.o ABSOLUTE
    ../fplib/microlib/fpdiv.c                0x00000000   Number         0  ddiv.o ABSOLUTE
    ../fplib/microlib/fpepilogue.c           0x00000000   Number         0  depilogue.o ABSOLUTE
    ../fplib/microlib/fpfix.c                0x00000000   Number         0  dfixul.o ABSOLUTE
    ../fplib/microlib/fpmul.c                0x00000000   Number         0  dmul.o ABSOLUTE
    ..\..\..\..\..\..\Drivers\BSP\py32f072xx_Start_Kit\py32f072xx_Start_Kit.c 0x00000000   Number         0  py32f072xx_start_kit.o ABSOLUTE
    ..\..\..\..\..\..\Drivers\PY32F072_HAL_Driver\Src\py32f072_hal.c 0x00000000   Number         0  py32f072_hal.o ABSOLUTE
    ..\..\..\..\..\..\drivers\PY32F072_HAL_Driver\src\py32f072_hal_cortex.c 0x00000000   Number         0  py32f072_hal_cortex.o ABSOLUTE
    ..\..\..\..\..\..\drivers\PY32F072_HAL_Driver\src\py32f072_hal_dma.c 0x00000000   Number         0  py32f072_hal_dma.o ABSOLUTE
    ..\..\..\..\..\..\drivers\PY32F072_HAL_Driver\src\py32f072_hal_gpio.c 0x00000000   Number         0  py32f072_hal_gpio.o ABSOLUTE
    ..\..\..\..\..\..\drivers\PY32F072_HAL_Driver\src\py32f072_hal_pwr.c 0x00000000   Number         0  py32f072_hal_pwr.o ABSOLUTE
    ..\..\..\..\..\..\drivers\PY32F072_HAL_Driver\src\py32f072_hal_rcc.c 0x00000000   Number         0  py32f072_hal_rcc.o ABSOLUTE
    ..\..\..\..\..\..\drivers\PY32F072_HAL_Driver\src\py32f072_hal_rcc_ex.c 0x00000000   Number         0  py32f072_hal_rcc_ex.o ABSOLUTE
    ..\..\..\..\..\..\drivers\PY32F072_HAL_Driver\src\py32f072_hal_uart.c 0x00000000   Number         0  py32f072_hal_uart.o ABSOLUTE
    ..\Src\main.c                            0x00000000   Number         0  main.o ABSOLUTE
    ..\Src\py32f072_hal_msp.c                0x00000000   Number         0  py32f072_hal_msp.o ABSOLUTE
    ..\Src\py32f072_it.c                     0x00000000   Number         0  py32f072_it.o ABSOLUTE
    ..\Src\system_py32f072.c                 0x00000000   Number         0  system_py32f072.o ABSOLUTE
    ..\\..\\..\\..\\..\\..\\Drivers\\BSP\\py32f072xx_Start_Kit\\py32f072xx_Start_Kit.c 0x00000000   Number         0  py32f072xx_start_kit.o ABSOLUTE
    ..\\..\\..\\..\\..\\..\\Drivers\\PY32F072_HAL_Driver\\Src\\py32f072_hal.c 0x00000000   Number         0  py32f072_hal.o ABSOLUTE
    ..\\..\\..\\..\\..\\..\\drivers\\PY32F072_HAL_Driver\\src\\py32f072_hal_cortex.c 0x00000000   Number         0  py32f072_hal_cortex.o ABSOLUTE
    ..\\..\\..\\..\\..\\..\\drivers\\PY32F072_HAL_Driver\\src\\py32f072_hal_dma.c 0x00000000   Number         0  py32f072_hal_dma.o ABSOLUTE
    ..\\..\\..\\..\\..\\..\\drivers\\PY32F072_HAL_Driver\\src\\py32f072_hal_gpio.c 0x00000000   Number         0  py32f072_hal_gpio.o ABSOLUTE
    ..\\..\\..\\..\\..\\..\\drivers\\PY32F072_HAL_Driver\\src\\py32f072_hal_pwr.c 0x00000000   Number         0  py32f072_hal_pwr.o ABSOLUTE
    ..\\..\\..\\..\\..\\..\\drivers\\PY32F072_HAL_Driver\\src\\py32f072_hal_rcc.c 0x00000000   Number         0  py32f072_hal_rcc.o ABSOLUTE
    ..\\..\\..\\..\\..\\..\\drivers\\PY32F072_HAL_Driver\\src\\py32f072_hal_rcc_ex.c 0x00000000   Number         0  py32f072_hal_rcc_ex.o ABSOLUTE
    ..\\..\\..\\..\\..\\..\\drivers\\PY32F072_HAL_Driver\\src\\py32f072_hal_uart.c 0x00000000   Number         0  py32f072_hal_uart.o ABSOLUTE
    ..\\Src\\main.c                          0x00000000   Number         0  main.o ABSOLUTE
    ..\\Src\\py32f072_hal_msp.c              0x00000000   Number         0  py32f072_hal_msp.o ABSOLUTE
    ..\\Src\\py32f072_it.c                   0x00000000   Number         0  py32f072_it.o ABSOLUTE
    ..\\Src\\system_py32f072.c               0x00000000   Number         0  system_py32f072.o ABSOLUTE
    cdrcmple.s                               0x00000000   Number         0  cdrcmple.o ABSOLUTE
    dc.s                                     0x00000000   Number         0  dc.o ABSOLUTE
    handlers.s                               0x00000000   Number         0  handlers.o ABSOLUTE
    init.s                                   0x00000000   Number         0  init.o ABSOLUTE
    startup_py32f072xx.s                     0x00000000   Number         0  startup_py32f072xx.o ABSOLUTE
    RESET                                    0x08000000   Section      192  startup_py32f072xx.o(RESET)
    .ARM.Collect$$$$00000000                 0x080000c0   Section        0  entry.o(.ARM.Collect$$$$00000000)
    .ARM.Collect$$$$00000001                 0x080000c0   Section        4  entry2.o(.ARM.Collect$$$$00000001)
    .ARM.Collect$$$$00000004                 0x080000c4   Section        4  entry5.o(.ARM.Collect$$$$00000004)
    .ARM.Collect$$$$00000008                 0x080000c8   Section        0  entry7b.o(.ARM.Collect$$$$00000008)
    .ARM.Collect$$$$0000000A                 0x080000c8   Section        0  entry8b.o(.ARM.Collect$$$$0000000A)
    .ARM.Collect$$$$0000000B                 0x080000c8   Section        8  entry9a.o(.ARM.Collect$$$$0000000B)
    .ARM.Collect$$$$0000000D                 0x080000d0   Section        0  entry10a.o(.ARM.Collect$$$$0000000D)
    .ARM.Collect$$$$0000000F                 0x080000d0   Section        0  entry11a.o(.ARM.Collect$$$$0000000F)
    .ARM.Collect$$$$00002712                 0x080000d0   Section        4  entry2.o(.ARM.Collect$$$$00002712)
    __lit__00000000                          0x080000d0   Data           4  entry2.o(.ARM.Collect$$$$00002712)
    .text                                    0x080000d4   Section       28  startup_py32f072xx.o(.text)
    .text                                    0x080000f0   Section        0  uidiv.o(.text)
    .text                                    0x0800011c   Section        0  memseta.o(.text)
    .text                                    0x08000140   Section       36  init.o(.text)
    i.APP_ErrorHandler                       0x08000164   Section        0  main.o(i.APP_ErrorHandler)
    i.HAL_DMA_Abort_IT                       0x08000168   Section        0  py32f072_hal_dma.o(i.HAL_DMA_Abort_IT)
    i.HAL_Delay                              0x0800021c   Section        0  py32f072_hal.o(i.HAL_Delay)
    i.HAL_GPIO_Init                          0x08000248   Section        0  py32f072_hal_gpio.o(i.HAL_GPIO_Init)
    i.HAL_GetTick                            0x0800040c   Section        0  py32f072_hal.o(i.HAL_GetTick)
    i.HAL_IncTick                            0x08000418   Section        0  py32f072_hal.o(i.HAL_IncTick)
    i.HAL_Init                               0x08000430   Section        0  py32f072_hal.o(i.HAL_Init)
    i.HAL_InitTick                           0x0800044c   Section        0  py32f072_hal.o(i.HAL_InitTick)
    i.HAL_MspInit                            0x080004ac   Section        0  py32f072_hal_msp.o(i.HAL_MspInit)
    i.HAL_NVIC_EnableIRQ                     0x080004f0   Section        0  py32f072_hal_cortex.o(i.HAL_NVIC_EnableIRQ)
    i.HAL_NVIC_SetPriority                   0x08000514   Section        0  py32f072_hal_cortex.o(i.HAL_NVIC_SetPriority)
    i.HAL_RCC_GetHCLKFreq                    0x08000528   Section        0  py32f072_hal_rcc.o(i.HAL_RCC_GetHCLKFreq)
    i.HAL_RCC_GetPCLK1Freq                   0x08000534   Section        0  py32f072_hal_rcc.o(i.HAL_RCC_GetPCLK1Freq)
    i.HAL_SYSTICK_Config                     0x0800055c   Section        0  py32f072_hal_cortex.o(i.HAL_SYSTICK_Config)
    i.HAL_UART_ErrorCallback                 0x08000594   Section        0  main.o(i.HAL_UART_ErrorCallback)
    i.HAL_UART_IRQHandler                    0x080005c4   Section        0  py32f072_hal_uart.o(i.HAL_UART_IRQHandler)
    i.HAL_UART_IdleFrameDetectCpltCallback   0x0800076c   Section        0  py32f072_hal_uart.o(i.HAL_UART_IdleFrameDetectCpltCallback)
    i.HAL_UART_Init                          0x0800076e   Section        0  py32f072_hal_uart.o(i.HAL_UART_Init)
    i.HAL_UART_MspInit                       0x080007f8   Section        0  py32f072_hal_msp.o(i.HAL_UART_MspInit)
    i.HAL_UART_Receive_IT                    0x08000890   Section        0  py32f072_hal_uart.o(i.HAL_UART_Receive_IT)
    i.HAL_UART_RxCpltCallback                0x08000908   Section        0  main.o(i.HAL_UART_RxCpltCallback)
    i.HAL_UART_Transmit                      0x08000924   Section        0  py32f072_hal_uart.o(i.HAL_UART_Transmit)
    i.HAL_UART_Transmit_IT                   0x08000a22   Section        0  py32f072_hal_uart.o(i.HAL_UART_Transmit_IT)
    i.HAL_UART_TxCpltCallback                0x08000a80   Section        0  main.o(i.HAL_UART_TxCpltCallback)
    i.HardFault_Handler                      0x08000a9c   Section        0  py32f072_it.o(i.HardFault_Handler)
    i.NMI_Handler                            0x08000aa0   Section        0  py32f072_it.o(i.NMI_Handler)
    i.PendSV_Handler                         0x08000aa2   Section        0  py32f072_it.o(i.PendSV_Handler)
    i.SVC_Handler                            0x08000aa4   Section        0  py32f072_it.o(i.SVC_Handler)
    i.SysTick_Handler                        0x08000aa6   Section        0  py32f072_it.o(i.SysTick_Handler)
    i.SystemInit                             0x08000ab0   Section        0  system_py32f072.o(i.SystemInit)
    i.UART_AdvFeatureConfig                  0x08000ae8   Section        0  py32f072_hal_uart.o(i.UART_AdvFeatureConfig)
    UART_AdvFeatureConfig                    0x08000ae9   Thumb Code    56  py32f072_hal_uart.o(i.UART_AdvFeatureConfig)
    i.UART_DMAAbortOnError                   0x08000b20   Section        0  py32f072_hal_uart.o(i.UART_DMAAbortOnError)
    UART_DMAAbortOnError                     0x08000b21   Thumb Code    20  py32f072_hal_uart.o(i.UART_DMAAbortOnError)
    i.UART_EndRxTransfer                     0x08000b34   Section        0  py32f072_hal_uart.o(i.UART_EndRxTransfer)
    UART_EndRxTransfer                       0x08000b35   Thumb Code    34  py32f072_hal_uart.o(i.UART_EndRxTransfer)
    i.UART_EndTransmit_IT                    0x08000b56   Section        0  py32f072_hal_uart.o(i.UART_EndTransmit_IT)
    UART_EndTransmit_IT                      0x08000b57   Thumb Code    32  py32f072_hal_uart.o(i.UART_EndTransmit_IT)
    i.UART_Receive_IT                        0x08000b76   Section        0  py32f072_hal_uart.o(i.UART_Receive_IT)
    UART_Receive_IT                          0x08000b77   Thumb Code   136  py32f072_hal_uart.o(i.UART_Receive_IT)
    i.UART_SetConfig                         0x08000c00   Section        0  py32f072_hal_uart.o(i.UART_SetConfig)
    UART_SetConfig                           0x08000c01   Thumb Code   414  py32f072_hal_uart.o(i.UART_SetConfig)
    i.UART_Transmit_IT                       0x08000da4   Section        0  py32f072_hal_uart.o(i.UART_Transmit_IT)
    UART_Transmit_IT                         0x08000da5   Thumb Code   106  py32f072_hal_uart.o(i.UART_Transmit_IT)
    i.UART_WaitOnFlagUntilTimeout            0x08000e0e   Section        0  py32f072_hal_uart.o(i.UART_WaitOnFlagUntilTimeout)
    UART_WaitOnFlagUntilTimeout              0x08000e0f   Thumb Code   112  py32f072_hal_uart.o(i.UART_WaitOnFlagUntilTimeout)
    i.USART2_IRQHandler                      0x08000e80   Section        0  py32f072_it.o(i.USART2_IRQHandler)
    i.__0printf$1                            0x08000e90   Section        0  printf1.o(i.__0printf$1)
    i.__NVIC_SetPriority                     0x08000eb0   Section        0  py32f072_hal_cortex.o(i.__NVIC_SetPriority)
    __NVIC_SetPriority                       0x08000eb1   Thumb Code   110  py32f072_hal_cortex.o(i.__NVIC_SetPriority)
    i.__scatterload_copy                     0x08000f28   Section       14  handlers.o(i.__scatterload_copy)
    i.__scatterload_null                     0x08000f36   Section        2  handlers.o(i.__scatterload_null)
    i.__scatterload_zeroinit                 0x08000f38   Section       14  handlers.o(i.__scatterload_zeroinit)
    i._printf_core                           0x08000f48   Section        0  printf1.o(i._printf_core)
    _printf_core                             0x08000f49   Thumb Code   332  printf1.o(i._printf_core)
    i.fputc                                  0x08001098   Section        0  py32f072xx_start_kit.o(i.fputc)
    i.main                                   0x080010b4   Section        0  main.o(i.main)
    .constdata                               0x0800115c   Section      128  system_py32f072.o(.constdata)
    .data                                    0x20000000   Section        4  system_py32f072.o(.data)
    .data                                    0x20000004   Section       28  main.o(.data)
    .data                                    0x20000020   Section       12  py32f072_hal.o(.data)
    .data                                    0x2000002c   Section        4  stdout.o(.data)
    .bss                                     0x20000030   Section       76  main.o(.bss)
    .bss                                     0x2000007c   Section       76  py32f072xx_start_kit.o(.bss)
    STACK                                    0x200000c8   Section      512  startup_py32f072xx.o(STACK)

    Global Symbols

    Symbol Name                              Value     Ov Type        Size  Object(Section)

    BuildAttributes$$THM_ISAv3M$S$PE$A:L22$X:L11$S22$IEEE1$IW$USESV6$~STKCKD$USESV7$~SHL$OSPACE$ROPI$EBA8$MICROLIB$REQ8$PRES8$EABIv2 0x00000000   Number         0  anon$$obj.o ABSOLUTE
    __ARM_use_no_argv                        0x00000000   Number         0  main.o ABSOLUTE
    _printf_a                                0x00000000   Number         0  stubs.o ABSOLUTE
    _printf_c                                0x00000000   Number         0  stubs.o ABSOLUTE
    _printf_charcount                        0x00000000   Number         0  stubs.o ABSOLUTE
    _printf_d                                0x00000000   Number         0  stubs.o ABSOLUTE
    _printf_e                                0x00000000   Number         0  stubs.o ABSOLUTE
    _printf_f                                0x00000000   Number         0  stubs.o ABSOLUTE
    _printf_flags                            0x00000000   Number         0  stubs.o ABSOLUTE
    _printf_fp_dec                           0x00000000   Number         0  stubs.o ABSOLUTE
    _printf_fp_hex                           0x00000000   Number         0  stubs.o ABSOLUTE
    _printf_g                                0x00000000   Number         0  stubs.o ABSOLUTE
    _printf_i                                0x00000000   Number         0  stubs.o ABSOLUTE
    _printf_int_dec                          0x00000000   Number         0  stubs.o ABSOLUTE
    _printf_l                                0x00000000   Number         0  stubs.o ABSOLUTE
    _printf_lc                               0x00000000   Number         0  stubs.o ABSOLUTE
    _printf_ll                               0x00000000   Number         0  stubs.o ABSOLUTE
    _printf_lld                              0x00000000   Number         0  stubs.o ABSOLUTE
    _printf_lli                              0x00000000   Number         0  stubs.o ABSOLUTE
    _printf_llo                              0x00000000   Number         0  stubs.o ABSOLUTE
    _printf_llu                              0x00000000   Number         0  stubs.o ABSOLUTE
    _printf_llx                              0x00000000   Number         0  stubs.o ABSOLUTE
    _printf_longlong_dec                     0x00000000   Number         0  stubs.o ABSOLUTE
    _printf_longlong_hex                     0x00000000   Number         0  stubs.o ABSOLUTE
    _printf_longlong_oct                     0x00000000   Number         0  stubs.o ABSOLUTE
    _printf_ls                               0x00000000   Number         0  stubs.o ABSOLUTE
    _printf_mbtowc                           0x00000000   Number         0  stubs.o ABSOLUTE
    _printf_n                                0x00000000   Number         0  stubs.o ABSOLUTE
    _printf_o                                0x00000000   Number         0  stubs.o ABSOLUTE
    _printf_p                                0x00000000   Number         0  stubs.o ABSOLUTE
    _printf_percent                          0x00000000   Number         0  stubs.o ABSOLUTE
    _printf_pre_padding                      0x00000000   Number         0  stubs.o ABSOLUTE
    _printf_return_value                     0x00000000   Number         0  stubs.o ABSOLUTE
    _printf_s                                0x00000000   Number         0  stubs.o ABSOLUTE
    _printf_sizespec                         0x00000000   Number         0  stubs.o ABSOLUTE
    _printf_str                              0x00000000   Number         0  stubs.o ABSOLUTE
    _printf_truncate_signed                  0x00000000   Number         0  stubs.o ABSOLUTE
    _printf_truncate_unsigned                0x00000000   Number         0  stubs.o ABSOLUTE
    _printf_u                                0x00000000   Number         0  stubs.o ABSOLUTE
    _printf_wc                               0x00000000   Number         0  stubs.o ABSOLUTE
    _printf_wctomb                           0x00000000   Number         0  stubs.o ABSOLUTE
    _printf_widthprec                        0x00000000   Number         0  stubs.o ABSOLUTE
    _printf_x                                0x00000000   Number         0  stubs.o ABSOLUTE
    __cpp_initialize__aeabi_                  - Undefined Weak Reference
    __cxa_finalize                            - Undefined Weak Reference
    __decompress                              - Undefined Weak Reference
    _clock_init                               - Undefined Weak Reference
    _microlib_exit                            - Undefined Weak Reference
    __Vectors_Size                           0x000000c0   Number         0  startup_py32f072xx.o ABSOLUTE
    __Vectors                                0x08000000   Data           4  startup_py32f072xx.o(RESET)
    __Vectors_End                            0x080000c0   Data           0  startup_py32f072xx.o(RESET)
    __main                                   0x080000c1   Thumb Code     0  entry.o(.ARM.Collect$$$$00000000)
    _main_stk                                0x080000c1   Thumb Code     0  entry2.o(.ARM.Collect$$$$00000001)
    _main_scatterload                        0x080000c5   Thumb Code     0  entry5.o(.ARM.Collect$$$$00000004)
    __main_after_scatterload                 0x080000c9   Thumb Code     0  entry5.o(.ARM.Collect$$$$00000004)
    _main_clock                              0x080000c9   Thumb Code     0  entry7b.o(.ARM.Collect$$$$00000008)
    _main_cpp_init                           0x080000c9   Thumb Code     0  entry8b.o(.ARM.Collect$$$$0000000A)
    _main_init                               0x080000c9   Thumb Code     0  entry9a.o(.ARM.Collect$$$$0000000B)
    __rt_final_cpp                           0x080000d1   Thumb Code     0  entry10a.o(.ARM.Collect$$$$0000000D)
    __rt_final_exit                          0x080000d1   Thumb Code     0  entry11a.o(.ARM.Collect$$$$0000000F)
    Reset_Handler                            0x080000d5   Thumb Code     8  startup_py32f072xx.o(.text)
    ADC_COMP_IRQHandler                      0x080000e7   Thumb Code     0  startup_py32f072xx.o(.text)
    CAN_IRQHandler                           0x080000e7   Thumb Code     0  startup_py32f072xx.o(.text)
    DMA1_Channel1_IRQHandler                 0x080000e7   Thumb Code     0  startup_py32f072xx.o(.text)
    DMA1_Channel2_3_IRQHandler               0x080000e7   Thumb Code     0  startup_py32f072xx.o(.text)
    DMA1_Channel4_5_6_7_IRQHandler           0x080000e7   Thumb Code     0  startup_py32f072xx.o(.text)
    EXTI0_1_IRQHandler                       0x080000e7   Thumb Code     0  startup_py32f072xx.o(.text)
    EXTI2_3_IRQHandler                       0x080000e7   Thumb Code     0  startup_py32f072xx.o(.text)
    EXTI4_15_IRQHandler                      0x080000e7   Thumb Code     0  startup_py32f072xx.o(.text)
    FLASH_IRQHandler                         0x080000e7   Thumb Code     0  startup_py32f072xx.o(.text)
    I2C1_IRQHandler                          0x080000e7   Thumb Code     0  startup_py32f072xx.o(.text)
    I2C2_IRQHandler                          0x080000e7   Thumb Code     0  startup_py32f072xx.o(.text)
    LCD_IRQHandler                           0x080000e7   Thumb Code     0  startup_py32f072xx.o(.text)
    PVD_IRQHandler                           0x080000e7   Thumb Code     0  startup_py32f072xx.o(.text)
    RCC_IRQHandler                           0x080000e7   Thumb Code     0  startup_py32f072xx.o(.text)
    RTC_IRQHandler                           0x080000e7   Thumb Code     0  startup_py32f072xx.o(.text)
    SPI1_IRQHandler                          0x080000e7   Thumb Code     0  startup_py32f072xx.o(.text)
    SPI2_IRQHandler                          0x080000e7   Thumb Code     0  startup_py32f072xx.o(.text)
    TIM14_IRQHandler                         0x080000e7   Thumb Code     0  startup_py32f072xx.o(.text)
    TIM15_IRQHandler                         0x080000e7   Thumb Code     0  startup_py32f072xx.o(.text)
    TIM16_IRQHandler                         0x080000e7   Thumb Code     0  startup_py32f072xx.o(.text)
    TIM17_IRQHandler                         0x080000e7   Thumb Code     0  startup_py32f072xx.o(.text)
    TIM1_BRK_UP_TRG_COM_IRQHandler           0x080000e7   Thumb Code     0  startup_py32f072xx.o(.text)
    TIM1_CC_IRQHandler                       0x080000e7   Thumb Code     0  startup_py32f072xx.o(.text)
    TIM2_IRQHandler                          0x080000e7   Thumb Code     0  startup_py32f072xx.o(.text)
    TIM3_IRQHandler                          0x080000e7   Thumb Code     0  startup_py32f072xx.o(.text)
    TIM6_LPTIM1_DAC_IRQHandler               0x080000e7   Thumb Code     0  startup_py32f072xx.o(.text)
    TIM7_IRQHandler                          0x080000e7   Thumb Code     0  startup_py32f072xx.o(.text)
    USART1_IRQHandler                        0x080000e7   Thumb Code     0  startup_py32f072xx.o(.text)
    USART3_4_IRQHandler                      0x080000e7   Thumb Code     0  startup_py32f072xx.o(.text)
    USB_IRQHandler                           0x080000e7   Thumb Code     0  startup_py32f072xx.o(.text)
    WWDG_IRQHandler                          0x080000e7   Thumb Code     0  startup_py32f072xx.o(.text)
    __aeabi_uidiv                            0x080000f1   Thumb Code     0  uidiv.o(.text)
    __aeabi_uidivmod                         0x080000f1   Thumb Code    44  uidiv.o(.text)
    __aeabi_memset                           0x0800011d   Thumb Code    14  memseta.o(.text)
    __aeabi_memset4                          0x0800011d   Thumb Code     0  memseta.o(.text)
    __aeabi_memset8                          0x0800011d   Thumb Code     0  memseta.o(.text)
    __aeabi_memclr                           0x0800012b   Thumb Code     4  memseta.o(.text)
    __aeabi_memclr4                          0x0800012b   Thumb Code     0  memseta.o(.text)
    __aeabi_memclr8                          0x0800012b   Thumb Code     0  memseta.o(.text)
    _memset$wrapper                          0x0800012f   Thumb Code    18  memseta.o(.text)
    __scatterload                            0x08000141   Thumb Code    28  init.o(.text)
    __scatterload_rt2                        0x08000141   Thumb Code     0  init.o(.text)
    APP_ErrorHandler                         0x08000165   Thumb Code     4  main.o(i.APP_ErrorHandler)
    HAL_DMA_Abort_IT                         0x08000169   Thumb Code   174  py32f072_hal_dma.o(i.HAL_DMA_Abort_IT)
    HAL_Delay                                0x0800021d   Thumb Code    38  py32f072_hal.o(i.HAL_Delay)
    HAL_GPIO_Init                            0x08000249   Thumb Code   438  py32f072_hal_gpio.o(i.HAL_GPIO_Init)
    HAL_GetTick                              0x0800040d   Thumb Code     6  py32f072_hal.o(i.HAL_GetTick)
    HAL_IncTick                              0x08000419   Thumb Code    16  py32f072_hal.o(i.HAL_IncTick)
    HAL_Init                                 0x08000431   Thumb Code    26  py32f072_hal.o(i.HAL_Init)
    HAL_InitTick                             0x0800044d   Thumb Code    82  py32f072_hal.o(i.HAL_InitTick)
    HAL_MspInit                              0x080004ad   Thumb Code    64  py32f072_hal_msp.o(i.HAL_MspInit)
    HAL_NVIC_EnableIRQ                       0x080004f1   Thumb Code    30  py32f072_hal_cortex.o(i.HAL_NVIC_EnableIRQ)
    HAL_NVIC_SetPriority                     0x08000515   Thumb Code    18  py32f072_hal_cortex.o(i.HAL_NVIC_SetPriority)
    HAL_RCC_GetHCLKFreq                      0x08000529   Thumb Code     6  py32f072_hal_rcc.o(i.HAL_RCC_GetHCLKFreq)
    HAL_RCC_GetPCLK1Freq                     0x08000535   Thumb Code    32  py32f072_hal_rcc.o(i.HAL_RCC_GetPCLK1Freq)
    HAL_SYSTICK_Config                       0x0800055d   Thumb Code    46  py32f072_hal_cortex.o(i.HAL_SYSTICK_Config)
    HAL_UART_ErrorCallback                   0x08000595   Thumb Code    14  main.o(i.HAL_UART_ErrorCallback)
    HAL_UART_IRQHandler                      0x080005c5   Thumb Code   420  py32f072_hal_uart.o(i.HAL_UART_IRQHandler)
    HAL_UART_IdleFrameDetectCpltCallback     0x0800076d   Thumb Code     2  py32f072_hal_uart.o(i.HAL_UART_IdleFrameDetectCpltCallback)
    HAL_UART_Init                            0x0800076f   Thumb Code   138  py32f072_hal_uart.o(i.HAL_UART_Init)
    HAL_UART_MspInit                         0x080007f9   Thumb Code   142  py32f072_hal_msp.o(i.HAL_UART_MspInit)
    HAL_UART_Receive_IT                      0x08000891   Thumb Code   118  py32f072_hal_uart.o(i.HAL_UART_Receive_IT)
    HAL_UART_RxCpltCallback                  0x08000909   Thumb Code    24  main.o(i.HAL_UART_RxCpltCallback)
    HAL_UART_Transmit                        0x08000925   Thumb Code   254  py32f072_hal_uart.o(i.HAL_UART_Transmit)
    HAL_UART_Transmit_IT                     0x08000a23   Thumb Code    92  py32f072_hal_uart.o(i.HAL_UART_Transmit_IT)
    HAL_UART_TxCpltCallback                  0x08000a81   Thumb Code    24  main.o(i.HAL_UART_TxCpltCallback)
    HardFault_Handler                        0x08000a9d   Thumb Code     4  py32f072_it.o(i.HardFault_Handler)
    NMI_Handler                              0x08000aa1   Thumb Code     2  py32f072_it.o(i.NMI_Handler)
    PendSV_Handler                           0x08000aa3   Thumb Code     2  py32f072_it.o(i.PendSV_Handler)
    SVC_Handler                              0x08000aa5   Thumb Code     2  py32f072_it.o(i.SVC_Handler)
    SysTick_Handler                          0x08000aa7   Thumb Code     8  py32f072_it.o(i.SysTick_Handler)
    SystemInit                               0x08000ab1   Thumb Code    40  system_py32f072.o(i.SystemInit)
    USART2_IRQHandler                        0x08000e81   Thumb Code    10  py32f072_it.o(i.USART2_IRQHandler)
    __0printf$1                              0x08000e91   Thumb Code    24  printf1.o(i.__0printf$1)
    __1printf$1                              0x08000e91   Thumb Code     0  printf1.o(i.__0printf$1)
    __2printf                                0x08000e91   Thumb Code     0  printf1.o(i.__0printf$1)
    __scatterload_copy                       0x08000f29   Thumb Code    14  handlers.o(i.__scatterload_copy)
    __scatterload_null                       0x08000f37   Thumb Code     2  handlers.o(i.__scatterload_null)
    __scatterload_zeroinit                   0x08000f39   Thumb Code    14  handlers.o(i.__scatterload_zeroinit)
    fputc                                    0x08001099   Thumb Code    22  py32f072xx_start_kit.o(i.fputc)
    main                                     0x080010b5   Thumb Code   142  main.o(i.main)
    AHBPrescTable                            0x0800115c   Data          64  system_py32f072.o(.constdata)
    APBPrescTable                            0x0800119c   Data          32  system_py32f072.o(.constdata)
    HSIFreqTable                             0x080011bc   Data          32  system_py32f072.o(.constdata)
    Region$$Table$$Base                      0x080011dc   Number         0  anon$$obj.o(Region$$Table)
    Region$$Table$$Limit                     0x080011fc   Number         0  anon$$obj.o(Region$$Table)
    SystemCoreClock                          0x20000000   Data           4  system_py32f072.o(.data)
    aTxBuffer                                0x20000004   Data          12  main.o(.data)
    aRxBuffer                                0x20000010   Data          12  main.o(.data)
    counter                                  0x2000001c   Data           4  main.o(.data)
    uwTick                                   0x20000020   Data           4  py32f072_hal.o(.data)
    uwTickPrio                               0x20000024   Data           4  py32f072_hal.o(.data)
    uwTickFreq                               0x20000028   Data           4  py32f072_hal.o(.data)
    __stdout                                 0x2000002c   Data           4  stdout.o(.data)
    UartHandle                               0x20000030   Data          76  main.o(.bss)
    DebugUartHandle                          0x2000007c   Data          76  py32f072xx_start_kit.o(.bss)
    __initial_sp                             0x200002c8   Data           0  startup_py32f072xx.o(STACK)



==============================================================================

Memory Map of the image

  Image Entry point : 0x080000c1

  Load Region LR_IROM1 (Base: 0x08000000, Size: 0x0000122c, Max: 0x00020000, ABSOLUTE)

    Execution Region ER_IROM1 (Exec base: 0x08000000, Load base: 0x08000000, Size: 0x000011fc, Max: 0x00020000, ABSOLUTE)

    Exec Addr    Load Addr    Size         Type   Attr      Idx    E Section Name        Object

    0x08000000   0x08000000   0x000000c0   Data   RO            3    RESET               startup_py32f072xx.o
    0x080000c0   0x080000c0   0x00000000   Code   RO         1452  * .ARM.Collect$$$$00000000  mc_p.l(entry.o)
    0x080000c0   0x080000c0   0x00000004   Code   RO         1727    .ARM.Collect$$$$00000001  mc_p.l(entry2.o)
    0x080000c4   0x080000c4   0x00000004   Code   RO         1730    .ARM.Collect$$$$00000004  mc_p.l(entry5.o)
    0x080000c8   0x080000c8   0x00000000   Code   RO         1732    .ARM.Collect$$$$00000008  mc_p.l(entry7b.o)
    0x080000c8   0x080000c8   0x00000000   Code   RO         1734    .ARM.Collect$$$$0000000A  mc_p.l(entry8b.o)
    0x080000c8   0x080000c8   0x00000008   Code   RO         1735    .ARM.Collect$$$$0000000B  mc_p.l(entry9a.o)
    0x080000d0   0x080000d0   0x00000000   Code   RO         1737    .ARM.Collect$$$$0000000D  mc_p.l(entry10a.o)
    0x080000d0   0x080000d0   0x00000000   Code   RO         1739    .ARM.Collect$$$$0000000F  mc_p.l(entry11a.o)
    0x080000d0   0x080000d0   0x00000004   Code   RO         1728    .ARM.Collect$$$$00002712  mc_p.l(entry2.o)
    0x080000d4   0x080000d4   0x0000001c   Code   RO            4    .text               startup_py32f072xx.o
    0x080000f0   0x080000f0   0x0000002c   Code   RO         1458    .text               mc_p.l(uidiv.o)
    0x0800011c   0x0800011c   0x00000024   Code   RO         1462    .text               mc_p.l(memseta.o)
    0x08000140   0x08000140   0x00000024   Code   RO         1754    .text               mc_p.l(init.o)
    0x08000164   0x08000164   0x00000004   Code   RO          112    i.APP_ErrorHandler  main.o
    0x08000168   0x08000168   0x000000b4   Code   RO          799    i.HAL_DMA_Abort_IT  py32f072_hal_dma.o
    0x0800021c   0x0800021c   0x0000002c   Code   RO          369    i.HAL_Delay         py32f072_hal.o
    0x08000248   0x08000248   0x000001c4   Code   RO          734    i.HAL_GPIO_Init     py32f072_hal_gpio.o
    0x0800040c   0x0800040c   0x0000000c   Code   RO          372    i.HAL_GetTick       py32f072_hal.o
    0x08000418   0x08000418   0x00000018   Code   RO          378    i.HAL_IncTick       py32f072_hal.o
    0x08000430   0x08000430   0x0000001a   Code   RO          379    i.HAL_Init          py32f072_hal.o
    0x0800044a   0x0800044a   0x00000002   PAD
    0x0800044c   0x0800044c   0x00000060   Code   RO          380    i.HAL_InitTick      py32f072_hal.o
    0x080004ac   0x080004ac   0x00000044   Code   RO          175    i.HAL_MspInit       py32f072_hal_msp.o
    0x080004f0   0x080004f0   0x00000024   Code   RO         1358    i.HAL_NVIC_EnableIRQ  py32f072_hal_cortex.o
    0x08000514   0x08000514   0x00000012   Code   RO         1362    i.HAL_NVIC_SetPriority  py32f072_hal_cortex.o
    0x08000526   0x08000526   0x00000002   PAD
    0x08000528   0x08000528   0x0000000c   Code   RO          575    i.HAL_RCC_GetHCLKFreq  py32f072_hal_rcc.o
    0x08000534   0x08000534   0x00000028   Code   RO          577    i.HAL_RCC_GetPCLK1Freq  py32f072_hal_rcc.o
    0x0800055c   0x0800055c   0x00000038   Code   RO         1366    i.HAL_SYSTICK_Config  py32f072_hal_cortex.o
    0x08000594   0x08000594   0x00000030   Code   RO          113    i.HAL_UART_ErrorCallback  main.o
    0x080005c4   0x080005c4   0x000001a8   Code   RO         1038    i.HAL_UART_IRQHandler  py32f072_hal_uart.o
    0x0800076c   0x0800076c   0x00000002   Code   RO         1039    i.HAL_UART_IdleFrameDetectCpltCallback  py32f072_hal_uart.o
    0x0800076e   0x0800076e   0x0000008a   Code   RO         1040    i.HAL_UART_Init     py32f072_hal_uart.o
    0x080007f8   0x080007f8   0x00000098   Code   RO          176    i.HAL_UART_MspInit  py32f072_hal_msp.o
    0x08000890   0x08000890   0x00000076   Code   RO         1045    i.HAL_UART_Receive_IT  py32f072_hal_uart.o
    0x08000906   0x08000906   0x00000002   PAD
    0x08000908   0x08000908   0x0000001c   Code   RO          114    i.HAL_UART_RxCpltCallback  main.o
    0x08000924   0x08000924   0x000000fe   Code   RO         1048    i.HAL_UART_Transmit  py32f072_hal_uart.o
    0x08000a22   0x08000a22   0x0000005c   Code   RO         1050    i.HAL_UART_Transmit_IT  py32f072_hal_uart.o
    0x08000a7e   0x08000a7e   0x00000002   PAD
    0x08000a80   0x08000a80   0x0000001c   Code   RO          115    i.HAL_UART_TxCpltCallback  main.o
    0x08000a9c   0x08000a9c   0x00000004   Code   RO          209    i.HardFault_Handler  py32f072_it.o
    0x08000aa0   0x08000aa0   0x00000002   Code   RO          210    i.NMI_Handler       py32f072_it.o
    0x08000aa2   0x08000aa2   0x00000002   Code   RO          211    i.PendSV_Handler    py32f072_it.o
    0x08000aa4   0x08000aa4   0x00000002   Code   RO          212    i.SVC_Handler       py32f072_it.o
    0x08000aa6   0x08000aa6   0x00000008   Code   RO          213    i.SysTick_Handler   py32f072_it.o
    0x08000aae   0x08000aae   0x00000002   PAD
    0x08000ab0   0x08000ab0   0x00000038   Code   RO           13    i.SystemInit        system_py32f072.o
    0x08000ae8   0x08000ae8   0x00000038   Code   RO         1053    i.UART_AdvFeatureConfig  py32f072_hal_uart.o
    0x08000b20   0x08000b20   0x00000014   Code   RO         1054    i.UART_DMAAbortOnError  py32f072_hal_uart.o
    0x08000b34   0x08000b34   0x00000022   Code   RO         1064    i.UART_EndRxTransfer  py32f072_hal_uart.o
    0x08000b56   0x08000b56   0x00000020   Code   RO         1065    i.UART_EndTransmit_IT  py32f072_hal_uart.o
    0x08000b76   0x08000b76   0x00000088   Code   RO         1067    i.UART_Receive_IT   py32f072_hal_uart.o
    0x08000bfe   0x08000bfe   0x00000002   PAD
    0x08000c00   0x08000c00   0x000001a4   Code   RO         1068    i.UART_SetConfig    py32f072_hal_uart.o
    0x08000da4   0x08000da4   0x0000006a   Code   RO         1069    i.UART_Transmit_IT  py32f072_hal_uart.o
    0x08000e0e   0x08000e0e   0x00000070   Code   RO         1070    i.UART_WaitOnFlagUntilTimeout  py32f072_hal_uart.o
    0x08000e7e   0x08000e7e   0x00000002   PAD
    0x08000e80   0x08000e80   0x00000010   Code   RO          214    i.USART2_IRQHandler  py32f072_it.o
    0x08000e90   0x08000e90   0x00000020   Code   RO         1511    i.__0printf$1       mc_p.l(printf1.o)
    0x08000eb0   0x08000eb0   0x00000078   Code   RO         1368    i.__NVIC_SetPriority  py32f072_hal_cortex.o
    0x08000f28   0x08000f28   0x0000000e   Code   RO         1768    i.__scatterload_copy  mc_p.l(handlers.o)
    0x08000f36   0x08000f36   0x00000002   Code   RO         1769    i.__scatterload_null  mc_p.l(handlers.o)
    0x08000f38   0x08000f38   0x0000000e   Code   RO         1770    i.__scatterload_zeroinit  mc_p.l(handlers.o)
    0x08000f46   0x08000f46   0x00000002   PAD
    0x08000f48   0x08000f48   0x00000150   Code   RO         1518    i._printf_core      mc_p.l(printf1.o)
    0x08001098   0x08001098   0x0000001c   Code   RO          277    i.fputc             py32f072xx_start_kit.o
    0x080010b4   0x080010b4   0x000000a8   Code   RO          116    i.main              main.o
    0x0800115c   0x0800115c   0x00000080   Data   RO           14    .constdata          system_py32f072.o
    0x080011dc   0x080011dc   0x00000020   Data   RO         1766    Region$$Table       anon$$obj.o


    Execution Region RW_IRAM1 (Exec base: 0x20000000, Load base: 0x080011fc, Size: 0x000002c8, Max: 0x00004000, ABSOLUTE)

    Exec Addr    Load Addr    Size         Type   Attr      Idx    E Section Name        Object

    0x20000000   0x080011fc   0x00000004   Data   RW           15    .data               system_py32f072.o
    0x20000004   0x08001200   0x0000001c   Data   RW          118    .data               main.o
    0x20000020   0x0800121c   0x0000000c   Data   RW          394    .data               py32f072_hal.o
    0x2000002c   0x08001228   0x00000004   Data   RW         1457    .data               mc_p.l(stdout.o)
    0x20000030        -       0x0000004c   Zero   RW          117    .bss                main.o
    0x2000007c        -       0x0000004c   Zero   RW          278    .bss                py32f072xx_start_kit.o
    0x200000c8        -       0x00000200   Zero   RW            1    STACK               startup_py32f072xx.o


==============================================================================

Image component sizes


      Code (inc. data)   RO Data    RW Data    ZI Data      Debug   Object Name

       276         68          0         28         76       3936   main.o
       202         34          0         12          0       4817   py32f072_hal.o
       230         26          0          0          0      11209   py32f072_hal_cortex.o
       180          6          0          0          0       1483   py32f072_hal_dma.o
       452         14          0          0          0       1972   py32f072_hal_gpio.o
       220         14          0          0          0       1909   py32f072_hal_msp.o
        52         14          0          0          0       1325   py32f072_hal_rcc.o
      1944         10          0          0          0      12546   py32f072_hal_uart.o
        34          6          0          0          0       3135   py32f072_it.o
        28          6          0          0         76       3622   py32f072xx_start_kit.o
        28          8        192          0        512        732   startup_py32f072xx.o
        56         16        128          4          0     282456   system_py32f072.o

    ----------------------------------------------------------------------
      3716        222        352         44        664     329142   Object Totals
         0          0         32          0          0          0   (incl. Generated)
        14          0          0          0          0          0   (incl. Padding)

    ----------------------------------------------------------------------

      Code (inc. data)   RO Data    RW Data    ZI Data      Debug   Library Member Name

         0          0          0          0          0          0   entry.o
         0          0          0          0          0          0   entry10a.o
         0          0          0          0          0          0   entry11a.o
         8          4          0          0          0          0   entry2.o
         4          0          0          0          0          0   entry5.o
         0          0          0          0          0          0   entry7b.o
         0          0          0          0          0          0   entry8b.o
         8          4          0          0          0          0   entry9a.o
        30          0          0          0          0          0   handlers.o
        36          8          0          0          0         68   init.o
        36          0          0          0          0        100   memseta.o
       368         12          0          0          0        168   printf1.o
         0          0          0          4          0          0   stdout.o
        44          0          0          0          0         72   uidiv.o

    ----------------------------------------------------------------------
       536         28          0          4          0        408   Library Totals
         2          0          0          0          0          0   (incl. Padding)

    ----------------------------------------------------------------------

      Code (inc. data)   RO Data    RW Data    ZI Data      Debug   Library Name

       534         28          0          4          0        408   mc_p.l

    ----------------------------------------------------------------------
       536         28          0          4          0        408   Library Totals

    ----------------------------------------------------------------------

==============================================================================


      Code (inc. data)   RO Data    RW Data    ZI Data      Debug   

      4252        250        352         48        664     327986   Grand Totals
      4252        250        352         48        664     327986   ELF Image Totals
      4252        250        352         48          0          0   ROM Totals

==============================================================================

    Total RO  Size (Code + RO Data)                 4604 (   4.50kB)
    Total RW  Size (RW Data + ZI Data)               712 (   0.70kB)
    Total ROM Size (Code + RO Data + RW Data)       4652 (   4.54kB)

==============================================================================

