Component: ARM Compiler 5.06 update 6 (build 750) Tool: armlink [4d35ed]

==============================================================================

Section Cross References

    startup_py32f072xx.o(RESET) refers to startup_py32f072xx.o(STACK) for __initial_sp
    startup_py32f072xx.o(RESET) refers to startup_py32f072xx.o(.text) for Reset_Handler
    startup_py32f072xx.o(RESET) refers to py32f072_it.o(i.NMI_Handler) for NMI_Handler
    startup_py32f072xx.o(RESET) refers to py32f072_it.o(i.HardFault_Handler) for HardFault_Handler
    startup_py32f072xx.o(RESET) refers to py32f072_it.o(i.SVC_Handler) for SVC_Handler
    startup_py32f072xx.o(RESET) refers to py32f072_it.o(i.PendSV_Handler) for PendSV_Handler
    startup_py32f072xx.o(RESET) refers to py32f072_it.o(i.SysTick_Handler) for SysTick_Handler
    startup_py32f072xx.o(RESET) refers to py32f072_it.o(i.ADC_COMP_IRQHandler) for ADC_COMP_IRQHandler
    startup_py32f072xx.o(.text) refers to system_py32f072.o(i.SystemInit) for SystemInit
    startup_py32f072xx.o(.text) refers to entry.o(.ARM.Collect$$$$00000000) for __main
    system_py32f072.o(i.SystemCoreClockUpdate) refers to uidiv.o(.text) for __aeabi_uidivmod
    system_py32f072.o(i.SystemCoreClockUpdate) refers to system_py32f072.o(.data) for SystemCoreClock
    system_py32f072.o(i.SystemCoreClockUpdate) refers to system_py32f072.o(.constdata) for HSIFreqTable
    main.o(i.APP_AdcConfig) refers to memseta.o(.text) for __aeabi_memclr4
    main.o(i.APP_AdcConfig) refers to py32f072_hal_rcc_ex.o(i.HAL_RCCEx_PeriphCLKConfig) for HAL_RCCEx_PeriphCLKConfig
    main.o(i.APP_AdcConfig) refers to py32f072_hal_adc.o(i.HAL_ADC_Init) for HAL_ADC_Init
    main.o(i.APP_AdcConfig) refers to main.o(i.APP_ErrorHandler) for APP_ErrorHandler
    main.o(i.APP_AdcConfig) refers to py32f072_hal_adc.o(i.HAL_ADC_ConfigChannel) for HAL_ADC_ConfigChannel
    main.o(i.APP_AdcConfig) refers to py32f072_hal_adc_ex.o(i.HAL_ADCEx_Calibration_Start) for HAL_ADCEx_Calibration_Start
    main.o(i.APP_AdcConfig) refers to main.o(.bss) for AdcHandle
    main.o(i.APP_SystemClockConfig) refers to memseta.o(.text) for __aeabi_memclr4
    main.o(i.APP_SystemClockConfig) refers to py32f072_hal_rcc.o(i.HAL_RCC_OscConfig) for HAL_RCC_OscConfig
    main.o(i.APP_SystemClockConfig) refers to main.o(i.APP_ErrorHandler) for APP_ErrorHandler
    main.o(i.APP_SystemClockConfig) refers to py32f072_hal_rcc.o(i.HAL_RCC_ClockConfig) for HAL_RCC_ClockConfig
    main.o(i.HAL_ADC_ConvCpltCallback) refers to printf1.o(i.__0printf$1) for __2printf
    main.o(i.HAL_ADC_ConvCpltCallback) refers to main.o(.data) for aADCxConvertedData
    main.o(i.main) refers to py32f072_hal.o(i.HAL_Init) for HAL_Init
    main.o(i.main) refers to main.o(i.APP_SystemClockConfig) for APP_SystemClockConfig
    main.o(i.main) refers to py32f072xx_start_kit.o(i.BSP_LED_Init) for BSP_LED_Init
    main.o(i.main) refers to py32f072xx_start_kit.o(i.BSP_USART_Config) for BSP_USART_Config
    main.o(i.main) refers to main.o(i.APP_AdcConfig) for APP_AdcConfig
    main.o(i.main) refers to py32f072_hal_adc.o(i.HAL_ADC_Start_IT) for HAL_ADC_Start_IT
    main.o(i.main) refers to py32f072_hal.o(i.HAL_Delay) for HAL_Delay
    main.o(i.main) refers to main.o(.bss) for AdcHandle
    py32f072_hal_msp.o(i.HAL_ADC_MspInit) refers to memseta.o(.text) for __aeabi_memclr4
    py32f072_hal_msp.o(i.HAL_ADC_MspInit) refers to py32f072_hal_gpio.o(i.HAL_GPIO_Init) for HAL_GPIO_Init
    py32f072_hal_msp.o(i.HAL_ADC_MspInit) refers to py32f072_hal_cortex.o(i.HAL_NVIC_SetPriority) for HAL_NVIC_SetPriority
    py32f072_hal_msp.o(i.HAL_ADC_MspInit) refers to py32f072_hal_cortex.o(i.HAL_NVIC_EnableIRQ) for HAL_NVIC_EnableIRQ
    py32f072_it.o(i.ADC_COMP_IRQHandler) refers to py32f072_hal_adc.o(i.HAL_ADC_IRQHandler) for HAL_ADC_IRQHandler
    py32f072_it.o(i.ADC_COMP_IRQHandler) refers to main.o(.bss) for AdcHandle
    py32f072_it.o(i.SysTick_Handler) refers to py32f072_hal.o(i.HAL_IncTick) for HAL_IncTick
    py32f072xx_start_kit.o(i.BSP_LED_DeInit) refers to py32f072_hal_gpio.o(i.HAL_GPIO_WritePin) for HAL_GPIO_WritePin
    py32f072xx_start_kit.o(i.BSP_LED_DeInit) refers to py32f072_hal_gpio.o(i.HAL_GPIO_DeInit) for HAL_GPIO_DeInit
    py32f072xx_start_kit.o(i.BSP_LED_DeInit) refers to py32f072xx_start_kit.o(.constdata) for LED_PIN
    py32f072xx_start_kit.o(i.BSP_LED_DeInit) refers to py32f072xx_start_kit.o(.data) for LED_PORT
    py32f072xx_start_kit.o(i.BSP_LED_Init) refers to py32f072_hal_gpio.o(i.HAL_GPIO_Init) for HAL_GPIO_Init
    py32f072xx_start_kit.o(i.BSP_LED_Init) refers to py32f072_hal_gpio.o(i.HAL_GPIO_WritePin) for HAL_GPIO_WritePin
    py32f072xx_start_kit.o(i.BSP_LED_Init) refers to py32f072xx_start_kit.o(.constdata) for LED_PIN
    py32f072xx_start_kit.o(i.BSP_LED_Init) refers to py32f072xx_start_kit.o(.data) for LED_PORT
    py32f072xx_start_kit.o(i.BSP_LED_Off) refers to py32f072_hal_gpio.o(i.HAL_GPIO_WritePin) for HAL_GPIO_WritePin
[...]
    printf1.o(i.__0vsprintf$1) refers to printf1.o(i._printf_core) for _printf_core
    printf1.o(i.__0vsprintf$1) refers to printf1.o(i._sputc) for _sputc
    printf1.o(i._printf_core) refers to uidiv.o(.text) for __aeabi_uidivmod
    printf2.o(i.__0fprintf$2) refers to printf2.o(i._printf_core) for _printf_core
    printf2.o(i.__0fprintf$2) refers to py32f072xx_start_kit.o(i.fputc) for fputc
    printf2.o(i.__0printf$2) refers to printf2.o(i._printf_core) for _printf_core
    printf2.o(i.__0printf$2) refers to py32f072xx_start_kit.o(i.fputc) for fputc
    printf2.o(i.__0printf$2) refers to stdout.o(.data) for __stdout
    printf2.o(i.__0snprintf$2) refers to printf2.o(i._printf_core) for _printf_core
    printf2.o(i.__0snprintf$2) refers to printf2.o(i._snputc) for _snputc
    printf2.o(i.__0sprintf$2) refers to printf2.o(i._printf_core) for _printf_core
    printf2.o(i.__0sprintf$2) refers to printf2.o(i._sputc) for _sputc
    printf2.o(i.__0vfprintf$2) refers to printf2.o(i._printf_core) for _printf_core
    printf2.o(i.__0vfprintf$2) refers to py32f072xx_start_kit.o(i.fputc) for fputc
    printf2.o(i.__0vprintf$2) refers to printf2.o(i._printf_core) for _printf_core
    printf2.o(i.__0vprintf$2) refers to py32f072xx_start_kit.o(i.fputc) for fputc
    printf2.o(i.__0vprintf$2) refers to stdout.o(.data) for __stdout
    printf2.o(i.__0vsnprintf$2) refers to printf2.o(i._printf_core) for _printf_core
    printf2.o(i.__0vsnprintf$2) refers to printf2.o(i._snputc) for _snputc
    printf2.o(i.__0vsprintf$2) refers to printf2.o(i._printf_core) for _printf_core
    printf2.o(i.__0vsprintf$2) refers to printf2.o(i._sputc) for _sputc
    printf3.o(i.__0fprintf$3) refers to printf3.o(i._printf_core) for _printf_core
    printf3.o(i.__0fprintf$3) refers to py32f072xx_start_kit.o(i.fputc) for fputc
    printf3.o(i.__0printf$3) refers to printf3.o(i._printf_core) for _printf_core
    printf3.o(i.__0printf$3) refers to py32f072xx_start_kit.o(i.fputc) for fputc
    printf3.o(i.__0printf$3) refers to stdout.o(.data) for __stdout
    printf3.o(i.__0snprintf$3) refers to printf3.o(i._printf_core) for _printf_core
    printf3.o(i.__0snprintf$3) refers to printf3.o(i._snputc) for _snputc
    printf3.o(i.__0sprintf$3) refers to printf3.o(i._printf_core) for _printf_core
    printf3.o(i.__0sprintf$3) refers to printf3.o(i._sputc) for _sputc
    printf3.o(i.__0vfprintf$3) refers to printf3.o(i._printf_core) for _printf_core
    printf3.o(i.__0vfprintf$3) refers to py32f072xx_start_kit.o(i.fputc) for fputc
    printf3.o(i.__0vprintf$3) refers to printf3.o(i._printf_core) for _printf_core
    printf3.o(i.__0vprintf$3) refers to py32f072xx_start_kit.o(i.fputc) for fputc
    printf3.o(i.__0vprintf$3) refers to stdout.o(.data) for __stdout
    printf3.o(i.__0vsnprintf$3) refers to printf3.o(i._printf_core) for _printf_core
    printf3.o(i.__0vsnprintf$3) refers to printf3.o(i._snputc) for _snputc
    printf3.o(i.__0vsprintf$3) refers to printf3.o(i._printf_core) for _printf_core
    printf3.o(i.__0vsprintf$3) refers to printf3.o(i._sputc) for _sputc
    printf3.o(i._printf_core) refers to uidiv.o(.text) for __aeabi_uidivmod
    printf4.o(i.__0fprintf$4) refers to printf4.o(i._printf_core) for _printf_core
    printf4.o(i.__0fprintf$4) refers to py32f072xx_start_kit.o(i.fputc) for fputc
    printf4.o(i.__0printf$4) refers to printf4.o(i._printf_core) for _printf_core
    printf4.o(i.__0printf$4) refers to py32f072xx_start_kit.o(i.fputc) for fputc
    printf4.o(i.__0printf$4) refers to stdout.o(.data) for __stdout
    printf4.o(i.__0snprintf$4) refers to printf4.o(i._printf_core) for _printf_core
    printf4.o(i.__0snprintf$4) refers to printf4.o(i._snputc) for _snputc
    printf4.o(i.__0sprintf$4) refers to printf4.o(i._printf_core) for _printf_core
    printf4.o(i.__0sprintf$4) refers to printf4.o(i._sputc) for _sputc
    printf4.o(i.__0vfprintf$4) refers to printf4.o(i._printf_core) for _printf_core
    printf4.o(i.__0vfprintf$4) refers to py32f072xx_start_kit.o(i.fputc) for fputc
    printf4.o(i.__0vprintf$4) refers to printf4.o(i._printf_core) for _printf_core
    printf4.o(i.__0vprintf$4) refers to py32f072xx_start_kit.o(i.fputc) for fputc
    printf4.o(i.__0vprintf$4) refers to stdout.o(.data) for __stdout
    printf4.o(i.__0vsnprintf$4) refers to printf4.o(i._printf_core) for _printf_core
    printf4.o(i.__0vsnprintf$4) refers to printf4.o(i._snputc) for _snputc
    printf4.o(i.__0vsprintf$4) refers to printf4.o(i._printf_core) for _printf_core
    printf4.o(i.__0vsprintf$4) refers to printf4.o(i._sputc) for _sputc
    printf4.o(i._printf_core) refers to uldiv.o(.text) for __aeabi_uldivmod
    printf5.o(i.__0fprintf$5) refers to printf5.o(i._printf_core) for _printf_core
    printf5.o(i.__0fprintf$5) refers to py32f072xx_start_kit.o(i.fputc) for fputc
    printf5.o(i.__0printf$5) refers to printf5.o(i._printf_core) for _printf_core
    printf5.o(i.__0printf$5) refers to py32f072xx_start_kit.o(i.fputc) for fputc
    printf5.o(i.__0printf$5) refers to stdout.o(.data) for __stdout
    printf5.o(i.__0snprintf$5) refers to printf5.o(i._printf_core) for _printf_core
    printf5.o(i.__0snprintf$5) refers to printf5.o(i._snputc) for _snputc
    printf5.o(i.__0sprintf$5) refers to printf5.o(i._printf_core) for _printf_core
    printf5.o(i.__0sprintf$5) refers to printf5.o(i._sputc) for _sputc
    printf5.o(i.__0vfprintf$5) refers to printf5.o(i._printf_core) for _printf_core
    printf5.o(i.__0vfprintf$5) refers to py32f072xx_start_kit.o(i.fputc) for fputc
    printf5.o(i.__0vprintf$5) refers to printf5.o(i._printf_core) for _printf_core
    printf5.o(i.__0vprintf$5) refers to py32f072xx_start_kit.o(i.fputc) for fputc
    printf5.o(i.__0vprintf$5) refers to stdout.o(.data) for __stdout
    printf5.o(i.__0vsnprintf$5) refers to printf5.o(i._printf_core) for _printf_core
    printf5.o(i.__0vsnprintf$5) refers to printf5.o(i._snputc) for _snputc
    printf5.o(i.__0vsprintf$5) refers to printf5.o(i._printf_core) for _printf_core
    printf5.o(i.__0vsprintf$5) refers to printf5.o(i._sputc) for _sputc
    printf5.o(i._printf_core) refers to uldiv.o(.text) for __aeabi_uldivmod
    printf6.o(i.__0fprintf$6) refers to printf6.o(i._printf_core) for _printf_core
    printf6.o(i.__0fprintf$6) refers to py32f072xx_start_kit.o(i.fputc) for fputc
    printf6.o(i.__0printf$6) refers to printf6.o(i._printf_core) for _printf_core
    printf6.o(i.__0printf$6) refers to py32f072xx_start_kit.o(i.fputc) for fputc
    printf6.o(i.__0printf$6) refers to stdout.o(.data) for __stdout
    printf6.o(i.__0snprintf$6) refers to printf6.o(i._printf_core) for _printf_core
    printf6.o(i.__0snprintf$6) refers to printf6.o(i._snputc) for _snputc
    printf6.o(i.__0sprintf$6) refers to printf6.o(i._printf_core) for _printf_core
    printf6.o(i.__0sprintf$6) refers to printf6.o(i._sputc) for _sputc
    printf6.o(i.__0vfprintf$6) refers to printf6.o(i._printf_core) for _printf_core
    printf6.o(i.__0vfprintf$6) refers to py32f072xx_start_kit.o(i.fputc) for fputc
    printf6.o(i.__0vprintf$6) refers to printf6.o(i._printf_core) for _printf_core
    printf6.o(i.__0vprintf$6) refers to py32f072xx_start_kit.o(i.fputc) for fputc
    printf6.o(i.__0vprintf$6) refers to stdout.o(.data) for __stdout
    printf6.o(i.__0vsnprintf$6) refers to printf6.o(i._printf_core) for _printf_core
    printf6.o(i.__0vsnprintf$6) refers to printf6.o(i._snputc) for _snputc
    printf6.o(i.__0vsprintf$6) refers to printf6.o(i._printf_core) for _printf_core
    printf6.o(i.__0vsprintf$6) refers to printf6.o(i._sputc) for _sputc
    printf6.o(i._printf_core) refers to printf6.o(i._printf_pre_padding) for _printf_pre_padding
    printf6.o(i._printf_core) refers to printf6.o(i._printf_post_padding) for _printf_post_padding
    printf6.o(i._printf_core) refers to uidiv.o(.text) for __aeabi_uidivmod
    printf7.o(i.__0fprintf$7) refers to printf7.o(i._printf_core) for _printf_core
    printf7.o(i.__0fprintf$7) refers to py32f072xx_start_kit.o(i.fputc) for fputc
    printf7.o(i.__0printf$7) refers to printf7.o(i._printf_core) for _printf_core
    printf7.o(i.__0printf$7) refers to py32f072xx_start_kit.o(i.fputc) for fputc
    printf7.o(i.__0printf$7) refers to stdout.o(.data) for __stdout
    printf7.o(i.__0snprintf$7) refers to printf7.o(i._printf_core) for _printf_core
    printf7.o(i.__0snprintf$7) refers to printf7.o(i._snputc) for _snputc
    printf7.o(i.__0sprintf$7) refers to printf7.o(i._printf_core) for _printf_core
    printf7.o(i.__0sprintf$7) refers to printf7.o(i._sputc) for _sputc
    printf7.o(i.__0vfprintf$7) refers to printf7.o(i._printf_core) for _printf_core
    printf7.o(i.__0vfprintf$7) refers to py32f072xx_start_kit.o(i.fputc) for fputc
    printf7.o(i.__0vprintf$7) refers to printf7.o(i._printf_core) for _printf_core
    printf7.o(i.__0vprintf$7) refers to py32f072xx_start_kit.o(i.fputc) for fputc
    printf7.o(i.__0vprintf$7) refers to stdout.o(.data) for __stdout
    printf7.o(i.__0vsnprintf$7) refers to printf7.o(i._printf_core) for _printf_core
    printf7.o(i.__0vsnprintf$7) refers to printf7.o(i._snputc) for _snputc
    printf7.o(i.__0vsprintf$7) refers to printf7.o(i._printf_core) for _printf_core
    printf7.o(i.__0vsprintf$7) refers to printf7.o(i._sputc) for _sputc
    printf7.o(i._printf_core) refers to printf7.o(i._printf_pre_padding) for _printf_pre_padding
    printf7.o(i._printf_core) refers to printf7.o(i._printf_post_padding) for _printf_post_padding
    printf7.o(i._printf_core) refers to uldiv.o(.text) for __aeabi_uldivmod
    printf8.o(i.__0fprintf$8) refers to printf8.o(i._printf_core) for _printf_core
    printf8.o(i.__0fprintf$8) refers to py32f072xx_start_kit.o(i.fputc) for fputc
    printf8.o(i.__0printf$8) refers to printf8.o(i._printf_core) for _printf_core
    printf8.o(i.__0printf$8) refers to py32f072xx_start_kit.o(i.fputc) for fputc
    printf8.o(i.__0printf$8) refers to stdout.o(.data) for __stdout
    printf8.o(i.__0snprintf$8) refers to printf8.o(i._printf_core) for _printf_core
    printf8.o(i.__0snprintf$8) refers to printf8.o(i._snputc) for _snputc
    printf8.o(i.__0sprintf$8) refers to printf8.o(i._printf_core) for _printf_core
    printf8.o(i.__0sprintf$8) refers to printf8.o(i._sputc) for _sputc
    printf8.o(i.__0vfprintf$8) refers to printf8.o(i._printf_core) for _printf_core
    printf8.o(i.__0vfprintf$8) refers to py32f072xx_start_kit.o(i.fputc) for fputc
    printf8.o(i.__0vprintf$8) refers to printf8.o(i._printf_core) for _printf_core
    printf8.o(i.__0vprintf$8) refers to py32f072xx_start_kit.o(i.fputc) for fputc
    printf8.o(i.__0vprintf$8) refers to stdout.o(.data) for __stdout
    printf8.o(i.__0vsnprintf$8) refers to printf8.o(i._printf_core) for _printf_core
    printf8.o(i.__0vsnprintf$8) refers to printf8.o(i._snputc) for _snputc
    printf8.o(i.__0vsprintf$8) refers to printf8.o(i._printf_core) for _printf_core
    printf8.o(i.__0vsprintf$8) refers to printf8.o(i._sputc) for _sputc
    printf8.o(i._printf_core) refers to printf8.o(i._printf_pre_padding) for _printf_pre_padding
    printf8.o(i._printf_core) refers to printf8.o(i._printf_post_padding) for _printf_post_padding
    printf8.o(i._printf_core) refers to uldiv.o(.text) for __aeabi_uldivmod
    printfa.o(i.__0fprintf) refers (Special) to iusefp.o(.text) for __I$use$fp
    printfa.o(i.__0fprintf) refers to printfa.o(i._printf_core) for _printf_core
    printfa.o(i.__0fprintf) refers to py32f072xx_start_kit.o(i.fputc) for fputc
    printfa.o(i.__0printf) refers (Special) to iusefp.o(.text) for __I$use$fp
    printfa.o(i.__0printf) refers to printfa.o(i._printf_core) for _printf_core
    printfa.o(i.__0printf) refers to py32f072xx_start_kit.o(i.fputc) for fputc
    printfa.o(i.__0printf) refers to stdout.o(.data) for __stdout
    printfa.o(i.__0snprintf) refers (Special) to iusefp.o(.text) for __I$use$fp
    printfa.o(i.__0snprintf) refers to printfa.o(i._printf_core) for _printf_core
    printfa.o(i.__0snprintf) refers to printfa.o(i._snputc) for _snputc
    printfa.o(i.__0sprintf) refers (Special) to iusefp.o(.text) for __I$use$fp
    printfa.o(i.__0sprintf) refers to printfa.o(i._printf_core) for _printf_core
    printfa.o(i.__0sprintf) refers to printfa.o(i._sputc) for _sputc
    printfa.o(i.__0vfprintf) refers (Special) to iusefp.o(.text) for __I$use$fp
    printfa.o(i.__0vfprintf) refers to printfa.o(i._printf_core) for _printf_core
    printfa.o(i.__0vfprintf) refers to py32f072xx_start_kit.o(i.fputc) for fputc
    printfa.o(i.__0vprintf) refers (Special) to iusefp.o(.text) for __I$use$fp
    printfa.o(i.__0vprintf) refers to printfa.o(i._printf_core) for _printf_core
    printfa.o(i.__0vprintf) refers to py32f072xx_start_kit.o(i.fputc) for fputc
    printfa.o(i.__0vprintf) refers to stdout.o(.data) for __stdout
    printfa.o(i.__0vsnprintf) refers (Special) to iusefp.o(.text) for __I$use$fp
    printfa.o(i.__0vsnprintf) refers to printfa.o(i._printf_core) for _printf_core
    printfa.o(i.__0vsnprintf) refers to printfa.o(i._snputc) for _snputc
    printfa.o(i.__0vsprintf) refers (Special) to iusefp.o(.text) for __I$use$fp
    printfa.o(i.__0vsprintf) refers to printfa.o(i._printf_core) for _printf_core
    printfa.o(i.__0vsprintf) refers to printfa.o(i._sputc) for _sputc
    printfa.o(i._fp_digits) refers (Special) to iusefp.o(.text) for __I$use$fp
    printfa.o(i._fp_digits) refers to dmul.o(.text) for __aeabi_dmul
    printfa.o(i._fp_digits) refers to ddiv.o(.text) for __aeabi_ddiv
    printfa.o(i._fp_digits) refers to cdrcmple.o(.text) for __aeabi_cdrcmple
    printfa.o(i._fp_digits) refers to dadd.o(.text) for __aeabi_dadd
    printfa.o(i._fp_digits) refers to dfixul.o(.text) for __aeabi_d2ulz
    printfa.o(i._fp_digits) refers to uldiv.o(.text) for __aeabi_uldivmod
    printfa.o(i._printf_core) refers (Special) to iusefp.o(.text) for __I$use$fp
    printfa.o(i._printf_core) refers to printfa.o(i._printf_pre_padding) for _printf_pre_padding
    printfa.o(i._printf_core) refers to uldiv.o(.text) for __aeabi_uldivmod
    printfa.o(i._printf_core) refers to printfa.o(i._printf_post_padding) for _printf_post_padding
    printfa.o(i._printf_core) refers to printfa.o(i._fp_digits) for _fp_digits
    printfa.o(i._printf_core) refers to uidiv.o(.text) for __aeabi_uidivmod
    printfa.o(i._printf_post_padding) refers (Special) to iusefp.o(.text) for __I$use$fp
    printfa.o(i._printf_pre_padding) refers (Special) to iusefp.o(.text) for __I$use$fp
    printfa.o(i._snputc) refers (Special) to iusefp.o(.text) for __I$use$fp
    printfa.o(i._sputc) refers (Special) to iusefp.o(.text) for __I$use$fp
    entry2.o(.ARM.Collect$$$$00000001) refers to entry2.o(.ARM.Collect$$$$00002712) for __lit__00000000
    entry2.o(.ARM.Collect$$$$00002712) refers to startup_py32f072xx.o(STACK) for __initial_sp
    entry2.o(__vectab_stack_and_reset_area) refers to startup_py32f072xx.o(STACK) for __initial_sp
    entry2.o(__vectab_stack_and_reset_area) refers to entry.o(.ARM.Collect$$$$00000000) for __main
    entry5.o(.ARM.Collect$$$$00000004) refers to init.o(.text) for __scatterload
    entry9a.o(.ARM.Collect$$$$0000000B) refers to main.o(i.main) for main
    entry9b.o(.ARM.Collect$$$$0000000C) refers to main.o(i.main) for main
    uldiv.o(.text) refers to llushr.o(.text) for __aeabi_llsr
    uldiv.o(.text) refers to llshl.o(.text) for __aeabi_llsl
    dadd.o(.text) refers to llshl.o(.text) for __aeabi_llsl
    dadd.o(.text) refers to llsshr.o(.text) for __aeabi_lasr
    dadd.o(.text) refers to depilogue.o(.text) for _double_epilogue
    dmul.o(.text) refers to depilogue.o(.text) for _double_epilogue
    ddiv.o(.text) refers to depilogue.o(.text) for _double_round
    dfixul.o(.text) refers to llushr.o(.text) for __aeabi_llsr
    dfixul.o(.text) refers to llshl.o(.text) for __aeabi_llsl
    init.o(.text) refers to entry5.o(.ARM.Collect$$$$00000004) for __main_after_scatterload
    depilogue.o(.text) refers to depilogue.o(i.__ARM_clz) for __ARM_clz
    depilogue.o(.text) refers to llshl.o(.text) for __aeabi_llsl
    depilogue.o(.text) refers to llushr.o(.text) for __aeabi_llsr


==============================================================================

Removing Unused input sections from the image.

    Removing startup_py32f072xx.o(HEAP), (512 bytes).
    Removing system_py32f072.o(.rev16_text), (4 bytes).
    Removing system_py32f072.o(.revsh_text), (4 bytes).
    Removing system_py32f072.o(i.SystemCoreClockUpdate), (236 bytes).
    Removing main.o(.rev16_text), (4 bytes).
    Removing main.o(.revsh_text), (4 bytes).
    Removing py32f072_hal_msp.o(.rev16_text), (4 bytes).
    Removing py32f072_hal_msp.o(.revsh_text), (4 bytes).
    Removing py32f072_it.o(.rev16_text), (4 bytes).
    Removing py32f072_it.o(.revsh_text), (4 bytes).
    Removing py32f072xx_start_kit.o(.rev16_text), (4 bytes).
    Removing py32f072xx_start_kit.o(.revsh_text), (4 bytes).
    Removing py32f072xx_start_kit.o(i.BSP_GetVersion), (6 bytes).
    Removing py32f072xx_start_kit.o(i.BSP_LED_DeInit), (56 bytes).
    Removing py32f072xx_start_kit.o(i.BSP_LED_Off), (32 bytes).
    Removing py32f072xx_start_kit.o(i.BSP_LED_On), (32 bytes).
    Removing py32f072xx_start_kit.o(i.BSP_LED_Toggle), (32 bytes).
    Removing py32f072xx_start_kit.o(i.BSP_PB_DeInit), (52 bytes).
    Removing py32f072xx_start_kit.o(i.BSP_PB_GetState), (32 bytes).
    Removing py32f072xx_start_kit.o(i.BSP_PB_Init), (148 bytes).
    Removing py32f072xx_start_kit.o(i.fgetc), (28 bytes).
    Removing py32f072_hal.o(.rev16_text), (4 bytes).
    Removing py32f072_hal.o(.revsh_text), (4 bytes).
    Removing py32f072_hal.o(i.HAL_DBGMCU_DisableDBGMCUSleepMode), (20 bytes).
    Removing py32f072_hal.o(i.HAL_DBGMCU_DisableDBGMCUStopMode), (20 bytes).
    Removing py32f072_hal.o(i.HAL_DBGMCU_EnableDBGMCUSleepMode), (20 bytes).
    Removing py32f072_hal.o(i.HAL_DBGMCU_EnableDBGMCUStopMode), (20 bytes).
    Removing py32f072_hal.o(i.HAL_DeInit), (52 bytes).
    Removing py32f072_hal.o(i.HAL_GetHalVersion), (6 bytes).
    Removing py32f072_hal.o(i.HAL_GetREVID), (12 bytes).
    Removing py32f072_hal.o(i.HAL_GetTickFreq), (12 bytes).
    Removing py32f072_hal.o(i.HAL_GetTickPrio), (12 bytes).
    Removing py32f072_hal.o(i.HAL_GetUIDw0), (12 bytes).
    Removing py32f072_hal.o(i.HAL_GetUIDw1), (12 bytes).
    Removing py32f072_hal.o(i.HAL_GetUIDw2), (12 bytes).
    Removing py32f072_hal.o(i.HAL_MspDeInit), (2 bytes).
    Removing py32f072_hal.o(i.HAL_MspInit), (2 bytes).
    Removing py32f072_hal.o(i.HAL_ResumeTick), (20 bytes).
    Removing py32f072_hal.o(i.HAL_SYSCFG_DisableGPIONoiseFilter), (92 bytes).
    Removing py32f072_hal.o(i.HAL_SYSCFG_EnableGPIONoiseFilter), (92 bytes).
    Removing py32f072_hal.o(i.HAL_SYSCFG_TIM1ETRSource), (24 bytes).
    Removing py32f072_hal.o(i.HAL_SYSCFG_TIM1IC1Source), (20 bytes).
    Removing py32f072_hal.o(i.HAL_SYSCFG_TIM2ETRSource), (24 bytes).
    Removing py32f072_hal.o(i.HAL_SYSCFG_TIM2IC4Source), (20 bytes).
    Removing py32f072_hal.o(i.HAL_SYSCFG_TIM3ETRSource), (24 bytes).
    Removing py32f072_hal.o(i.HAL_SYSCFG_TIM3IC1Source), (20 bytes).
    Removing py32f072_hal.o(i.HAL_SetTickFreq), (44 bytes).
    Removing py32f072_hal.o(i.HAL_SuspendTick), (20 bytes).
    Removing py32f072_hal_rcc.o(.rev16_text), (4 bytes).
    Removing py32f072_hal_rcc.o(.revsh_text), (4 bytes).
    Removing py32f072_hal_rcc.o(i.HAL_RCC_CSSCallback), (2 bytes).
    Removing py32f072_hal_rcc.o(i.HAL_RCC_DeInit), (236 bytes).
    Removing py32f072_hal_rcc.o(i.HAL_RCC_DisableLSECSS), (20 bytes).
    Removing py32f072_hal_rcc.o(i.HAL_RCC_EnableCSS), (20 bytes).
    Removing py32f072_hal_rcc.o(i.HAL_RCC_EnableLSECSS), (20 bytes).
    Removing py32f072_hal_rcc.o(i.HAL_RCC_GetClockConfig), (60 bytes).
    Removing py32f072_hal_rcc.o(i.HAL_RCC_GetOscConfig), (232 bytes).
    Removing py32f072_hal_rcc.o(i.HAL_RCC_LSECSSCallback), (2 bytes).
    Removing py32f072_hal_rcc.o(i.HAL_RCC_MCOConfig), (268 bytes).
    Removing py32f072_hal_rcc.o(i.HAL_RCC_NMI_IRQHandler), (48 bytes).
    Removing py32f072_hal_rcc_ex.o(.rev16_text), (4 bytes).
    Removing py32f072_hal_rcc_ex.o(.revsh_text), (4 bytes).
    Removing py32f072_hal_rcc_ex.o(i.HAL_RCCEx_DisableLSCO), (120 bytes).
    Removing py32f072_hal_rcc_ex.o(i.HAL_RCCEx_EnableLSCO), (132 bytes).
    Removing py32f072_hal_rcc_ex.o(i.HAL_RCCEx_GetPeriphCLKConfig), (168 bytes).
    Removing py32f072_hal_gpio.o(.rev16_text), (4 bytes).
    Removing py32f072_hal_gpio.o(.revsh_text), (4 bytes).
    Removing py32f072_hal_gpio.o(i.HAL_GPIO_DeInit), (256 bytes).
    Removing py32f072_hal_gpio.o(i.HAL_GPIO_EXTI_Callback), (2 bytes).
    Removing py32f072_hal_gpio.o(i.HAL_GPIO_EXTI_IRQHandler), (32 bytes).
    Removing py32f072_hal_gpio.o(i.HAL_GPIO_LockPin), (50 bytes).
    Removing py32f072_hal_gpio.o(i.HAL_GPIO_ReadPin), (18 bytes).
    Removing py32f072_hal_gpio.o(i.HAL_GPIO_TogglePin), (16 bytes).
    Removing py32f072_hal_dma.o(.rev16_text), (4 bytes).
    Removing py32f072_hal_dma.o(.revsh_text), (4 bytes).
    Removing py32f072_hal_dma.o(i.DMA_SetConfig), (42 bytes).
    Removing py32f072_hal_dma.o(i.HAL_DMA_Abort), (84 bytes).
    Removing py32f072_hal_dma.o(i.HAL_DMA_Abort_IT), (180 bytes).
    Removing py32f072_hal_dma.o(i.HAL_DMA_ChannelMap), (128 bytes).
    Removing py32f072_hal_dma.o(i.HAL_DMA_DeInit), (108 bytes).
    Removing py32f072_hal_dma.o(i.HAL_DMA_GetError), (6 bytes).
    Removing py32f072_hal_dma.o(i.HAL_DMA_GetState), (8 bytes).
    Removing py32f072_hal_dma.o(i.HAL_DMA_IRQHandler), (420 bytes).
    Removing py32f072_hal_dma.o(i.HAL_DMA_Init), (112 bytes).
    Removing py32f072_hal_dma.o(i.HAL_DMA_PollForTransfer), (688 bytes).
    Removing py32f072_hal_dma.o(i.HAL_DMA_RegisterCallback), (92 bytes).
    Removing py32f072_hal_dma.o(i.HAL_DMA_Start), (110 bytes).
    Removing py32f072_hal_dma.o(i.HAL_DMA_Start_IT), (154 bytes).
    Removing py32f072_hal_dma.o(i.HAL_DMA_UnRegisterCallback), (108 bytes).
    Removing py32f072_hal_pwr.o(.rev16_text), (4 bytes).
    Removing py32f072_hal_pwr.o(.revsh_text), (4 bytes).
    Removing py32f072_hal_pwr.o(i.HAL_PWR_ConfigBIAS), (60 bytes).
    Removing py32f072_hal_pwr.o(i.HAL_PWR_ConfigPVD), (204 bytes).
    Removing py32f072_hal_pwr.o(i.HAL_PWR_ConfigStopMode), (40 bytes).
    Removing py32f072_hal_pwr.o(i.HAL_PWR_DeInit), (32 bytes).
    Removing py32f072_hal_pwr.o(i.HAL_PWR_DisableBkUpAccess), (20 bytes).
    Removing py32f072_hal_pwr.o(i.HAL_PWR_DisablePVD), (20 bytes).
    Removing py32f072_hal_pwr.o(i.HAL_PWR_DisableSEVOnPend), (20 bytes).
    Removing py32f072_hal_pwr.o(i.HAL_PWR_DisableSleepOnExit), (20 bytes).
    Removing py32f072_hal_pwr.o(i.HAL_PWR_EnableBkUpAccess), (20 bytes).
    Removing py32f072_hal_pwr.o(i.HAL_PWR_EnablePVD), (20 bytes).
    Removing py32f072_hal_pwr.o(i.HAL_PWR_EnableSEVOnPend), (20 bytes).
    Removing py32f072_hal_pwr.o(i.HAL_PWR_EnableSleepOnExit), (20 bytes).
    Removing py32f072_hal_pwr.o(i.HAL_PWR_EnterSLEEPMode), (32 bytes).
    Removing py32f072_hal_pwr.o(i.HAL_PWR_EnterSTOPMode), (84 bytes).
    Removing py32f072_hal_pwr.o(i.HAL_PWR_PVD_Callback), (2 bytes).
    Removing py32f072_hal_pwr.o(i.HAL_PWR_PVD_IRQHandler), (32 bytes).
    Removing py32f072_hal_uart.o(.rev16_text), (4 bytes).
    Removing py32f072_hal_uart.o(.revsh_text), (4 bytes).
    Removing py32f072_hal_uart.o(i.HAL_HalfDuplex_EnableReceiver), (72 bytes).
    Removing py32f072_hal_uart.o(i.HAL_HalfDuplex_EnableTransmitter), (72 bytes).
    Removing py32f072_hal_uart.o(i.HAL_HalfDuplex_Init), (128 bytes).
    Removing py32f072_hal_uart.o(i.HAL_LIN_Init), (162 bytes).
    Removing py32f072_hal_uart.o(i.HAL_LIN_SendBreak), (62 bytes).
    Removing py32f072_hal_uart.o(i.HAL_MultiProcessor_EnterMuteMode), (62 bytes).
    Removing py32f072_hal_uart.o(i.HAL_MultiProcessor_ExitMuteMode), (62 bytes).
    Removing py32f072_hal_uart.o(i.HAL_MultiProcessor_Init), (166 bytes).
    Removing py32f072_hal_uart.o(i.HAL_UART_Abort), (176 bytes).
    Removing py32f072_hal_uart.o(i.HAL_UART_AbortCpltCallback), (2 bytes).
    Removing py32f072_hal_uart.o(i.HAL_UART_AbortReceive), (106 bytes).
    Removing py32f072_hal_uart.o(i.HAL_UART_AbortReceiveCpltCallback), (2 bytes).
    Removing py32f072_hal_uart.o(i.HAL_UART_AbortReceive_IT), (124 bytes).
    Removing py32f072_hal_uart.o(i.HAL_UART_AbortTransmit), (92 bytes).
    Removing py32f072_hal_uart.o(i.HAL_UART_AbortTransmitCpltCallback), (2 bytes).
    Removing py32f072_hal_uart.o(i.HAL_UART_AbortTransmit_IT), (112 bytes).
    Removing py32f072_hal_uart.o(i.HAL_UART_Abort_IT), (232 bytes).
    Removing py32f072_hal_uart.o(i.HAL_UART_DMAPause), (130 bytes).
    Removing py32f072_hal_uart.o(i.HAL_UART_DMAResume), (128 bytes).
    Removing py32f072_hal_uart.o(i.HAL_UART_DMAStop), (110 bytes).
    Removing py32f072_hal_uart.o(i.HAL_UART_DeInit), (64 bytes).
    Removing py32f072_hal_uart.o(i.HAL_UART_ErrorCallback), (2 bytes).
    Removing py32f072_hal_uart.o(i.HAL_UART_GetError), (6 bytes).
    Removing py32f072_hal_uart.o(i.HAL_UART_GetState), (20 bytes).
    Removing py32f072_hal_uart.o(i.HAL_UART_IRQHandler), (424 bytes).
    Removing py32f072_hal_uart.o(i.HAL_UART_IdleFrameDetectCpltCallback), (2 bytes).
    Removing py32f072_hal_uart.o(i.HAL_UART_MspDeInit), (2 bytes).
    Removing py32f072_hal_uart.o(i.HAL_UART_Receive), (228 bytes).
    Removing py32f072_hal_uart.o(i.HAL_UART_Receive_DMA), (220 bytes).
    Removing py32f072_hal_uart.o(i.HAL_UART_Receive_IT), (118 bytes).
    Removing py32f072_hal_uart.o(i.HAL_UART_RxCpltCallback), (2 bytes).
    Removing py32f072_hal_uart.o(i.HAL_UART_RxHalfCpltCallback), (2 bytes).
    Removing py32f072_hal_uart.o(i.HAL_UART_Transmit_DMA), (160 bytes).
    Removing py32f072_hal_uart.o(i.HAL_UART_Transmit_IT), (92 bytes).
    Removing py32f072_hal_uart.o(i.HAL_UART_TxCpltCallback), (2 bytes).
    Removing py32f072_hal_uart.o(i.HAL_UART_TxHalfCpltCallback), (2 bytes).
    Removing py32f072_hal_uart.o(i.UART_DMAAbortOnError), (20 bytes).
    Removing py32f072_hal_uart.o(i.UART_DMAError), (88 bytes).
    Removing py32f072_hal_uart.o(i.UART_DMAReceiveCplt), (70 bytes).
    Removing py32f072_hal_uart.o(i.UART_DMARxAbortCallback), (56 bytes).
    Removing py32f072_hal_uart.o(i.UART_DMARxHalfCplt), (14 bytes).
    Removing py32f072_hal_uart.o(i.UART_DMARxOnlyAbortCallback), (24 bytes).
    Removing py32f072_hal_uart.o(i.UART_DMATransmitCplt), (54 bytes).
    Removing py32f072_hal_uart.o(i.UART_DMATxAbortCallback), (56 bytes).
    Removing py32f072_hal_uart.o(i.UART_DMATxHalfCplt), (14 bytes).
    Removing py32f072_hal_uart.o(i.UART_DMATxOnlyAbortCallback), (24 bytes).
    Removing py32f072_hal_uart.o(i.UART_EndRxTransfer), (34 bytes).
    Removing py32f072_hal_uart.o(i.UART_EndTransmit_IT), (32 bytes).
    Removing py32f072_hal_uart.o(i.UART_EndTxTransfer), (20 bytes).
    Removing py32f072_hal_uart.o(i.UART_Receive_IT), (136 bytes).
    Removing py32f072_hal_uart.o(i.UART_Transmit_IT), (106 bytes).
    Removing py32f072_hal_cortex.o(.rev16_text), (4 bytes).
    Removing py32f072_hal_cortex.o(.revsh_text), (4 bytes).
    Removing py32f072_hal_cortex.o(i.HAL_NVIC_ClearPendingIRQ), (28 bytes).
    Removing py32f072_hal_cortex.o(i.HAL_NVIC_DisableIRQ), (36 bytes).
    Removing py32f072_hal_cortex.o(i.HAL_NVIC_GetPendingIRQ), (48 bytes).
    Removing py32f072_hal_cortex.o(i.HAL_NVIC_GetPriority), (72 bytes).
    Removing py32f072_hal_cortex.o(i.HAL_NVIC_SetPendingIRQ), (28 bytes).
    Removing py32f072_hal_cortex.o(i.HAL_NVIC_SystemReset), (32 bytes).
    Removing py32f072_hal_cortex.o(i.HAL_SYSTICK_CLKSourceConfig), (36 bytes).
    Removing py32f072_hal_cortex.o(i.HAL_SYSTICK_Callback), (2 bytes).
    Removing py32f072_hal_cortex.o(i.HAL_SYSTICK_IRQHandler), (8 bytes).
    Removing py32f072_hal_tim.o(.rev16_text), (4 bytes).
    Removing py32f072_hal_tim.o(.revsh_text), (4 bytes).
    Removing py32f072_hal_tim.o(i.HAL_TIM_Base_DeInit), (80 bytes).
    Removing py32f072_hal_tim.o(i.HAL_TIM_Base_GetState), (8 bytes).
    Removing py32f072_hal_tim.o(i.HAL_TIM_Base_Init), (56 bytes).
    Removing py32f072_hal_tim.o(i.HAL_TIM_Base_MspDeInit), (2 bytes).
    Removing py32f072_hal_tim.o(i.HAL_TIM_Base_MspInit), (2 bytes).
    Removing py32f072_hal_tim.o(i.HAL_TIM_Base_Start), (42 bytes).
    Removing py32f072_hal_tim.o(i.HAL_TIM_Base_Start_DMA), (140 bytes).
    Removing py32f072_hal_tim.o(i.HAL_TIM_Base_Start_IT), (42 bytes).
    Removing py32f072_hal_tim.o(i.HAL_TIM_Base_Stop), (64 bytes).
    Removing py32f072_hal_tim.o(i.HAL_TIM_Base_Stop_DMA), (80 bytes).
    Removing py32f072_hal_tim.o(i.HAL_TIM_Base_Stop_IT), (64 bytes).
    Removing py32f072_hal_tim.o(i.HAL_TIM_ConfigClockSource), (272 bytes).
    Removing py32f072_hal_tim.o(i.HAL_TIM_ConfigOCrefClear), (328 bytes).
    Removing py32f072_hal_tim.o(i.HAL_TIM_ConfigTI1Input), (32 bytes).
    Removing py32f072_hal_tim.o(i.HAL_TIM_DMABurst_MultiReadStart), (496 bytes).
    Removing py32f072_hal_tim.o(i.HAL_TIM_DMABurst_MultiWriteStart), (496 bytes).
    Removing py32f072_hal_tim.o(i.HAL_TIM_DMABurst_ReadStart), (36 bytes).
    Removing py32f072_hal_tim.o(i.HAL_TIM_DMABurst_ReadStop), (166 bytes).
    Removing py32f072_hal_tim.o(i.HAL_TIM_DMABurst_WriteStart), (36 bytes).
    Removing py32f072_hal_tim.o(i.HAL_TIM_DMABurst_WriteStop), (166 bytes).
    Removing py32f072_hal_tim.o(i.HAL_TIM_Encoder_DeInit), (80 bytes).
    Removing py32f072_hal_tim.o(i.HAL_TIM_Encoder_GetState), (8 bytes).
    Removing py32f072_hal_tim.o(i.HAL_TIM_Encoder_Init), (192 bytes).
    Removing py32f072_hal_tim.o(i.HAL_TIM_Encoder_MspDeInit), (2 bytes).
    Removing py32f072_hal_tim.o(i.HAL_TIM_Encoder_MspInit), (2 bytes).
    Removing py32f072_hal_tim.o(i.HAL_TIM_Encoder_Start), (80 bytes).
    Removing py32f072_hal_tim.o(i.HAL_TIM_Encoder_Start_DMA), (396 bytes).
    Removing py32f072_hal_tim.o(i.HAL_TIM_Encoder_Start_IT), (128 bytes).
    Removing py32f072_hal_tim.o(i.HAL_TIM_Encoder_Stop), (112 bytes).
    Removing py32f072_hal_tim.o(i.HAL_TIM_Encoder_Stop_DMA), (192 bytes).
    Removing py32f072_hal_tim.o(i.HAL_TIM_Encoder_Stop_IT), (160 bytes).
    Removing py32f072_hal_tim.o(i.HAL_TIM_ErrorCallback), (2 bytes).
    Removing py32f072_hal_tim.o(i.HAL_TIM_GenerateEvent), (54 bytes).
    Removing py32f072_hal_tim.o(i.HAL_TIM_IC_CaptureCallback), (2 bytes).
    Removing py32f072_hal_tim.o(i.HAL_TIM_IC_CaptureHalfCpltCallback), (2 bytes).
    Removing py32f072_hal_tim.o(i.HAL_TIM_IC_ConfigChannel), (226 bytes).
    Removing py32f072_hal_tim.o(i.HAL_TIM_IC_DeInit), (80 bytes).
    Removing py32f072_hal_tim.o(i.HAL_TIM_IC_GetState), (8 bytes).
    Removing py32f072_hal_tim.o(i.HAL_TIM_IC_Init), (56 bytes).
    Removing py32f072_hal_tim.o(i.HAL_TIM_IC_MspDeInit), (2 bytes).
    Removing py32f072_hal_tim.o(i.HAL_TIM_IC_MspInit), (2 bytes).
    Removing py32f072_hal_tim.o(i.HAL_TIM_IC_Start), (44 bytes).
    Removing py32f072_hal_tim.o(i.HAL_TIM_IC_Start_DMA), (356 bytes).
    Removing py32f072_hal_tim.o(i.HAL_TIM_IC_Start_IT), (122 bytes).
    Removing py32f072_hal_tim.o(i.HAL_TIM_IC_Stop), (64 bytes).
    Removing py32f072_hal_tim.o(i.HAL_TIM_IC_Stop_DMA), (180 bytes).
    Removing py32f072_hal_tim.o(i.HAL_TIM_IC_Stop_IT), (144 bytes).
    Removing py32f072_hal_tim.o(i.HAL_TIM_IRQHandler), (456 bytes).
    Removing py32f072_hal_tim.o(i.HAL_TIM_OC_ConfigChannel), (118 bytes).
    Removing py32f072_hal_tim.o(i.HAL_TIM_OC_DeInit), (80 bytes).
    Removing py32f072_hal_tim.o(i.HAL_TIM_OC_DelayElapsedCallback), (2 bytes).
    Removing py32f072_hal_tim.o(i.HAL_TIM_OC_GetState), (8 bytes).
    Removing py32f072_hal_tim.o(i.HAL_TIM_OC_Init), (56 bytes).
    Removing py32f072_hal_tim.o(i.HAL_TIM_OC_MspDeInit), (2 bytes).
    Removing py32f072_hal_tim.o(i.HAL_TIM_OC_MspInit), (2 bytes).
    Removing py32f072_hal_tim.o(i.HAL_TIM_OC_Start), (116 bytes).
    Removing py32f072_hal_tim.o(i.HAL_TIM_OC_Start_DMA), (428 bytes).
    Removing py32f072_hal_tim.o(i.HAL_TIM_OC_Start_IT), (196 bytes).
    Removing py32f072_hal_tim.o(i.HAL_TIM_OC_Stop), (164 bytes).
    Removing py32f072_hal_tim.o(i.HAL_TIM_OC_Stop_DMA), (280 bytes).
    Removing py32f072_hal_tim.o(i.HAL_TIM_OC_Stop_IT), (244 bytes).
    Removing py32f072_hal_tim.o(i.HAL_TIM_OnePulse_ConfigChannel), (298 bytes).
    Removing py32f072_hal_tim.o(i.HAL_TIM_OnePulse_DeInit), (80 bytes).
    Removing py32f072_hal_tim.o(i.HAL_TIM_OnePulse_GetState), (8 bytes).
    Removing py32f072_hal_tim.o(i.HAL_TIM_OnePulse_Init), (80 bytes).
    Removing py32f072_hal_tim.o(i.HAL_TIM_OnePulse_MspDeInit), (2 bytes).
    Removing py32f072_hal_tim.o(i.HAL_TIM_OnePulse_MspInit), (2 bytes).
    Removing py32f072_hal_tim.o(i.HAL_TIM_OnePulse_Start), (104 bytes).
    Removing py32f072_hal_tim.o(i.HAL_TIM_OnePulse_Start_IT), (128 bytes).
    Removing py32f072_hal_tim.o(i.HAL_TIM_OnePulse_Stop), (176 bytes).
    Removing py32f072_hal_tim.o(i.HAL_TIM_OnePulse_Stop_IT), (200 bytes).
    Removing py32f072_hal_tim.o(i.HAL_TIM_PWM_ConfigChannel), (274 bytes).
    Removing py32f072_hal_tim.o(i.HAL_TIM_PWM_DeInit), (80 bytes).
    Removing py32f072_hal_tim.o(i.HAL_TIM_PWM_GetState), (8 bytes).
    Removing py32f072_hal_tim.o(i.HAL_TIM_PWM_Init), (56 bytes).
    Removing py32f072_hal_tim.o(i.HAL_TIM_PWM_MspDeInit), (2 bytes).
    Removing py32f072_hal_tim.o(i.HAL_TIM_PWM_MspInit), (2 bytes).
    Removing py32f072_hal_tim.o(i.HAL_TIM_PWM_PulseFinishedCallback), (2 bytes).
    Removing py32f072_hal_tim.o(i.HAL_TIM_PWM_PulseFinishedHalfCpltCallback), (2 bytes).
    Removing py32f072_hal_tim.o(i.HAL_TIM_PWM_Start), (116 bytes).
    Removing py32f072_hal_tim.o(i.HAL_TIM_PWM_Start_DMA), (428 bytes).
    Removing py32f072_hal_tim.o(i.HAL_TIM_PWM_Start_IT), (196 bytes).
    Removing py32f072_hal_tim.o(i.HAL_TIM_PWM_Stop), (172 bytes).
    Removing py32f072_hal_tim.o(i.HAL_TIM_PWM_Stop_DMA), (280 bytes).
    Removing py32f072_hal_tim.o(i.HAL_TIM_PWM_Stop_IT), (244 bytes).
    Removing py32f072_hal_tim.o(i.HAL_TIM_PeriodElapsedCallback), (2 bytes).
    Removing py32f072_hal_tim.o(i.HAL_TIM_PeriodElapsedHalfCpltCallback), (2 bytes).
    Removing py32f072_hal_tim.o(i.HAL_TIM_ReadCapturedValue), (52 bytes).
    Removing py32f072_hal_tim.o(i.HAL_TIM_SlaveConfigSynchro), (112 bytes).
    Removing py32f072_hal_tim.o(i.HAL_TIM_SlaveConfigSynchro_IT), (112 bytes).
    Removing py32f072_hal_tim.o(i.HAL_TIM_TriggerCallback), (2 bytes).
    Removing py32f072_hal_tim.o(i.HAL_TIM_TriggerHalfCpltCallback), (2 bytes).
    Removing py32f072_hal_tim.o(i.TIM_Base_SetConfig), (144 bytes).
    Removing py32f072_hal_tim.o(i.TIM_CCxChannelCmd), (34 bytes).
    Removing py32f072_hal_tim.o(i.TIM_DMACaptureCplt), (70 bytes).
    Removing py32f072_hal_tim.o(i.TIM_DMACaptureHalfCplt), (70 bytes).
    Removing py32f072_hal_tim.o(i.TIM_DMADelayPulseCplt), (70 bytes).
    Removing py32f072_hal_tim.o(i.TIM_DMADelayPulseHalfCplt), (70 bytes).
    Removing py32f072_hal_tim.o(i.TIM_DMAError), (20 bytes).
    Removing py32f072_hal_tim.o(i.TIM_DMAPeriodElapsedCplt), (20 bytes).
    Removing py32f072_hal_tim.o(i.TIM_DMAPeriodElapsedHalfCplt), (20 bytes).
    Removing py32f072_hal_tim.o(i.TIM_DMATriggerCplt), (20 bytes).
    Removing py32f072_hal_tim.o(i.TIM_DMATriggerHalfCplt), (20 bytes).
    Removing py32f072_hal_tim.o(i.TIM_ETR_SetConfig), (28 bytes).
    Removing py32f072_hal_tim.o(i.TIM_ITRx_SetConfig), (24 bytes).
    Removing py32f072_hal_tim.o(i.TIM_OC1_SetConfig), (168 bytes).
    Removing py32f072_hal_tim.o(i.TIM_OC2_SetConfig), (184 bytes).
    Removing py32f072_hal_tim.o(i.TIM_OC3_SetConfig), (180 bytes).
    Removing py32f072_hal_tim.o(i.TIM_OC4_SetConfig), (128 bytes).
    Removing py32f072_hal_tim.o(i.TIM_SlaveTimer_SetConfig), (176 bytes).
    Removing py32f072_hal_tim.o(i.TIM_TI1_ConfigInputStage), (50 bytes).
    Removing py32f072_hal_tim.o(i.TIM_TI1_SetConfig), (96 bytes).
    Removing py32f072_hal_tim.o(i.TIM_TI2_ConfigInputStage), (50 bytes).
    Removing py32f072_hal_tim.o(i.TIM_TI2_SetConfig), (72 bytes).
    Removing py32f072_hal_tim.o(i.TIM_TI3_SetConfig), (70 bytes).
    Removing py32f072_hal_tim.o(i.TIM_TI4_SetConfig), (78 bytes).
    Removing py32f072_hal_tim_ex.o(.rev16_text), (4 bytes).
    Removing py32f072_hal_tim_ex.o(.revsh_text), (4 bytes).
    Removing py32f072_hal_tim_ex.o(i.HAL_TIMEx_BreakCallback), (2 bytes).
    Removing py32f072_hal_tim_ex.o(i.HAL_TIMEx_CommutCallback), (2 bytes).
    Removing py32f072_hal_tim_ex.o(i.HAL_TIMEx_CommutHalfCpltCallback), (2 bytes).
    Removing py32f072_hal_tim_ex.o(i.HAL_TIMEx_ConfigBreakDeadTime), (140 bytes).
    Removing py32f072_hal_tim_ex.o(i.HAL_TIMEx_ConfigCommutEvent), (124 bytes).
    Removing py32f072_hal_tim_ex.o(i.HAL_TIMEx_ConfigCommutEvent_DMA), (168 bytes).
    Removing py32f072_hal_tim_ex.o(i.HAL_TIMEx_ConfigCommutEvent_IT), (138 bytes).
    Removing py32f072_hal_tim_ex.o(i.HAL_TIMEx_HallSensor_DeInit), (80 bytes).
    Removing py32f072_hal_tim_ex.o(i.HAL_TIMEx_HallSensor_GetState), (8 bytes).
    Removing py32f072_hal_tim_ex.o(i.HAL_TIMEx_HallSensor_Init), (212 bytes).
    Removing py32f072_hal_tim_ex.o(i.HAL_TIMEx_HallSensor_MspDeInit), (2 bytes).
    Removing py32f072_hal_tim_ex.o(i.HAL_TIMEx_HallSensor_MspInit), (2 bytes).
    Removing py32f072_hal_tim_ex.o(i.HAL_TIMEx_HallSensor_Start), (42 bytes).
    Removing py32f072_hal_tim_ex.o(i.HAL_TIMEx_HallSensor_Start_DMA), (148 bytes).
    Removing py32f072_hal_tim_ex.o(i.HAL_TIMEx_HallSensor_Start_IT), (54 bytes).
    Removing py32f072_hal_tim_ex.o(i.HAL_TIMEx_HallSensor_Stop), (64 bytes).
    Removing py32f072_hal_tim_ex.o(i.HAL_TIMEx_HallSensor_Stop_DMA), (84 bytes).
    Removing py32f072_hal_tim_ex.o(i.HAL_TIMEx_HallSensor_Stop_IT), (76 bytes).
    Removing py32f072_hal_tim_ex.o(i.HAL_TIMEx_MasterConfigSynchronization), (120 bytes).
    Removing py32f072_hal_tim_ex.o(i.HAL_TIMEx_OCN_Start), (58 bytes).
    Removing py32f072_hal_tim_ex.o(i.HAL_TIMEx_OCN_Start_DMA), (304 bytes).
    Removing py32f072_hal_tim_ex.o(i.HAL_TIMEx_OCN_Start_IT), (130 bytes).
    Removing py32f072_hal_tim_ex.o(i.HAL_TIMEx_OCN_Stop), (108 bytes).
    Removing py32f072_hal_tim_ex.o(i.HAL_TIMEx_OCN_Stop_DMA), (196 bytes).
    Removing py32f072_hal_tim_ex.o(i.HAL_TIMEx_OCN_Stop_IT), (196 bytes).
    Removing py32f072_hal_tim_ex.o(i.HAL_TIMEx_OnePulseN_Start), (34 bytes).
    Removing py32f072_hal_tim_ex.o(i.HAL_TIMEx_OnePulseN_Start_IT), (58 bytes).
    Removing py32f072_hal_tim_ex.o(i.HAL_TIMEx_OnePulseN_Stop), (108 bytes).
    Removing py32f072_hal_tim_ex.o(i.HAL_TIMEx_OnePulseN_Stop_IT), (132 bytes).
    Removing py32f072_hal_tim_ex.o(i.HAL_TIMEx_PWMN_Start), (58 bytes).
    Removing py32f072_hal_tim_ex.o(i.HAL_TIMEx_PWMN_Start_DMA), (304 bytes).
    Removing py32f072_hal_tim_ex.o(i.HAL_TIMEx_PWMN_Start_IT), (130 bytes).
    Removing py32f072_hal_tim_ex.o(i.HAL_TIMEx_PWMN_Stop), (108 bytes).
    Removing py32f072_hal_tim_ex.o(i.HAL_TIMEx_PWMN_Stop_DMA), (196 bytes).
    Removing py32f072_hal_tim_ex.o(i.HAL_TIMEx_PWMN_Stop_IT), (196 bytes).
    Removing py32f072_hal_tim_ex.o(i.HAL_TIMEx_RemapConfig), (42 bytes).
    Removing py32f072_hal_tim_ex.o(i.TIMEx_DMACommutationCplt), (20 bytes).
    Removing py32f072_hal_tim_ex.o(i.TIMEx_DMACommutationHalfCplt), (20 bytes).
    Removing py32f072_hal_tim_ex.o(i.TIM_CCxNChannelCmd), (34 bytes).
    Removing py32f072_hal_adc.o(.rev16_text), (4 bytes).
    Removing py32f072_hal_adc.o(.revsh_text), (4 bytes).
    Removing py32f072_hal_adc.o(i.ADC_ConversionStop), (90 bytes).
    Removing py32f072_hal_adc.o(i.ADC_DMAConvCplt), (92 bytes).
    Removing py32f072_hal_adc.o(i.ADC_DMAError), (30 bytes).
    Removing py32f072_hal_adc.o(i.ADC_DMAHalfConvCplt), (14 bytes).
    Removing py32f072_hal_adc.o(i.HAL_ADC_AnalogWDGConfig), (148 bytes).
    Removing py32f072_hal_adc.o(i.HAL_ADC_ConfigVrefBuf), (58 bytes).
    Removing py32f072_hal_adc.o(i.HAL_ADC_ConvCpltCallback), (2 bytes).
    Removing py32f072_hal_adc.o(i.HAL_ADC_ConvHalfCpltCallback), (2 bytes).
    Removing py32f072_hal_adc.o(i.HAL_ADC_DeInit), (264 bytes).
    Removing py32f072_hal_adc.o(i.HAL_ADC_GetError), (6 bytes).
    Removing py32f072_hal_adc.o(i.HAL_ADC_GetState), (6 bytes).
    Removing py32f072_hal_adc.o(i.HAL_ADC_GetValue), (8 bytes).
    Removing py32f072_hal_adc.o(i.HAL_ADC_MspDeInit), (2 bytes).
    Removing py32f072_hal_adc.o(i.HAL_ADC_MspInit), (2 bytes).
    Removing py32f072_hal_adc.o(i.HAL_ADC_PollForConversion), (444 bytes).
    Removing py32f072_hal_adc.o(i.HAL_ADC_PollForEvent), (130 bytes).
    Removing py32f072_hal_adc.o(i.HAL_ADC_Start), (188 bytes).
    Removing py32f072_hal_adc.o(i.HAL_ADC_Start_DMA), (252 bytes).
    Removing py32f072_hal_adc.o(i.HAL_ADC_Stop), (68 bytes).
    Removing py32f072_hal_adc.o(i.HAL_ADC_Stop_DMA), (104 bytes).
    Removing py32f072_hal_adc.o(i.HAL_ADC_Stop_IT), (84 bytes).
    Removing py32f072_hal_adc_ex.o(.rev16_text), (4 bytes).
    Removing py32f072_hal_adc_ex.o(.revsh_text), (4 bytes).
    Removing py32f072_hal_adc_ex.o(i.HAL_ADCEx_Calibration_GetStatus), (132 bytes).
    Removing py32f072_hal_adc_ex.o(i.HAL_ADCEx_Calibration_SetAndStart), (376 bytes).
    Removing py32f072_hal_adc_ex.o(i.HAL_ADCEx_InjectedConfigChannel), (688 bytes).
    Removing py32f072_hal_adc_ex.o(i.HAL_ADCEx_InjectedGetValue), (50 bytes).
    Removing py32f072_hal_adc_ex.o(i.HAL_ADCEx_InjectedPollForConversion), (444 bytes).
    Removing py32f072_hal_adc_ex.o(i.HAL_ADCEx_InjectedStart), (160 bytes).
    Removing py32f072_hal_adc_ex.o(i.HAL_ADCEx_InjectedStart_IT), (172 bytes).
    Removing py32f072_hal_adc_ex.o(i.HAL_ADCEx_InjectedStop), (102 bytes).
    Removing py32f072_hal_adc_ex.o(i.HAL_ADCEx_InjectedStop_IT), (114 bytes).
    Removing dadd.o(.text), (356 bytes).
    Removing dmul.o(.text), (208 bytes).
    Removing ddiv.o(.text), (240 bytes).
    Removing dfixul.o(.text), (64 bytes).
    Removing cdrcmple.o(.text), (40 bytes).
    Removing depilogue.o(.text), (190 bytes).
    Removing py32f072_hal_dma.o(i.__ARM_common_switch8), (28 bytes).
    Removing depilogue.o(i.__ARM_clz), (46 bytes).

372 unused section(s) (total 32736 bytes) removed from the image.

==============================================================================

Image Symbol Table

    Local Symbols

    Symbol Name                              Value     Ov Type        Size  Object(Section)

    ../clib/microlib/division.c              0x00000000   Number         0  uidiv.o ABSOLUTE
    ../clib/microlib/division.c              0x00000000   Number         0  uldiv.o ABSOLUTE
    ../clib/microlib/init/entry.s            0x00000000   Number         0  entry11b.o ABSOLUTE
    ../clib/microlib/init/entry.s            0x00000000   Number         0  entry.o ABSOLUTE
    ../clib/microlib/init/entry.s            0x00000000   Number         0  entry2.o ABSOLUTE
    ../clib/microlib/init/entry.s            0x00000000   Number         0  entry5.o ABSOLUTE
    ../clib/microlib/init/entry.s            0x00000000   Number         0  entry7a.o ABSOLUTE
    ../clib/microlib/init/entry.s            0x00000000   Number         0  entry7b.o ABSOLUTE
    ../clib/microlib/init/entry.s            0x00000000   Number         0  entry8a.o ABSOLUTE
    ../clib/microlib/init/entry.s            0x00000000   Number         0  entry8b.o ABSOLUTE
    ../clib/microlib/init/entry.s            0x00000000   Number         0  entry9a.o ABSOLUTE
    ../clib/microlib/init/entry.s            0x00000000   Number         0  entry11a.o ABSOLUTE
    ../clib/microlib/init/entry.s            0x00000000   Number         0  entry9b.o ABSOLUTE
    ../clib/microlib/init/entry.s            0x00000000   Number         0  entry10a.o ABSOLUTE
    ../clib/microlib/init/entry.s            0x00000000   Number         0  entry10b.o ABSOLUTE
    ../clib/microlib/longlong.c              0x00000000   Number         0  llsshr.o ABSOLUTE
    ../clib/microlib/longlong.c              0x00000000   Number         0  llushr.o ABSOLUTE
    ../clib/microlib/longlong.c              0x00000000   Number         0  llshl.o ABSOLUTE
    ../clib/microlib/printf/printf.c         0x00000000   Number         0  printf2.o ABSOLUTE
    ../clib/microlib/printf/printf.c         0x00000000   Number         0  printf3.o ABSOLUTE
    ../clib/microlib/printf/printf.c         0x00000000   Number         0  printf4.o ABSOLUTE
    ../clib/microlib/printf/printf.c         0x00000000   Number         0  printf5.o ABSOLUTE
    ../clib/microlib/printf/printf.c         0x00000000   Number         0  printf7.o ABSOLUTE
    ../clib/microlib/printf/printf.c         0x00000000   Number         0  printfa.o ABSOLUTE
    ../clib/microlib/printf/printf.c         0x00000000   Number         0  printf8.o ABSOLUTE
    ../clib/microlib/printf/printf.c         0x00000000   Number         0  printf6.o ABSOLUTE
    ../clib/microlib/printf/printf.c         0x00000000   Number         0  printf1.o ABSOLUTE
    ../clib/microlib/printf/printf.c         0x00000000   Number         0  printf0.o ABSOLUTE
    ../clib/microlib/printf/printf.c         0x00000000   Number         0  printfb.o ABSOLUTE
    ../clib/microlib/printf/stubs.s          0x00000000   Number         0  stubs.o ABSOLUTE
    ../clib/microlib/stdio/streams.c         0x00000000   Number         0  stdout.o ABSOLUTE
    ../clib/microlib/string/memcpy.c         0x00000000   Number         0  memcpyb.o ABSOLUTE
    ../clib/microlib/string/memcpy.c         0x00000000   Number         0  memcpya.o ABSOLUTE
    ../clib/microlib/string/memset.c         0x00000000   Number         0  memseta.o ABSOLUTE
    ../clib/microlib/stubs.s                 0x00000000   Number         0  iusefp.o ABSOLUTE
    ../fplib/microlib/fpadd.c                0x00000000   Number         0  dadd.o ABSOLUTE
    ../fplib/microlib/fpdiv.c                0x00000000   Number         0  ddiv.o ABSOLUTE
    ../fplib/microlib/fpepilogue.c           0x00000000   Number         0  depilogue.o ABSOLUTE
    ../fplib/microlib/fpfix.c                0x00000000   Number         0  dfixul.o ABSOLUTE
    ../fplib/microlib/fpmul.c                0x00000000   Number         0  dmul.o ABSOLUTE
    ..\..\..\..\..\..\Drivers\BSP\py32f072xx_Start_Kit\py32f072xx_Start_Kit.c 0x00000000   Number         0  py32f072xx_start_kit.o ABSOLUTE
    ..\..\..\..\..\..\Drivers\PY32F072_HAL_Driver\Src\py32f072_hal.c 0x00000000   Number         0  py32f072_hal.o ABSOLUTE
    ..\..\..\..\..\..\Drivers\PY32F072_HAL_Driver\Src\py32f072_hal_adc.c 0x00000000   Number         0  py32f072_hal_adc.o ABSOLUTE
    ..\..\..\..\..\..\Drivers\PY32F072_HAL_Driver\Src\py32f072_hal_adc_ex.c 0x00000000   Number         0  py32f072_hal_adc_ex.o ABSOLUTE
    ..\..\..\..\..\..\Drivers\PY32F072_HAL_Driver\Src\py32f072_hal_tim.c 0x00000000   Number         0  py32f072_hal_tim.o ABSOLUTE
    ..\..\..\..\..\..\Drivers\PY32F072_HAL_Driver\Src\py32f072_hal_tim_ex.c 0x00000000   Number         0  py32f072_hal_tim_ex.o ABSOLUTE
    ..\..\..\..\..\..\drivers\PY32F072_HAL_Driver\src\py32f072_hal_cortex.c 0x00000000   Number         0  py32f072_hal_cortex.o ABSOLUTE
    ..\..\..\..\..\..\drivers\PY32F072_HAL_Driver\src\py32f072_hal_dma.c 0x00000000   Number         0  py32f072_hal_dma.o ABSOLUTE
    ..\..\..\..\..\..\drivers\PY32F072_HAL_Driver\src\py32f072_hal_gpio.c 0x00000000   Number         0  py32f072_hal_gpio.o ABSOLUTE
    ..\..\..\..\..\..\drivers\PY32F072_HAL_Driver\src\py32f072_hal_pwr.c 0x00000000   Number         0  py32f072_hal_pwr.o ABSOLUTE
    ..\..\..\..\..\..\drivers\PY32F072_HAL_Driver\src\py32f072_hal_rcc.c 0x00000000   Number         0  py32f072_hal_rcc.o ABSOLUTE
    ..\..\..\..\..\..\drivers\PY32F072_HAL_Driver\src\py32f072_hal_rcc_ex.c 0x00000000   Number         0  py32f072_hal_rcc_ex.o ABSOLUTE
    ..\..\..\..\..\..\drivers\PY32F072_HAL_Driver\src\py32f072_hal_uart.c 0x00000000   Number         0  py32f072_hal_uart.o ABSOLUTE
    ..\Src\main.c                            0x00000000   Number         0  main.o ABSOLUTE
    ..\Src\py32f072_hal_msp.c                0x00000000   Number         0  py32f072_hal_msp.o ABSOLUTE
    ..\Src\py32f072_it.c                     0x00000000   Number         0  py32f072_it.o ABSOLUTE
    ..\Src\system_py32f072.c                 0x00000000   Number         0  system_py32f072.o ABSOLUTE
    ..\\..\\..\\..\\..\\..\\Drivers\\BSP\\py32f072xx_Start_Kit\\py32f072xx_Start_Kit.c 0x00000000   Number         0  py32f072xx_start_kit.o ABSOLUTE
    ..\\..\\..\\..\\..\\..\\Drivers\\PY32F072_HAL_Driver\\Src\\py32f072_hal.c 0x00000000   Number         0  py32f072_hal.o ABSOLUTE
    ..\\..\\..\\..\\..\\..\\Drivers\\PY32F072_HAL_Driver\\Src\\py32f072_hal_adc.c 0x00000000   Number         0  py32f072_hal_adc.o ABSOLUTE
    ..\\..\\..\\..\\..\\..\\Drivers\\PY32F072_HAL_Driver\\Src\\py32f072_hal_adc_ex.c 0x00000000   Number         0  py32f072_hal_adc_ex.o ABSOLUTE
    ..\\..\\..\\..\\..\\..\\Drivers\\PY32F072_HAL_Driver\\Src\\py32f072_hal_tim.c 0x00000000   Number         0  py32f072_hal_tim.o ABSOLUTE
    ..\\..\\..\\..\\..\\..\\Drivers\\PY32F072_HAL_Driver\\Src\\py32f072_hal_tim_ex.c 0x00000000   Number         0  py32f072_hal_tim_ex.o ABSOLUTE
    ..\\..\\..\\..\\..\\..\\drivers\\PY32F072_HAL_Driver\\src\\py32f072_hal_cortex.c 0x00000000   Number         0  py32f072_hal_cortex.o ABSOLUTE
    ..\\..\\..\\..\\..\\..\\drivers\\PY32F072_HAL_Driver\\src\\py32f072_hal_dma.c 0x00000000   Number         0  py32f072_hal_dma.o ABSOLUTE
    ..\\..\\..\\..\\..\\..\\drivers\\PY32F072_HAL_Driver\\src\\py32f072_hal_gpio.c 0x00000000   Number         0  py32f072_hal_gpio.o ABSOLUTE
    ..\\..\\..\\..\\..\\..\\drivers\\PY32F072_HAL_Driver\\src\\py32f072_hal_pwr.c 0x00000000   Number         0  py32f072_hal_pwr.o ABSOLUTE
    ..\\..\\..\\..\\..\\..\\drivers\\PY32F072_HAL_Driver\\src\\py32f072_hal_rcc.c 0x00000000   Number         0  py32f072_hal_rcc.o ABSOLUTE
    ..\\..\\..\\..\\..\\..\\drivers\\PY32F072_HAL_Driver\\src\\py32f072_hal_rcc_ex.c 0x00000000   Number         0  py32f072_hal_rcc_ex.o ABSOLUTE
    ..\\..\\..\\..\\..\\..\\drivers\\PY32F072_HAL_Driver\\src\\py32f072_hal_uart.c 0x00000000   Number         0  py32f072_hal_uart.o ABSOLUTE
    ..\\Src\\main.c                          0x00000000   Number         0  main.o ABSOLUTE
    ..\\Src\\py32f072_hal_msp.c              0x00000000   Number         0  py32f072_hal_msp.o ABSOLUTE
    ..\\Src\\py32f072_it.c                   0x00000000   Number         0  py32f072_it.o ABSOLUTE
    ..\\Src\\system_py32f072.c               0x00000000   Number         0  system_py32f072.o ABSOLUTE
    cdrcmple.s                               0x00000000   Number         0  cdrcmple.o ABSOLUTE
    dc.s                                     0x00000000   Number         0  dc.o ABSOLUTE
    handlers.s                               0x00000000   Number         0  handlers.o ABSOLUTE
    init.s                                   0x00000000   Number         0  init.o ABSOLUTE
    startup_py32f072xx.s                     0x00000000   Number         0  startup_py32f072xx.o ABSOLUTE
    RESET                                    0x08000000   Section      192  startup_py32f072xx.o(RESET)
    .ARM.Collect$$$$00000000                 0x080000c0   Section        0  entry.o(.ARM.Collect$$$$00000000)
    .ARM.Collect$$$$00000001                 0x080000c0   Section        4  entry2.o(.ARM.Collect$$$$00000001)
    .ARM.Collect$$$$00000004                 0x080000c4   Section        4  entry5.o(.ARM.Collect$$$$00000004)
    .ARM.Collect$$$$00000008                 0x080000c8   Section        0  entry7b.o(.ARM.Collect$$$$00000008)
    .ARM.Collect$$$$0000000A                 0x080000c8   Section        0  entry8b.o(.ARM.Collect$$$$0000000A)
    .ARM.Collect$$$$0000000B                 0x080000c8   Section        8  entry9a.o(.ARM.Collect$$$$0000000B)
    .ARM.Collect$$$$0000000D                 0x080000d0   Section        0  entry10a.o(.ARM.Collect$$$$0000000D)
    .ARM.Collect$$$$0000000F                 0x080000d0   Section        0  entry11a.o(.ARM.Collect$$$$0000000F)
    .ARM.Collect$$$$00002712                 0x080000d0   Section        4  entry2.o(.ARM.Collect$$$$00002712)
    __lit__00000000                          0x080000d0   Data           4  entry2.o(.ARM.Collect$$$$00002712)
    .text                                    0x080000d4   Section       28  startup_py32f072xx.o(.text)
    .text                                    0x080000f0   Section        0  uidiv.o(.text)
    .text                                    0x0800011c   Section        0  memcpya.o(.text)
    .text                                    0x08000140   Section        0  memseta.o(.text)
    .text                                    0x08000164   Section       36  init.o(.text)
    i.ADC_COMP_IRQHandler                    0x08000188   Section        0  py32f072_it.o(i.ADC_COMP_IRQHandler)
    i.ADC_ConversionStop_Disable             0x08000198   Section        0  py32f072_hal_adc.o(i.ADC_ConversionStop_Disable)
    i.ADC_Enable                             0x080001f8   Section        0  py32f072_hal_adc.o(i.ADC_Enable)
    i.APP_AdcConfig                          0x08000298   Section        0  main.o(i.APP_AdcConfig)
    APP_AdcConfig                            0x08000299   Thumb Code   160  main.o(i.APP_AdcConfig)
    i.APP_ErrorHandler                       0x08000344   Section        0  main.o(i.APP_ErrorHandler)
    i.APP_SystemClockConfig                  0x08000348   Section        0  main.o(i.APP_SystemClockConfig)
    APP_SystemClockConfig                    0x08000349   Thumb Code   110  main.o(i.APP_SystemClockConfig)
    i.BSP_LED_Init                           0x080003bc   Section        0  py32f072xx_start_kit.o(i.BSP_LED_Init)
    i.BSP_USART_Config                       0x08000424   Section        0  py32f072xx_start_kit.o(i.BSP_USART_Config)
    i.HAL_ADCEx_Calibration_Start            0x080004f4   Section        0  py32f072_hal_adc_ex.o(i.HAL_ADCEx_Calibration_Start)
    i.HAL_ADCEx_InjectedConvCpltCallback     0x08000620   Section        0  py32f072_hal_adc_ex.o(i.HAL_ADCEx_InjectedConvCpltCallback)
    i.HAL_ADC_ConfigChannel                  0x08000624   Section        0  py32f072_hal_adc.o(i.HAL_ADC_ConfigChannel)
    i.HAL_ADC_ConvCpltCallback               0x080007b0   Section        0  main.o(i.HAL_ADC_ConvCpltCallback)
    i.HAL_ADC_ErrorCallback                  0x080007dc   Section        0  py32f072_hal_adc.o(i.HAL_ADC_ErrorCallback)
    i.HAL_ADC_IRQHandler                     0x080007de   Section        0  py32f072_hal_adc.o(i.HAL_ADC_IRQHandler)
    i.HAL_ADC_Init                           0x08000954   Section        0  py32f072_hal_adc.o(i.HAL_ADC_Init)
    i.HAL_ADC_LevelOutOfWindowCallback       0x08000ac0   Section        0  py32f072_hal_adc.o(i.HAL_ADC_LevelOutOfWindowCallback)
    i.HAL_ADC_MspInit                        0x08000ac4   Section        0  py32f072_hal_msp.o(i.HAL_ADC_MspInit)
    i.HAL_ADC_OverCallback                   0x08000b1c   Section        0  py32f072_hal_adc.o(i.HAL_ADC_OverCallback)
    i.HAL_ADC_Start_IT                       0x08000b20   Section        0  py32f072_hal_adc.o(i.HAL_ADC_Start_IT)
    i.HAL_Delay                              0x08000bec   Section        0  py32f072_hal.o(i.HAL_Delay)
    i.HAL_GPIO_Init                          0x08000c18   Section        0  py32f072_hal_gpio.o(i.HAL_GPIO_Init)
    i.HAL_GPIO_WritePin                      0x08000ddc   Section        0  py32f072_hal_gpio.o(i.HAL_GPIO_WritePin)
    i.HAL_GetTick                            0x08000de8   Section        0  py32f072_hal.o(i.HAL_GetTick)
    i.HAL_IncTick                            0x08000df4   Section        0  py32f072_hal.o(i.HAL_IncTick)
    i.HAL_Init                               0x08000e0c   Section        0  py32f072_hal.o(i.HAL_Init)
    i.HAL_InitTick                           0x08000e28   Section        0  py32f072_hal.o(i.HAL_InitTick)
    i.HAL_MspInit                            0x08000e88   Section        0  py32f072_hal_msp.o(i.HAL_MspInit)
    i.HAL_NVIC_EnableIRQ                     0x08000ecc   Section        0  py32f072_hal_cortex.o(i.HAL_NVIC_EnableIRQ)
    i.HAL_NVIC_SetPriority                   0x08000ef0   Section        0  py32f072_hal_cortex.o(i.HAL_NVIC_SetPriority)
    i.HAL_RCCEx_GetPeriphCLKFreq             0x08000f04   Section        0  py32f072_hal_rcc_ex.o(i.HAL_RCCEx_GetPeriphCLKFreq)
    i.HAL_RCCEx_PeriphCLKConfig              0x080012c4   Section        0  py32f072_hal_rcc_ex.o(i.HAL_RCCEx_PeriphCLKConfig)
    i.HAL_RCC_ClockConfig                    0x080014cc   Section        0  py32f072_hal_rcc.o(i.HAL_RCC_ClockConfig)
    i.HAL_RCC_GetHCLKFreq                    0x080016a0   Section        0  py32f072_hal_rcc.o(i.HAL_RCC_GetHCLKFreq)
    i.HAL_RCC_GetPCLK1Freq                   0x080016ac   Section        0  py32f072_hal_rcc.o(i.HAL_RCC_GetPCLK1Freq)
    i.HAL_RCC_GetSysClockFreq                0x080016d4   Section        0  py32f072_hal_rcc.o(i.HAL_RCC_GetSysClockFreq)
    i.HAL_RCC_OscConfig                      0x080017d0   Section        0  py32f072_hal_rcc.o(i.HAL_RCC_OscConfig)
    i.HAL_SYSTICK_Config                     0x08001dfc   Section        0  py32f072_hal_cortex.o(i.HAL_SYSTICK_Config)
    i.HAL_UART_Init                          0x08001e34   Section        0  py32f072_hal_uart.o(i.HAL_UART_Init)
    i.HAL_UART_MspInit                       0x08001ebe   Section        0  py32f072_hal_uart.o(i.HAL_UART_MspInit)
    i.HAL_UART_Transmit                      0x08001ec0   Section        0  py32f072_hal_uart.o(i.HAL_UART_Transmit)
    i.HardFault_Handler                      0x08001fbe   Section        0  py32f072_it.o(i.HardFault_Handler)
    i.NMI_Handler                            0x08001fc2   Section        0  py32f072_it.o(i.NMI_Handler)
    i.PendSV_Handler                         0x08001fc4   Section        0  py32f072_it.o(i.PendSV_Handler)
    i.RCC_GetHSIFreq                         0x08001fc8   Section        0  py32f072_hal_rcc.o(i.RCC_GetHSIFreq)
    RCC_GetHSIFreq                           0x08001fc9   Thumb Code    20  py32f072_hal_rcc.o(i.RCC_GetHSIFreq)
    i.SVC_Handler                            0x08001fe4   Section        0  py32f072_it.o(i.SVC_Handler)
    i.SysTick_Handler                        0x08001fe6   Section        0  py32f072_it.o(i.SysTick_Handler)
    i.SystemInit                             0x08001ff0   Section        0  system_py32f072.o(i.SystemInit)
    i.UART_AdvFeatureConfig                  0x08002028   Section        0  py32f072_hal_uart.o(i.UART_AdvFeatureConfig)
    UART_AdvFeatureConfig                    0x08002029   Thumb Code    56  py32f072_hal_uart.o(i.UART_AdvFeatureConfig)
    i.UART_SetConfig                         0x08002060   Section        0  py32f072_hal_uart.o(i.UART_SetConfig)
    UART_SetConfig                           0x08002061   Thumb Code   414  py32f072_hal_uart.o(i.UART_SetConfig)
    i.UART_WaitOnFlagUntilTimeout            0x08002204   Section        0  py32f072_hal_uart.o(i.UART_WaitOnFlagUntilTimeout)
    UART_WaitOnFlagUntilTimeout              0x08002205   Thumb Code   112  py32f072_hal_uart.o(i.UART_WaitOnFlagUntilTimeout)
    i.__0printf$1                            0x08002274   Section        0  printf1.o(i.__0printf$1)
    i.__NVIC_SetPriority                     0x08002294   Section        0  py32f072_hal_cortex.o(i.__NVIC_SetPriority)
    __NVIC_SetPriority                       0x08002295   Thumb Code   110  py32f072_hal_cortex.o(i.__NVIC_SetPriority)
    i.__scatterload_copy                     0x0800230c   Section       14  handlers.o(i.__scatterload_copy)
    i.__scatterload_null                     0x0800231a   Section        2  handlers.o(i.__scatterload_null)
    i.__scatterload_zeroinit                 0x0800231c   Section       14  handlers.o(i.__scatterload_zeroinit)
    i._printf_core                           0x0800232c   Section        0  printf1.o(i._printf_core)
    _printf_core                             0x0800232d   Thumb Code   332  printf1.o(i._printf_core)
    i.fputc                                  0x0800247c   Section        0  py32f072xx_start_kit.o(i.fputc)
    i.main                                   0x08002498   Section        0  main.o(i.main)
    .constdata                               0x080024c4   Section      128  system_py32f072.o(.constdata)
    .constdata                               0x08002544   Section        5  py32f072xx_start_kit.o(.constdata)
    .constdata                               0x0800254c   Section       52  py32f072_hal_rcc.o(.constdata)
    .constdata                               0x08002580   Section       20  py32f072_hal_rcc_ex.o(.constdata)
    .data                                    0x20000000   Section        4  system_py32f072.o(.data)
    .data                                    0x20000004   Section       12  main.o(.data)
    .data                                    0x20000010   Section        8  py32f072xx_start_kit.o(.data)
    .data                                    0x20000018   Section       12  py32f072_hal.o(.data)
    .data                                    0x20000024   Section        4  stdout.o(.data)
    .bss                                     0x20000028   Section      116  main.o(.bss)
    .bss                                     0x2000009c   Section       76  py32f072xx_start_kit.o(.bss)
    STACK                                    0x200000e8   Section      512  startup_py32f072xx.o(STACK)

    Global Symbols

    Symbol Name                              Value     Ov Type        Size  Object(Section)

    BuildAttributes$$THM_ISAv3M$S$PE$A:L22$X:L11$S22$IEEE1$IW$USESV6$~STKCKD$USESV7$~SHL$OSPACE$ROPI$EBA8$MICROLIB$REQ8$PRES8$EABIv2 0x00000000   Number         0  anon$$obj.o ABSOLUTE
    __ARM_use_no_argv                        0x00000000   Number         0  main.o ABSOLUTE
    _printf_a                                0x00000000   Number         0  stubs.o ABSOLUTE
    _printf_c                                0x00000000   Number         0  stubs.o ABSOLUTE
    _printf_charcount                        0x00000000   Number         0  stubs.o ABSOLUTE
    _printf_d                                0x00000000   Number         0  stubs.o ABSOLUTE
    _printf_e                                0x00000000   Number         0  stubs.o ABSOLUTE
    _printf_f                                0x00000000   Number         0  stubs.o ABSOLUTE
    _printf_flags                            0x00000000   Number         0  stubs.o ABSOLUTE
    _printf_fp_dec                           0x00000000   Number         0  stubs.o ABSOLUTE
    _printf_fp_hex                           0x00000000   Number         0  stubs.o ABSOLUTE
    _printf_g                                0x00000000   Number         0  stubs.o ABSOLUTE
    _printf_i                                0x00000000   Number         0  stubs.o ABSOLUTE
    _printf_int_dec                          0x00000000   Number         0  stubs.o ABSOLUTE
    _printf_l                                0x00000000   Number         0  stubs.o ABSOLUTE
    _printf_lc                               0x00000000   Number         0  stubs.o ABSOLUTE
    _printf_ll                               0x00000000   Number         0  stubs.o ABSOLUTE
    _printf_lld                              0x00000000   Number         0  stubs.o ABSOLUTE
    _printf_lli                              0x00000000   Number         0  stubs.o ABSOLUTE
    _printf_llo                              0x00000000   Number         0  stubs.o ABSOLUTE
    _printf_llu                              0x00000000   Number         0  stubs.o ABSOLUTE
    _printf_llx                              0x00000000   Number         0  stubs.o ABSOLUTE
    _printf_longlong_dec                     0x00000000   Number         0  stubs.o ABSOLUTE
    _printf_longlong_hex                     0x00000000   Number         0  stubs.o ABSOLUTE
    _printf_longlong_oct                     0x00000000   Number         0  stubs.o ABSOLUTE
    _printf_ls                               0x00000000   Number         0  stubs.o ABSOLUTE
    _printf_mbtowc                           0x00000000   Number         0  stubs.o ABSOLUTE
    _printf_n                                0x00000000   Number         0  stubs.o ABSOLUTE
    _printf_o                                0x00000000   Number         0  stubs.o ABSOLUTE
    _printf_p                                0x00000000   Number         0  stubs.o ABSOLUTE
    _printf_percent                          0x00000000   Number         0  stubs.o ABSOLUTE
    _printf_pre_padding                      0x00000000   Number         0  stubs.o ABSOLUTE
    _printf_return_value                     0x00000000   Number         0  stubs.o ABSOLUTE
    _printf_s                                0x00000000   Number         0  stubs.o ABSOLUTE
    _printf_sizespec                         0x00000000   Number         0  stubs.o ABSOLUTE
    _printf_str                              0x00000000   Number         0  stubs.o ABSOLUTE
    _printf_truncate_signed                  0x00000000   Number         0  stubs.o ABSOLUTE
    _printf_truncate_unsigned                0x00000000   Number         0  stubs.o ABSOLUTE
    _printf_u                                0x00000000   Number         0  stubs.o ABSOLUTE
    _printf_wc                               0x00000000   Number         0  stubs.o ABSOLUTE
    _printf_wctomb                           0x00000000   Number         0  stubs.o ABSOLUTE
    _printf_widthprec                        0x00000000   Number         0  stubs.o ABSOLUTE
    _printf_x                                0x00000000   Number         0  stubs.o ABSOLUTE
    __cpp_initialize__aeabi_                  - Undefined Weak Reference
    __cxa_finalize                            - Undefined Weak Reference
    __decompress                              - Undefined Weak Reference
    _clock_init                               - Undefined Weak Reference
    _microlib_exit                            - Undefined Weak Reference
    __Vectors_Size                           0x000000c0   Number         0  startup_py32f072xx.o ABSOLUTE
    __Vectors                                0x08000000   Data           4  startup_py32f072xx.o(RESET)
    __Vectors_End                            0x080000c0   Data           0  startup_py32f072xx.o(RESET)
    __main                                   0x080000c1   Thumb Code     0  entry.o(.ARM.Collect$$$$00000000)
    _main_stk                                0x080000c1   Thumb Code     0  entry2.o(.ARM.Collect$$$$00000001)
    _main_scatterload                        0x080000c5   Thumb Code     0  entry5.o(.ARM.Collect$$$$00000004)
    __main_after_scatterload                 0x080000c9   Thumb Code     0  entry5.o(.ARM.Collect$$$$00000004)
    _main_clock                              0x080000c9   Thumb Code     0  entry7b.o(.ARM.Collect$$$$00000008)
    _main_cpp_init                           0x080000c9   Thumb Code     0  entry8b.o(.ARM.Collect$$$$0000000A)
    _main_init                               0x080000c9   Thumb Code     0  entry9a.o(.ARM.Collect$$$$0000000B)
    __rt_final_cpp                           0x080000d1   Thumb Code     0  entry10a.o(.ARM.Collect$$$$0000000D)
    __rt_final_exit                          0x080000d1   Thumb Code     0  entry11a.o(.ARM.Collect$$$$0000000F)
    Reset_Handler                            0x080000d5   Thumb Code     8  startup_py32f072xx.o(.text)
    CAN_IRQHandler                           0x080000e7   Thumb Code     0  startup_py32f072xx.o(.text)
    DMA1_Channel1_IRQHandler                 0x080000e7   Thumb Code     0  startup_py32f072xx.o(.text)
    DMA1_Channel2_3_IRQHandler               0x080000e7   Thumb Code     0  startup_py32f072xx.o(.text)
    DMA1_Channel4_5_6_7_IRQHandler           0x080000e7   Thumb Code     0  startup_py32f072xx.o(.text)
    EXTI0_1_IRQHandler                       0x080000e7   Thumb Code     0  startup_py32f072xx.o(.text)
    EXTI2_3_IRQHandler                       0x080000e7   Thumb Code     0  startup_py32f072xx.o(.text)
    EXTI4_15_IRQHandler                      0x080000e7   Thumb Code     0  startup_py32f072xx.o(.text)
    FLASH_IRQHandler                         0x080000e7   Thumb Code     0  startup_py32f072xx.o(.text)
    I2C1_IRQHandler                          0x080000e7   Thumb Code     0  startup_py32f072xx.o(.text)
    I2C2_IRQHandler                          0x080000e7   Thumb Code     0  startup_py32f072xx.o(.text)
    LCD_IRQHandler                           0x080000e7   Thumb Code     0  startup_py32f072xx.o(.text)
    PVD_IRQHandler                           0x080000e7   Thumb Code     0  startup_py32f072xx.o(.text)
    RCC_IRQHandler                           0x080000e7   Thumb Code     0  startup_py32f072xx.o(.text)
    RTC_IRQHandler                           0x080000e7   Thumb Code     0  startup_py32f072xx.o(.text)
    SPI1_IRQHandler                          0x080000e7   Thumb Code     0  startup_py32f072xx.o(.text)
    SPI2_IRQHandler                          0x080000e7   Thumb Code     0  startup_py32f072xx.o(.text)
    TIM14_IRQHandler                         0x080000e7   Thumb Code     0  startup_py32f072xx.o(.text)
    TIM15_IRQHandler                         0x080000e7   Thumb Code     0  startup_py32f072xx.o(.text)
    TIM16_IRQHandler                         0x080000e7   Thumb Code     0  startup_py32f072xx.o(.text)
    TIM17_IRQHandler                         0x080000e7   Thumb Code     0  startup_py32f072xx.o(.text)
    TIM1_BRK_UP_TRG_COM_IRQHandler           0x080000e7   Thumb Code     0  startup_py32f072xx.o(.text)
    TIM1_CC_IRQHandler                       0x080000e7   Thumb Code     0  startup_py32f072xx.o(.text)
    TIM2_IRQHandler                          0x080000e7   Thumb Code     0  startup_py32f072xx.o(.text)
    TIM3_IRQHandler                          0x080000e7   Thumb Code     0  startup_py32f072xx.o(.text)
    TIM6_LPTIM1_DAC_IRQHandler               0x080000e7   Thumb Code     0  startup_py32f072xx.o(.text)
    TIM7_IRQHandler                          0x080000e7   Thumb Code     0  startup_py32f072xx.o(.text)
    USART1_IRQHandler                        0x080000e7   Thumb Code     0  startup_py32f072xx.o(.text)
    USART2_IRQHandler                        0x080000e7   Thumb Code     0  startup_py32f072xx.o(.text)
    USART3_4_IRQHandler                      0x080000e7   Thumb Code     0  startup_py32f072xx.o(.text)
    USB_IRQHandler                           0x080000e7   Thumb Code     0  startup_py32f072xx.o(.text)
    WWDG_IRQHandler                          0x080000e7   Thumb Code     0  startup_py32f072xx.o(.text)
    __aeabi_uidiv                            0x080000f1   Thumb Code     0  uidiv.o(.text)
    __aeabi_uidivmod                         0x080000f1   Thumb Code    44  uidiv.o(.text)
    __aeabi_memcpy                           0x0800011d   Thumb Code    36  memcpya.o(.text)
    __aeabi_memcpy4                          0x0800011d   Thumb Code     0  memcpya.o(.text)
    __aeabi_memcpy8                          0x0800011d   Thumb Code     0  memcpya.o(.text)
    __aeabi_memset                           0x08000141   Thumb Code    14  memseta.o(.text)
    __aeabi_memset4                          0x08000141   Thumb Code     0  memseta.o(.text)
    __aeabi_memset8                          0x08000141   Thumb Code     0  memseta.o(.text)
    __aeabi_memclr                           0x0800014f   Thumb Code     4  memseta.o(.text)
    __aeabi_memclr4                          0x0800014f   Thumb Code     0  memseta.o(.text)
    __aeabi_memclr8                          0x0800014f   Thumb Code     0  memseta.o(.text)
    _memset$wrapper                          0x08000153   Thumb Code    18  memseta.o(.text)
    __scatterload                            0x08000165   Thumb Code    28  init.o(.text)
    __scatterload_rt2                        0x08000165   Thumb Code     0  init.o(.text)
    ADC_COMP_IRQHandler                      0x08000189   Thumb Code    10  py32f072_it.o(i.ADC_COMP_IRQHandler)
    ADC_ConversionStop_Disable               0x08000199   Thumb Code    94  py32f072_hal_adc.o(i.ADC_ConversionStop_Disable)
    ADC_Enable                               0x080001f9   Thumb Code   152  py32f072_hal_adc.o(i.ADC_Enable)
    APP_ErrorHandler                         0x08000345   Thumb Code     4  main.o(i.APP_ErrorHandler)
    BSP_LED_Init                             0x080003bd   Thumb Code    92  py32f072xx_start_kit.o(i.BSP_LED_Init)
    BSP_USART_Config                         0x08000425   Thumb Code   196  py32f072xx_start_kit.o(i.BSP_USART_Config)
    HAL_ADCEx_Calibration_Start              0x080004f5   Thumb Code   294  py32f072_hal_adc_ex.o(i.HAL_ADCEx_Calibration_Start)
    HAL_ADCEx_InjectedConvCpltCallback       0x08000621   Thumb Code     2  py32f072_hal_adc_ex.o(i.HAL_ADCEx_InjectedConvCpltCallback)
    HAL_ADC_ConfigChannel                    0x08000625   Thumb Code   384  py32f072_hal_adc.o(i.HAL_ADC_ConfigChannel)
    HAL_ADC_ConvCpltCallback                 0x080007b1   Thumb Code    24  main.o(i.HAL_ADC_ConvCpltCallback)
    HAL_ADC_ErrorCallback                    0x080007dd   Thumb Code     2  py32f072_hal_adc.o(i.HAL_ADC_ErrorCallback)
    HAL_ADC_IRQHandler                       0x080007df   Thumb Code   372  py32f072_hal_adc.o(i.HAL_ADC_IRQHandler)
    HAL_ADC_Init                             0x08000955   Thumb Code   350  py32f072_hal_adc.o(i.HAL_ADC_Init)
    HAL_ADC_LevelOutOfWindowCallback         0x08000ac1   Thumb Code     2  py32f072_hal_adc.o(i.HAL_ADC_LevelOutOfWindowCallback)
    HAL_ADC_MspInit                          0x08000ac5   Thumb Code    84  py32f072_hal_msp.o(i.HAL_ADC_MspInit)
    HAL_ADC_OverCallback                     0x08000b1d   Thumb Code     2  py32f072_hal_adc.o(i.HAL_ADC_OverCallback)
    HAL_ADC_Start_IT                         0x08000b21   Thumb Code   196  py32f072_hal_adc.o(i.HAL_ADC_Start_IT)
    HAL_Delay                                0x08000bed   Thumb Code    38  py32f072_hal.o(i.HAL_Delay)
    HAL_GPIO_Init                            0x08000c19   Thumb Code   438  py32f072_hal_gpio.o(i.HAL_GPIO_Init)
    HAL_GPIO_WritePin                        0x08000ddd   Thumb Code    12  py32f072_hal_gpio.o(i.HAL_GPIO_WritePin)
    HAL_GetTick                              0x08000de9   Thumb Code     6  py32f072_hal.o(i.HAL_GetTick)
    HAL_IncTick                              0x08000df5   Thumb Code    16  py32f072_hal.o(i.HAL_IncTick)
    HAL_Init                                 0x08000e0d   Thumb Code    26  py32f072_hal.o(i.HAL_Init)
    HAL_InitTick                             0x08000e29   Thumb Code    82  py32f072_hal.o(i.HAL_InitTick)
    HAL_MspInit                              0x08000e89   Thumb Code    64  py32f072_hal_msp.o(i.HAL_MspInit)
    HAL_NVIC_EnableIRQ                       0x08000ecd   Thumb Code    30  py32f072_hal_cortex.o(i.HAL_NVIC_EnableIRQ)
    HAL_NVIC_SetPriority                     0x08000ef1   Thumb Code    18  py32f072_hal_cortex.o(i.HAL_NVIC_SetPriority)
    HAL_RCCEx_GetPeriphCLKFreq               0x08000f05   Thumb Code   944  py32f072_hal_rcc_ex.o(i.HAL_RCCEx_GetPeriphCLKFreq)
    HAL_RCCEx_PeriphCLKConfig                0x080012c5   Thumb Code   506  py32f072_hal_rcc_ex.o(i.HAL_RCCEx_PeriphCLKConfig)
    HAL_RCC_ClockConfig                      0x080014cd   Thumb Code   442  py32f072_hal_rcc.o(i.HAL_RCC_ClockConfig)
    HAL_RCC_GetHCLKFreq                      0x080016a1   Thumb Code     6  py32f072_hal_rcc.o(i.HAL_RCC_GetHCLKFreq)
    HAL_RCC_GetPCLK1Freq                     0x080016ad   Thumb Code    32  py32f072_hal_rcc.o(i.HAL_RCC_GetPCLK1Freq)
    HAL_RCC_GetSysClockFreq                  0x080016d5   Thumb Code   238  py32f072_hal_rcc.o(i.HAL_RCC_GetSysClockFreq)
    HAL_RCC_OscConfig                        0x080017d1   Thumb Code  1566  py32f072_hal_rcc.o(i.HAL_RCC_OscConfig)
    HAL_SYSTICK_Config                       0x08001dfd   Thumb Code    46  py32f072_hal_cortex.o(i.HAL_SYSTICK_Config)
    HAL_UART_Init                            0x08001e35   Thumb Code   138  py32f072_hal_uart.o(i.HAL_UART_Init)
    HAL_UART_MspInit                         0x08001ebf   Thumb Code     2  py32f072_hal_uart.o(i.HAL_UART_MspInit)
    HAL_UART_Transmit                        0x08001ec1   Thumb Code   254  py32f072_hal_uart.o(i.HAL_UART_Transmit)
    HardFault_Handler                        0x08001fbf   Thumb Code     4  py32f072_it.o(i.HardFault_Handler)
    NMI_Handler                              0x08001fc3   Thumb Code     2  py32f072_it.o(i.NMI_Handler)
    PendSV_Handler                           0x08001fc5   Thumb Code     2  py32f072_it.o(i.PendSV_Handler)
    SVC_Handler                              0x08001fe5   Thumb Code     2  py32f072_it.o(i.SVC_Handler)
    SysTick_Handler                          0x08001fe7   Thumb Code     8  py32f072_it.o(i.SysTick_Handler)
    SystemInit                               0x08001ff1   Thumb Code    40  system_py32f072.o(i.SystemInit)
    __0printf$1                              0x08002275   Thumb Code    24  printf1.o(i.__0printf$1)
    __1printf$1                              0x08002275   Thumb Code     0  printf1.o(i.__0printf$1)
    __2printf                                0x08002275   Thumb Code     0  printf1.o(i.__0printf$1)
    __scatterload_copy                       0x0800230d   Thumb Code    14  handlers.o(i.__scatterload_copy)
    __scatterload_null                       0x0800231b   Thumb Code     2  handlers.o(i.__scatterload_null)
    __scatterload_zeroinit                   0x0800231d   Thumb Code    14  handlers.o(i.__scatterload_zeroinit)
    fputc                                    0x0800247d   Thumb Code    22  py32f072xx_start_kit.o(i.fputc)
    main                                     0x08002499   Thumb Code    40  main.o(i.main)
    AHBPrescTable                            0x080024c4   Data          64  system_py32f072.o(.constdata)
    APBPrescTable                            0x08002504   Data          32  system_py32f072.o(.constdata)
    HSIFreqTable                             0x08002524   Data          32  system_py32f072.o(.constdata)
    LED_PIN                                  0x08002544   Data           2  py32f072xx_start_kit.o(.constdata)
    BUTTON_PIN                               0x08002546   Data           2  py32f072xx_start_kit.o(.constdata)
    BUTTON_IRQn                              0x08002548   Data           1  py32f072xx_start_kit.o(.constdata)
    Region$$Table$$Base                      0x08002594   Number         0  anon$$obj.o(Region$$Table)
    Region$$Table$$Limit                     0x080025b4   Number         0  anon$$obj.o(Region$$Table)
    SystemCoreClock                          0x20000000   Data           4  system_py32f072.o(.data)
    aADCxConvertedData                       0x20000004   Data           2  main.o(.data)
    sMasterConfig                            0x20000008   Data           8  main.o(.data)
    LED_PORT                                 0x20000010   Data           4  py32f072xx_start_kit.o(.data)
    BUTTON_PORT                              0x20000014   Data           4  py32f072xx_start_kit.o(.data)
    uwTick                                   0x20000018   Data           4  py32f072_hal.o(.data)
    uwTickPrio                               0x2000001c   Data           4  py32f072_hal.o(.data)
    uwTickFreq                               0x20000020   Data           4  py32f072_hal.o(.data)
    __stdout                                 0x20000024   Data           4  stdout.o(.data)
    AdcHandle                                0x20000028   Data          52  main.o(.bss)
    TimHandle                                0x2000005c   Data          64  main.o(.bss)
    DebugUartHandle                          0x2000009c   Data          76  py32f072xx_start_kit.o(.bss)
    __initial_sp                             0x200002e8   Data           0  startup_py32f072xx.o(STACK)



==============================================================================

Memory Map of the image

  Image Entry point : 0x080000c1

  Load Region LR_IROM1 (Base: 0x08000000, Size: 0x000025dc, Max: 0x00020000, ABSOLUTE)

    Execution Region ER_IROM1 (Exec base: 0x08000000, Load base: 0x08000000, Size: 0x000025b4, Max: 0x00020000, ABSOLUTE)

    Exec Addr    Load Addr    Size         Type   Attr      Idx    E Section Name        Object

    0x08000000   0x08000000   0x000000c0   Data   RO            3    RESET               startup_py32f072xx.o
    0x080000c0   0x080000c0   0x00000000   Code   RO         2628  * .ARM.Collect$$$$00000000  mc_p.l(entry.o)
    0x080000c0   0x080000c0   0x00000004   Code   RO         2900    .ARM.Collect$$$$00000001  mc_p.l(entry2.o)
    0x080000c4   0x080000c4   0x00000004   Code   RO         2903    .ARM.Collect$$$$00000004  mc_p.l(entry5.o)
    0x080000c8   0x080000c8   0x00000000   Code   RO         2905    .ARM.Collect$$$$00000008  mc_p.l(entry7b.o)
    0x080000c8   0x080000c8   0x00000000   Code   RO         2907    .ARM.Collect$$$$0000000A  mc_p.l(entry8b.o)
    0x080000c8   0x080000c8   0x00000008   Code   RO         2908    .ARM.Collect$$$$0000000B  mc_p.l(entry9a.o)
    0x080000d0   0x080000d0   0x00000000   Code   RO         2910    .ARM.Collect$$$$0000000D  mc_p.l(entry10a.o)
    0x080000d0   0x080000d0   0x00000000   Code   RO         2912    .ARM.Collect$$$$0000000F  mc_p.l(entry11a.o)
    0x080000d0   0x080000d0   0x00000004   Code   RO         2901    .ARM.Collect$$$$00002712  mc_p.l(entry2.o)
    0x080000d4   0x080000d4   0x0000001c   Code   RO            4    .text               startup_py32f072xx.o
    0x080000f0   0x080000f0   0x0000002c   Code   RO         2631    .text               mc_p.l(uidiv.o)
    0x0800011c   0x0800011c   0x00000024   Code   RO         2633    .text               mc_p.l(memcpya.o)
    0x08000140   0x08000140   0x00000024   Code   RO         2635    .text               mc_p.l(memseta.o)
    0x08000164   0x08000164   0x00000024   Code   RO         2928    .text               mc_p.l(init.o)
    0x08000188   0x08000188   0x00000010   Code   RO          207    i.ADC_COMP_IRQHandler  py32f072_it.o
    0x08000198   0x08000198   0x0000005e   Code   RO         2357    i.ADC_ConversionStop_Disable  py32f072_hal_adc.o
    0x080001f6   0x080001f6   0x00000002   PAD
    0x080001f8   0x080001f8   0x000000a0   Code   RO         2361    i.ADC_Enable        py32f072_hal_adc.o
    0x08000298   0x08000298   0x000000ac   Code   RO          124    i.APP_AdcConfig     main.o
    0x08000344   0x08000344   0x00000004   Code   RO          125    i.APP_ErrorHandler  main.o
    0x08000348   0x08000348   0x00000074   Code   RO          126    i.APP_SystemClockConfig  main.o
    0x080003bc   0x080003bc   0x00000068   Code   RO          263    i.BSP_LED_Init      py32f072xx_start_kit.o
    0x08000424   0x08000424   0x000000d0   Code   RO          270    i.BSP_USART_Config  py32f072xx_start_kit.o
    0x080004f4   0x080004f4   0x0000012c   Code   RO         2552    i.HAL_ADCEx_Calibration_Start  py32f072_hal_adc_ex.o
    0x08000620   0x08000620   0x00000002   Code   RO         2554    i.HAL_ADCEx_InjectedConvCpltCallback  py32f072_hal_adc_ex.o
    0x08000622   0x08000622   0x00000002   PAD
    0x08000624   0x08000624   0x0000018c   Code   RO         2363    i.HAL_ADC_ConfigChannel  py32f072_hal_adc.o
    0x080007b0   0x080007b0   0x0000002c   Code   RO          127    i.HAL_ADC_ConvCpltCallback  main.o
    0x080007dc   0x080007dc   0x00000002   Code   RO         2368    i.HAL_ADC_ErrorCallback  py32f072_hal_adc.o
    0x080007de   0x080007de   0x00000174   Code   RO         2372    i.HAL_ADC_IRQHandler  py32f072_hal_adc.o
    0x08000952   0x08000952   0x00000002   PAD
    0x08000954   0x08000954   0x0000016c   Code   RO         2373    i.HAL_ADC_Init      py32f072_hal_adc.o
    0x08000ac0   0x08000ac0   0x00000002   Code   RO         2374    i.HAL_ADC_LevelOutOfWindowCallback  py32f072_hal_adc.o
    0x08000ac2   0x08000ac2   0x00000002   PAD
    0x08000ac4   0x08000ac4   0x00000058   Code   RO          181    i.HAL_ADC_MspInit   py32f072_hal_msp.o
    0x08000b1c   0x08000b1c   0x00000002   Code   RO         2377    i.HAL_ADC_OverCallback  py32f072_hal_adc.o
    0x08000b1e   0x08000b1e   0x00000002   PAD
    0x08000b20   0x08000b20   0x000000cc   Code   RO         2382    i.HAL_ADC_Start_IT  py32f072_hal_adc.o
    0x08000bec   0x08000bec   0x0000002c   Code   RO          360    i.HAL_Delay         py32f072_hal.o
    0x08000c18   0x08000c18   0x000001c4   Code   RO          713    i.HAL_GPIO_Init     py32f072_hal_gpio.o
    0x08000ddc   0x08000ddc   0x0000000c   Code   RO          717    i.HAL_GPIO_WritePin  py32f072_hal_gpio.o
    0x08000de8   0x08000de8   0x0000000c   Code   RO          363    i.HAL_GetTick       py32f072_hal.o
    0x08000df4   0x08000df4   0x00000018   Code   RO          369    i.HAL_IncTick       py32f072_hal.o
    0x08000e0c   0x08000e0c   0x0000001a   Code   RO          370    i.HAL_Init          py32f072_hal.o
    0x08000e26   0x08000e26   0x00000002   PAD
    0x08000e28   0x08000e28   0x00000060   Code   RO          371    i.HAL_InitTick      py32f072_hal.o
    0x08000e88   0x08000e88   0x00000044   Code   RO          182    i.HAL_MspInit       py32f072_hal_msp.o
    0x08000ecc   0x08000ecc   0x00000024   Code   RO         1321    i.HAL_NVIC_EnableIRQ  py32f072_hal_cortex.o
    0x08000ef0   0x08000ef0   0x00000012   Code   RO         1325    i.HAL_NVIC_SetPriority  py32f072_hal_cortex.o
    0x08000f02   0x08000f02   0x00000002   PAD
    0x08000f04   0x08000f04   0x000003c0   Code   RO          668    i.HAL_RCCEx_GetPeriphCLKFreq  py32f072_hal_rcc_ex.o
    0x080012c4   0x080012c4   0x00000208   Code   RO          669    i.HAL_RCCEx_PeriphCLKConfig  py32f072_hal_rcc_ex.o
    0x080014cc   0x080014cc   0x000001d4   Code   RO          556    i.HAL_RCC_ClockConfig  py32f072_hal_rcc.o
    0x080016a0   0x080016a0   0x0000000c   Code   RO          562    i.HAL_RCC_GetHCLKFreq  py32f072_hal_rcc.o
    0x080016ac   0x080016ac   0x00000028   Code   RO          564    i.HAL_RCC_GetPCLK1Freq  py32f072_hal_rcc.o
    0x080016d4   0x080016d4   0x000000fc   Code   RO          565    i.HAL_RCC_GetSysClockFreq  py32f072_hal_rcc.o
    0x080017d0   0x080017d0   0x0000062c   Code   RO          569    i.HAL_RCC_OscConfig  py32f072_hal_rcc.o
    0x08001dfc   0x08001dfc   0x00000038   Code   RO         1329    i.HAL_SYSTICK_Config  py32f072_hal_cortex.o
    0x08001e34   0x08001e34   0x0000008a   Code   RO         1007    i.HAL_UART_Init     py32f072_hal_uart.o
    0x08001ebe   0x08001ebe   0x00000002   Code   RO         1009    i.HAL_UART_MspInit  py32f072_hal_uart.o
    0x08001ec0   0x08001ec0   0x000000fe   Code   RO         1015    i.HAL_UART_Transmit  py32f072_hal_uart.o
    0x08001fbe   0x08001fbe   0x00000004   Code   RO          208    i.HardFault_Handler  py32f072_it.o
    0x08001fc2   0x08001fc2   0x00000002   Code   RO          209    i.NMI_Handler       py32f072_it.o
    0x08001fc4   0x08001fc4   0x00000002   Code   RO          210    i.PendSV_Handler    py32f072_it.o
    0x08001fc6   0x08001fc6   0x00000002   PAD
    0x08001fc8   0x08001fc8   0x0000001c   Code   RO          570    i.RCC_GetHSIFreq    py32f072_hal_rcc.o
    0x08001fe4   0x08001fe4   0x00000002   Code   RO          211    i.SVC_Handler       py32f072_it.o
    0x08001fe6   0x08001fe6   0x00000008   Code   RO          212    i.SysTick_Handler   py32f072_it.o
    0x08001fee   0x08001fee   0x00000002   PAD
    0x08001ff0   0x08001ff0   0x00000038   Code   RO           13    i.SystemInit        system_py32f072.o
    0x08002028   0x08002028   0x00000038   Code   RO         1020    i.UART_AdvFeatureConfig  py32f072_hal_uart.o
    0x08002060   0x08002060   0x000001a4   Code   RO         1035    i.UART_SetConfig    py32f072_hal_uart.o
    0x08002204   0x08002204   0x00000070   Code   RO         1037    i.UART_WaitOnFlagUntilTimeout  py32f072_hal_uart.o
    0x08002274   0x08002274   0x00000020   Code   RO         2684    i.__0printf$1       mc_p.l(printf1.o)
    0x08002294   0x08002294   0x00000078   Code   RO         1331    i.__NVIC_SetPriority  py32f072_hal_cortex.o
    0x0800230c   0x0800230c   0x0000000e   Code   RO         2942    i.__scatterload_copy  mc_p.l(handlers.o)
    0x0800231a   0x0800231a   0x00000002   Code   RO         2943    i.__scatterload_null  mc_p.l(handlers.o)
    0x0800231c   0x0800231c   0x0000000e   Code   RO         2944    i.__scatterload_zeroinit  mc_p.l(handlers.o)
    0x0800232a   0x0800232a   0x00000002   PAD
    0x0800232c   0x0800232c   0x00000150   Code   RO         2691    i._printf_core      mc_p.l(printf1.o)
    0x0800247c   0x0800247c   0x0000001c   Code   RO          272    i.fputc             py32f072xx_start_kit.o
    0x08002498   0x08002498   0x0000002c   Code   RO          128    i.main              main.o
    0x080024c4   0x080024c4   0x00000080   Data   RO           14    .constdata          system_py32f072.o
    0x08002544   0x08002544   0x00000005   Data   RO          274    .constdata          py32f072xx_start_kit.o
    0x08002549   0x08002549   0x00000003   PAD
    0x0800254c   0x0800254c   0x00000034   Data   RO          571    .constdata          py32f072_hal_rcc.o
    0x08002580   0x08002580   0x00000014   Data   RO          670    .constdata          py32f072_hal_rcc_ex.o
    0x08002594   0x08002594   0x00000020   Data   RO         2940    Region$$Table       anon$$obj.o


    Execution Region RW_IRAM1 (Exec base: 0x20000000, Load base: 0x080025b4, Size: 0x000002e8, Max: 0x00004000, ABSOLUTE)

    Exec Addr    Load Addr    Size         Type   Attr      Idx    E Section Name        Object

    0x20000000   0x080025b4   0x00000004   Data   RW           15    .data               system_py32f072.o
    0x20000004   0x080025b8   0x0000000c   Data   RW          130    .data               main.o
    0x20000010   0x080025c4   0x00000008   Data   RW          275    .data               py32f072xx_start_kit.o
    0x20000018   0x080025cc   0x0000000c   Data   RW          385    .data               py32f072_hal.o
    0x20000024   0x080025d8   0x00000004   Data   RW         2914    .data               mc_p.l(stdout.o)
    0x20000028        -       0x00000074   Zero   RW          129    .bss                main.o
    0x2000009c        -       0x0000004c   Zero   RW          273    .bss                py32f072xx_start_kit.o
    0x200000e8        -       0x00000200   Zero   RW            1    STACK               startup_py32f072xx.o


==============================================================================

Image component sizes


      Code (inc. data)   RO Data    RW Data    ZI Data      Debug   Object Name

       380         42          0         12        116       3900   main.o
       202         34          0         12          0       4753   py32f072_hal.o
      1596         42          0          0          0       8499   py32f072_hal_adc.o
       302          6          0          0          0       2435   py32f072_hal_adc_ex.o
       230         26          0          0          0      11253   py32f072_hal_cortex.o
       464         14          0          0          0       2624   py32f072_hal_gpio.o
       156          8          0          0          0       1752   py32f072_hal_msp.o
      2380        100         52          0          0       7109   py32f072_hal_rcc.o
      1480         30         20          0          0       3409   py32f072_hal_rcc_ex.o
       982          6          0          0          0       5779   py32f072_hal_uart.o
        34          6          0          0          0       3193   py32f072_it.o
       340         30          5          8         76       6600   py32f072xx_start_kit.o
        28          8        192          0        512        740   startup_py32f072xx.o
        56         16        128          4          0     379068   system_py32f072.o

    ----------------------------------------------------------------------
      8648        368        432         36        704     441114   Object Totals
         0          0         32          0          0          0   (incl. Generated)
        18          0          3          0          0          0   (incl. Padding)

    ----------------------------------------------------------------------

      Code (inc. data)   RO Data    RW Data    ZI Data      Debug   Library Member Name

         0          0          0          0          0          0   entry.o
         0          0          0          0          0          0   entry10a.o
         0          0          0          0          0          0   entry11a.o
         8          4          0          0          0          0   entry2.o
         4          0          0          0          0          0   entry5.o
         0          0          0          0          0          0   entry7b.o
         0          0          0          0          0          0   entry8b.o
         8          4          0          0          0          0   entry9a.o
        30          0          0          0          0          0   handlers.o
        36          8          0          0          0         68   init.o
        36          0          0          0          0         60   memcpya.o
        36          0          0          0          0        100   memseta.o
       368         12          0          0          0        168   printf1.o
         0          0          0          4          0          0   stdout.o
        44          0          0          0          0         72   uidiv.o

    ----------------------------------------------------------------------
       572         28          0          4          0        468   Library Totals
         2          0          0          0          0          0   (incl. Padding)

    ----------------------------------------------------------------------

      Code (inc. data)   RO Data    RW Data    ZI Data      Debug   Library Name

       570         28          0          4          0        468   mc_p.l

    ----------------------------------------------------------------------
       572         28          0          4          0        468   Library Totals

    ----------------------------------------------------------------------

==============================================================================


      Code (inc. data)   RO Data    RW Data    ZI Data      Debug   

      9220        396        432         40        704     439490   Grand Totals
      9220        396        432         40        704     439490   ELF Image Totals
      9220        396        432         40          0          0   ROM Totals

==============================================================================

    Total RO  Size (Code + RO Data)                 9652 (   9.43kB)
    Total RW  Size (RW Data + ZI Data)               744 (   0.73kB)
    Total ROM Size (Code + RO Data + RW Data)       9692 (   9.46kB)

==============================================================================

