Component: ARM Compiler 5.06 update 6 (build 750) Tool: armlink [4d35ed]

==============================================================================

Section Cross References

    startup_py32f072xx.o(RESET) refers to startup_py32f072xx.o(STACK) for __initial_sp
    startup_py32f072xx.o(RESET) refers to startup_py32f072xx.o(.text) for Reset_Handler
    startup_py32f072xx.o(RESET) refers to py32f072_it.o(i.NMI_Handler) for NMI_Handler
    startup_py32f072xx.o(RESET) refers to py32f072_it.o(i.HardFault_Handler) for HardFault_Handler
    startup_py32f072xx.o(RESET) refers to py32f072_it.o(i.SVC_Handler) for SVC_Handler
    startup_py32f072xx.o(RESET) refers to py32f072_it.o(i.PendSV_Handler) for PendSV_Handler
    startup_py32f072xx.o(RESET) refers to py32f072_it.o(i.SysTick_Handler) for SysTick_Handler
    startup_py32f072xx.o(RESET) refers to py32f072_it.o(i.USB_IRQHandler) for USB_IRQHandler
    startup_py32f072xx.o(.text) refers to system_py32f072.o(i.SystemInit) for SystemInit
    startup_py32f072xx.o(.text) refers to entry.o(.ARM.Collect$$$$00000000) for __main
    system_py32f072.o(i.SystemCoreClockUpdate) refers to uidiv.o(.text) for __aeabi_uidivmod
    system_py32f072.o(i.SystemCoreClockUpdate) refers to system_py32f072.o(.data) for SystemCoreClock
    system_py32f072.o(i.SystemCoreClockUpdate) refers to system_py32f072.o(.constdata) for HSIFreqTable
    main.o(i.APP_SystemClockConfig) refers to memseta.o(.text) for __aeabi_memclr4
    main.o(i.APP_SystemClockConfig) refers to py32f072_hal_rcc.o(i.HAL_RCC_OscConfig) for HAL_RCC_OscConfig
    main.o(i.APP_SystemClockConfig) refers to main.o(i.APP_ErrorHandler) for APP_ErrorHandler
    main.o(i.APP_SystemClockConfig) refers to py32f072_hal_rcc.o(i.HAL_RCC_ClockConfig) for HAL_RCC_ClockConfig
    main.o(i.APP_USBInit) refers to usbd_msc_flash.o(i.msc_ram_init) for msc_ram_init
    main.o(i.main) refers to py32f072_hal.o(i.HAL_Init) for HAL_Init
    main.o(i.main) refers to main.o(i.APP_SystemClockConfig) for APP_SystemClockConfig
    main.o(i.main) refers to main.o(i.APP_USBInit) for APP_USBInit
    py32f072_it.o(i.SysTick_Handler) refers to py32f072_hal.o(i.HAL_IncTick) for HAL_IncTick
    py32f072_it.o(i.USB_IRQHandler) refers to usb_dc_py32.o(i.USBD_IRQHandler) for USBD_IRQHandler
    usbd_msc_flash.o(i.msc_ram_init) refers to usbd_core.o(i.usbd_desc_register) for usbd_desc_register
    usbd_msc_flash.o(i.msc_ram_init) refers to usbd_msc.o(i.usbd_msc_init_intf) for usbd_msc_init_intf
    usbd_msc_flash.o(i.msc_ram_init) refers to usbd_core.o(i.usbd_add_interface) for usbd_add_interface
    usbd_msc_flash.o(i.msc_ram_init) refers to usbd_core.o(i.usbd_initialize) for usbd_initialize
    usbd_msc_flash.o(i.msc_ram_init) refers to usbd_msc_flash.o(.constdata) for msc_flash_descriptor
    usbd_msc_flash.o(i.msc_ram_init) refers to usbd_msc_flash.o(.bss) for intf0
    usbd_msc_flash.o(i.usbd_msc_sector_write) refers to py32f072_hal_flash.o(i.HAL_FLASH_Unlock) for HAL_FLASH_Unlock
    usbd_msc_flash.o(i.usbd_msc_sector_write) refers to py32f072_hal_flash.o(i.HAL_FLASH_Erase) for HAL_FLASH_Erase
    usbd_msc_flash.o(i.usbd_msc_sector_write) refers to py32f072_hal_flash.o(i.HAL_FLASH_Program) for HAL_FLASH_Program
    usbd_msc_flash.o(i.usbd_msc_sector_write) refers to py32f072_hal_flash.o(i.HAL_FLASH_Lock) for HAL_FLASH_Lock
    py32f072xx_start_kit.o(i.BSP_LED_DeInit) refers to memseta.o(.text) for __aeabi_memclr4
    py32f072xx_start_kit.o(i.BSP_LED_DeInit) refers to py32f072_hal_gpio.o(i.HAL_GPIO_WritePin) for HAL_GPIO_WritePin
    py32f072xx_start_kit.o(i.BSP_LED_DeInit) refers to py32f072_hal_gpio.o(i.HAL_GPIO_DeInit) for HAL_GPIO_DeInit
    py32f072xx_start_kit.o(i.BSP_LED_DeInit) refers to py32f072xx_start_kit.o(.constdata) for LED_PIN
    py32f072xx_start_kit.o(i.BSP_LED_DeInit) refers to py32f072xx_start_kit.o(.data) for LED_PORT
    py32f072xx_start_kit.o(i.BSP_LED_Init) refers to memseta.o(.text) for __aeabi_memclr4
    py32f072xx_start_kit.o(i.BSP_LED_Init) refers to py32f072_hal_gpio.o(i.HAL_GPIO_Init) for HAL_GPIO_Init
    py32f072xx_start_kit.o(i.BSP_LED_Init) refers to py32f072_hal_gpio.o(i.HAL_GPIO_WritePin) for HAL_GPIO_WritePin
    py32f072xx_start_kit.o(i.BSP_LED_Init) refers to py32f072xx_start_kit.o(.constdata) for LED_PIN
    py32f072xx_start_kit.o(i.BSP_LED_Init) refers to py32f072xx_start_kit.o(.data) for LED_PORT
    py32f072xx_start_kit.o(i.BSP_LED_Off) refers to py32f072_hal_gpio.o(i.HAL_GPIO_WritePin) for HAL_GPIO_WritePin
    py32f072xx_start_kit.o(i.BSP_LED_Off) refers to py32f072xx_start_kit.o(.constdata) for LED_PIN
    py32f072xx_start_kit.o(i.BSP_LED_Off) refers to py32f072xx_start_kit.o(.data) for LED_PORT
    py32f072xx_start_kit.o(i.BSP_LED_On) refers to py32f072_hal_gpio.o(i.HAL_GPIO_WritePin) for HAL_GPIO_WritePin
    py32f072xx_start_kit.o(i.BSP_LED_On) refers to py32f072xx_start_kit.o(.constdata) for LED_PIN
    py32f072xx_start_kit.o(i.BSP_LED_On) refers to py32f072xx_start_kit.o(.data) for LED_PORT
[...]
    usb_dc_py32.o(i.usbd_ep0_reset_zlp_flag) refers to usb_dc_py32.o(.data) for zlp_flag
    usb_dc_py32.o(i.usbd_ep0_set_zlp_flag) refers to usb_dc_py32.o(.data) for zlp_flag
    usb_dc_py32.o(i.usbd_ep_clear_stall) refers to usb_dc_py32.o(i.pyusb_get_active_ep) for pyusb_get_active_ep
    usb_dc_py32.o(i.usbd_ep_clear_stall) refers to usb_dc_py32.o(i.pyusb_set_active_ep) for pyusb_set_active_ep
    usb_dc_py32.o(i.usbd_ep_is_stalled) refers to usb_dc_py32.o(i.pyusb_get_active_ep) for pyusb_get_active_ep
    usb_dc_py32.o(i.usbd_ep_is_stalled) refers to usb_dc_py32.o(i.pyusb_set_active_ep) for pyusb_set_active_ep
    usb_dc_py32.o(i.usbd_ep_open) refers to usb_dc_py32.o(i.pyusb_get_active_ep) for pyusb_get_active_ep
    usb_dc_py32.o(i.usbd_ep_open) refers to usb_dc_py32.o(i.pyusb_set_active_ep) for pyusb_set_active_ep
    usb_dc_py32.o(i.usbd_ep_open) refers to usb_dc_py32.o(i.pyusb_get_fifo_size) for pyusb_get_fifo_size
    usb_dc_py32.o(i.usbd_ep_open) refers to usb_dc_py32.o(.bss) for g_pyusb_udc
    usb_dc_py32.o(i.usbd_ep_set_stall) refers to usb_dc_py32.o(i.pyusb_get_active_ep) for pyusb_get_active_ep
    usb_dc_py32.o(i.usbd_ep_set_stall) refers to usb_dc_py32.o(i.pyusb_set_active_ep) for pyusb_set_active_ep
    usb_dc_py32.o(i.usbd_ep_set_stall) refers to usb_dc_py32.o(.data) for usb_ep0_state
    usb_dc_py32.o(i.usbd_ep_start_read) refers to usb_dc_py32.o(i.pyusb_get_active_ep) for pyusb_get_active_ep
    usb_dc_py32.o(i.usbd_ep_start_read) refers to usb_dc_py32.o(i.pyusb_set_active_ep) for pyusb_set_active_ep
    usb_dc_py32.o(i.usbd_ep_start_read) refers to usb_dc_py32.o(.bss) for g_pyusb_udc
    usb_dc_py32.o(i.usbd_ep_start_read) refers to usb_dc_py32.o(.data) for usb_ep0_state
    usb_dc_py32.o(i.usbd_ep_start_write) refers to usb_dc_py32.o(i.pyusb_get_active_ep) for pyusb_get_active_ep
    usb_dc_py32.o(i.usbd_ep_start_write) refers to usb_dc_py32.o(i.pyusb_set_active_ep) for pyusb_set_active_ep
    usb_dc_py32.o(i.usbd_ep_start_write) refers to usb_dc_py32.o(i.pyusb_write_packet) for pyusb_write_packet
    usb_dc_py32.o(i.usbd_ep_start_write) refers to usb_dc_py32.o(i.usbd_ep0_reset_zlp_flag) for usbd_ep0_reset_zlp_flag
    usb_dc_py32.o(i.usbd_ep_start_write) refers to usb_dc_py32.o(.bss) for g_pyusb_udc
    usb_dc_py32.o(i.usbd_ep_start_write) refers to usb_dc_py32.o(.data) for usb_ep0_state
    usb_dc_py32.o(i.usbd_set_address) refers to usb_dc_py32.o(.bss) for g_pyusb_udc
    usbd_msc.o(i.SCSI_CBWDecode) refers to usbd_msc.o(i.SCSI_SetSenseData) for SCSI_SetSenseData
    usbd_msc.o(i.SCSI_CBWDecode) refers to usbd_msc.o(i.SCSI_testUnitReady) for SCSI_testUnitReady
    usbd_msc.o(i.SCSI_CBWDecode) refers to usbd_msc.o(i.SCSI_requestSense) for SCSI_requestSense
    usbd_msc.o(i.SCSI_CBWDecode) refers to usbd_msc.o(i.SCSI_inquiry) for SCSI_inquiry
    usbd_msc.o(i.SCSI_CBWDecode) refers to usbd_msc.o(i.SCSI_startStopUnit) for SCSI_startStopUnit
    usbd_msc.o(i.SCSI_CBWDecode) refers to usbd_msc.o(i.SCSI_preventAllowMediaRemoval) for SCSI_preventAllowMediaRemoval
    usbd_msc.o(i.SCSI_CBWDecode) refers to usbd_msc.o(i.SCSI_modeSense6) for SCSI_modeSense6
    usbd_msc.o(i.SCSI_CBWDecode) refers to usbd_msc.o(i.SCSI_modeSense10) for SCSI_modeSense10
    usbd_msc.o(i.SCSI_CBWDecode) refers to usbd_msc.o(i.SCSI_readFormatCapacity) for SCSI_readFormatCapacity
    usbd_msc.o(i.SCSI_CBWDecode) refers to usbd_msc.o(i.SCSI_readCapacity10) for SCSI_readCapacity10
    usbd_msc.o(i.SCSI_CBWDecode) refers to usbd_msc.o(i.SCSI_read10) for SCSI_read10
    usbd_msc.o(i.SCSI_CBWDecode) refers to usbd_msc.o(i.SCSI_read12) for SCSI_read12
    usbd_msc.o(i.SCSI_CBWDecode) refers to usbd_msc.o(i.SCSI_write10) for SCSI_write10
    usbd_msc.o(i.SCSI_CBWDecode) refers to usbd_msc.o(i.SCSI_write12) for SCSI_write12
    usbd_msc.o(i.SCSI_CBWDecode) refers to usbd_msc.o(i.usbd_msc_send_info) for usbd_msc_send_info
    usbd_msc.o(i.SCSI_CBWDecode) refers to usbd_msc.o(i.usbd_msc_send_csw) for usbd_msc_send_csw
    usbd_msc.o(i.SCSI_CBWDecode) refers to usbd_msc.o(.noncacheable) for usbd_msc_cfg
    usbd_msc.o(i.SCSI_SetSenseData) refers to usbd_msc.o(.noncacheable) for usbd_msc_cfg
    usbd_msc.o(i.SCSI_inquiry) refers to memcpya.o(.text) for __aeabi_memcpy4
    usbd_msc.o(i.SCSI_inquiry) refers to usbd_msc.o(i.SCSI_SetSenseData) for SCSI_SetSenseData
    usbd_msc.o(i.SCSI_inquiry) refers to usbd_msc.o(.noncacheable) for usbd_msc_cfg
    usbd_msc.o(i.SCSI_modeSense10) refers to usbd_msc.o(i.SCSI_SetSenseData) for SCSI_SetSenseData
    usbd_msc.o(i.SCSI_modeSense10) refers to memcpya.o(.text) for __aeabi_memcpy4
    usbd_msc.o(i.SCSI_modeSense10) refers to usbd_msc.o(.noncacheable) for usbd_msc_cfg
    usbd_msc.o(i.SCSI_modeSense6) refers to usbd_msc.o(i.SCSI_SetSenseData) for SCSI_SetSenseData
    usbd_msc.o(i.SCSI_modeSense6) refers to memcpya.o(.text) for __aeabi_memcpy
    usbd_msc.o(i.SCSI_modeSense6) refers to usbd_msc.o(.noncacheable) for usbd_msc_cfg
    usbd_msc.o(i.SCSI_preventAllowMediaRemoval) refers to usbd_msc.o(i.SCSI_SetSenseData) for SCSI_SetSenseData
    usbd_msc.o(i.SCSI_preventAllowMediaRemoval) refers to usbd_msc.o(.noncacheable) for usbd_msc_cfg
    usbd_msc.o(i.SCSI_processRead) refers to usbd_msc_flash.o(i.usbd_msc_sector_read) for usbd_msc_sector_read
    usbd_msc.o(i.SCSI_processRead) refers to usbd_msc.o(i.SCSI_SetSenseData) for SCSI_SetSenseData
    usbd_msc.o(i.SCSI_processRead) refers to usb_dc_py32.o(i.usbd_ep_start_write) for usbd_ep_start_write
    usbd_msc.o(i.SCSI_processRead) refers to uidiv.o(.text) for __aeabi_uidivmod
    usbd_msc.o(i.SCSI_processRead) refers to usbd_msc.o(.noncacheable) for usbd_msc_cfg
    usbd_msc.o(i.SCSI_processRead) refers to usbd_msc.o(.bss) for mass_ep_data
    usbd_msc.o(i.SCSI_processWrite) refers to usbd_msc_flash.o(i.usbd_msc_sector_write) for usbd_msc_sector_write
    usbd_msc.o(i.SCSI_processWrite) refers to usbd_msc.o(i.SCSI_SetSenseData) for SCSI_SetSenseData
    usbd_msc.o(i.SCSI_processWrite) refers to uidiv.o(.text) for __aeabi_uidivmod
    usbd_msc.o(i.SCSI_processWrite) refers to usbd_msc.o(i.usbd_msc_send_csw) for usbd_msc_send_csw
    usbd_msc.o(i.SCSI_processWrite) refers to usb_dc_py32.o(i.usbd_ep_start_read) for usbd_ep_start_read
    usbd_msc.o(i.SCSI_processWrite) refers to usbd_msc.o(.noncacheable) for usbd_msc_cfg
    usbd_msc.o(i.SCSI_processWrite) refers to usbd_msc.o(.bss) for mass_ep_data
    usbd_msc.o(i.SCSI_read10) refers to usbd_msc.o(i.SCSI_SetSenseData) for SCSI_SetSenseData
    usbd_msc.o(i.SCSI_read10) refers to usbd_msc.o(i.SCSI_processRead) for SCSI_processRead
    usbd_msc.o(i.SCSI_read10) refers to usbd_msc.o(.noncacheable) for usbd_msc_cfg
    usbd_msc.o(i.SCSI_read12) refers to usbd_msc.o(i.SCSI_SetSenseData) for SCSI_SetSenseData
    usbd_msc.o(i.SCSI_read12) refers to usbd_msc.o(i.SCSI_processRead) for SCSI_processRead
    usbd_msc.o(i.SCSI_read12) refers to usbd_msc.o(.noncacheable) for usbd_msc_cfg
    usbd_msc.o(i.SCSI_readCapacity10) refers to usbd_msc.o(i.SCSI_SetSenseData) for SCSI_SetSenseData
    usbd_msc.o(i.SCSI_readCapacity10) refers to memcpya.o(.text) for __aeabi_memcpy
    usbd_msc.o(i.SCSI_readCapacity10) refers to usbd_msc.o(.noncacheable) for usbd_msc_cfg
    usbd_msc.o(i.SCSI_readFormatCapacity) refers to usbd_msc.o(i.SCSI_SetSenseData) for SCSI_SetSenseData
    usbd_msc.o(i.SCSI_readFormatCapacity) refers to memcpya.o(.text) for __aeabi_memcpy
    usbd_msc.o(i.SCSI_readFormatCapacity) refers to usbd_msc.o(.noncacheable) for usbd_msc_cfg
    usbd_msc.o(i.SCSI_requestSense) refers to usbd_msc.o(i.SCSI_SetSenseData) for SCSI_SetSenseData
    usbd_msc.o(i.SCSI_requestSense) refers to memcpya.o(.text) for __aeabi_memcpy4
    usbd_msc.o(i.SCSI_requestSense) refers to usbd_msc.o(.noncacheable) for usbd_msc_cfg
    usbd_msc.o(i.SCSI_startStopUnit) refers to usbd_msc.o(i.SCSI_SetSenseData) for SCSI_SetSenseData
    usbd_msc.o(i.SCSI_startStopUnit) refers to usbd_msc.o(.noncacheable) for usbd_msc_cfg
    usbd_msc.o(i.SCSI_testUnitReady) refers to usbd_msc.o(i.SCSI_SetSenseData) for SCSI_SetSenseData
    usbd_msc.o(i.SCSI_testUnitReady) refers to usbd_msc.o(.noncacheable) for usbd_msc_cfg
    usbd_msc.o(i.SCSI_write10) refers to usbd_msc.o(i.SCSI_SetSenseData) for SCSI_SetSenseData
    usbd_msc.o(i.SCSI_write10) refers to usb_dc_py32.o(i.usbd_ep_start_read) for usbd_ep_start_read
    usbd_msc.o(i.SCSI_write10) refers to usbd_msc.o(.noncacheable) for usbd_msc_cfg
    usbd_msc.o(i.SCSI_write10) refers to usbd_msc.o(.bss) for mass_ep_data
    usbd_msc.o(i.SCSI_write12) refers to usbd_msc.o(i.SCSI_SetSenseData) for SCSI_SetSenseData
    usbd_msc.o(i.SCSI_write12) refers to usb_dc_py32.o(i.usbd_ep_start_read) for usbd_ep_start_read
    usbd_msc.o(i.SCSI_write12) refers to usbd_msc.o(.noncacheable) for usbd_msc_cfg
    usbd_msc.o(i.SCSI_write12) refers to usbd_msc.o(.bss) for mass_ep_data
    usbd_msc.o(i.mass_storage_bulk_in) refers to usbd_msc.o(i.SCSI_processRead) for SCSI_processRead
    usbd_msc.o(i.mass_storage_bulk_in) refers to usbd_msc.o(i.usbd_msc_send_csw) for usbd_msc_send_csw
    usbd_msc.o(i.mass_storage_bulk_in) refers to usb_dc_py32.o(i.usbd_ep_start_read) for usbd_ep_start_read
    usbd_msc.o(i.mass_storage_bulk_in) refers to usbd_msc.o(.noncacheable) for usbd_msc_cfg
    usbd_msc.o(i.mass_storage_bulk_in) refers to usbd_msc.o(.bss) for mass_ep_data
    usbd_msc.o(i.mass_storage_bulk_out) refers to usbd_msc.o(i.SCSI_CBWDecode) for SCSI_CBWDecode
    usbd_msc.o(i.mass_storage_bulk_out) refers to usbd_msc.o(i.usbd_msc_bot_abort) for usbd_msc_bot_abort
    usbd_msc.o(i.mass_storage_bulk_out) refers to usbd_msc.o(i.SCSI_processWrite) for SCSI_processWrite
    usbd_msc.o(i.mass_storage_bulk_out) refers to usbd_msc.o(i.usbd_msc_send_csw) for usbd_msc_send_csw
    usbd_msc.o(i.mass_storage_bulk_out) refers to usbd_msc.o(.noncacheable) for usbd_msc_cfg
    usbd_msc.o(i.msc_storage_class_interface_request_handler) refers to usbd_msc.o(i.usbd_msc_reset) for usbd_msc_reset
    usbd_msc.o(i.msc_storage_class_interface_request_handler) refers to usbd_msc.o(.noncacheable) for usbd_msc_cfg
    usbd_msc.o(i.msc_storage_notify_handler) refers to usbd_msc.o(i.usbd_msc_reset) for usbd_msc_reset
    usbd_msc.o(i.msc_storage_notify_handler) refers to usb_dc_py32.o(i.usbd_ep_start_read) for usbd_ep_start_read
    usbd_msc.o(i.msc_storage_notify_handler) refers to usbd_msc.o(.bss) for mass_ep_data
    usbd_msc.o(i.msc_storage_notify_handler) refers to usbd_msc.o(.noncacheable) for usbd_msc_cfg
    usbd_msc.o(i.usbd_msc_bot_abort) refers to usb_dc_py32.o(i.usbd_ep_set_stall) for usbd_ep_set_stall
    usbd_msc.o(i.usbd_msc_bot_abort) refers to usb_dc_py32.o(i.usbd_ep_start_read) for usbd_ep_start_read
    usbd_msc.o(i.usbd_msc_bot_abort) refers to usbd_msc.o(.noncacheable) for usbd_msc_cfg
    usbd_msc.o(i.usbd_msc_bot_abort) refers to usbd_msc.o(.bss) for mass_ep_data
    usbd_msc.o(i.usbd_msc_init_intf) refers to usbd_core.o(i.usbd_add_endpoint) for usbd_add_endpoint
    usbd_msc.o(i.usbd_msc_init_intf) refers to memseta.o(.text) for __aeabi_memclr4
    usbd_msc.o(i.usbd_msc_init_intf) refers to usbd_msc_flash.o(i.usbd_msc_get_cap) for usbd_msc_get_cap
    usbd_msc.o(i.usbd_msc_init_intf) refers to usbd_msc.o(i.msc_storage_class_interface_request_handler) for msc_storage_class_interface_request_handler
    usbd_msc.o(i.usbd_msc_init_intf) refers to usbd_msc.o(i.msc_storage_notify_handler) for msc_storage_notify_handler
    usbd_msc.o(i.usbd_msc_init_intf) refers to usbd_msc.o(.bss) for mass_ep_data
    usbd_msc.o(i.usbd_msc_init_intf) refers to usbd_msc.o(i.mass_storage_bulk_out) for mass_storage_bulk_out
    usbd_msc.o(i.usbd_msc_init_intf) refers to usbd_msc.o(i.mass_storage_bulk_in) for mass_storage_bulk_in
    usbd_msc.o(i.usbd_msc_init_intf) refers to usbd_msc.o(.noncacheable) for usbd_msc_cfg
    usbd_msc.o(i.usbd_msc_reset) refers to usbd_msc.o(.noncacheable) for usbd_msc_cfg
    usbd_msc.o(i.usbd_msc_send_csw) refers to usb_dc_py32.o(i.usbd_ep_start_write) for usbd_ep_start_write
    usbd_msc.o(i.usbd_msc_send_csw) refers to usbd_msc.o(.noncacheable) for usbd_msc_cfg
    usbd_msc.o(i.usbd_msc_send_csw) refers to usbd_msc.o(.bss) for mass_ep_data
    usbd_msc.o(i.usbd_msc_send_info) refers to usb_dc_py32.o(i.usbd_ep_start_write) for usbd_ep_start_write
    usbd_msc.o(i.usbd_msc_send_info) refers to usbd_msc.o(.noncacheable) for usbd_msc_cfg
    usbd_msc.o(i.usbd_msc_send_info) refers to usbd_msc.o(.bss) for mass_ep_data
    usbd_msc.o(i.usbd_msc_set_readonly) refers to usbd_msc.o(.noncacheable) for usbd_msc_cfg
    entry.o(.ARM.Collect$$$$00000000) refers (Special) to entry10a.o(.ARM.Collect$$$$0000000D) for __rt_final_cpp
    entry.o(.ARM.Collect$$$$00000000) refers (Special) to entry11a.o(.ARM.Collect$$$$0000000F) for __rt_final_exit
    entry.o(.ARM.Collect$$$$00000000) refers (Special) to entry7b.o(.ARM.Collect$$$$00000008) for _main_clock
    entry.o(.ARM.Collect$$$$00000000) refers (Special) to entry8b.o(.ARM.Collect$$$$0000000A) for _main_cpp_init
    entry.o(.ARM.Collect$$$$00000000) refers (Special) to entry9a.o(.ARM.Collect$$$$0000000B) for _main_init
    entry.o(.ARM.Collect$$$$00000000) refers (Special) to entry5.o(.ARM.Collect$$$$00000004) for _main_scatterload
    entry.o(.ARM.Collect$$$$00000000) refers (Special) to entry2.o(.ARM.Collect$$$$00000001) for _main_stk
    entry2.o(.ARM.Collect$$$$00000001) refers to entry2.o(.ARM.Collect$$$$00002712) for __lit__00000000
    entry2.o(.ARM.Collect$$$$00002712) refers to startup_py32f072xx.o(STACK) for __initial_sp
    entry2.o(__vectab_stack_and_reset_area) refers to startup_py32f072xx.o(STACK) for __initial_sp
    entry2.o(__vectab_stack_and_reset_area) refers to entry.o(.ARM.Collect$$$$00000000) for __main
    entry5.o(.ARM.Collect$$$$00000004) refers to init.o(.text) for __scatterload
    entry9a.o(.ARM.Collect$$$$0000000B) refers to main.o(i.main) for main
    entry9b.o(.ARM.Collect$$$$0000000C) refers to main.o(i.main) for main
    init.o(.text) refers to entry5.o(.ARM.Collect$$$$00000004) for __main_after_scatterload


==============================================================================

Removing Unused input sections from the image.

    Removing startup_py32f072xx.o(HEAP), (512 bytes).
    Removing system_py32f072.o(.rev16_text), (4 bytes).
    Removing system_py32f072.o(.revsh_text), (4 bytes).
    Removing system_py32f072.o(i.SystemCoreClockUpdate), (236 bytes).
    Removing main.o(.rev16_text), (4 bytes).
    Removing main.o(.revsh_text), (4 bytes).
    Removing py32f072_hal_msp.o(.rev16_text), (4 bytes).
    Removing py32f072_hal_msp.o(.revsh_text), (4 bytes).
    Removing py32f072_it.o(.rev16_text), (4 bytes).
    Removing py32f072_it.o(.revsh_text), (4 bytes).
    Removing usbd_msc_flash.o(.rev16_text), (4 bytes).
    Removing usbd_msc_flash.o(.revsh_text), (4 bytes).
    Removing py32f072xx_start_kit.o(.rev16_text), (4 bytes).
    Removing py32f072xx_start_kit.o(.revsh_text), (4 bytes).
    Removing py32f072xx_start_kit.o(i.BSP_GetVersion), (6 bytes).
    Removing py32f072xx_start_kit.o(i.BSP_LED_DeInit), (64 bytes).
    Removing py32f072xx_start_kit.o(i.BSP_LED_Init), (112 bytes).
    Removing py32f072xx_start_kit.o(i.BSP_LED_Off), (32 bytes).
    Removing py32f072xx_start_kit.o(i.BSP_LED_On), (32 bytes).
    Removing py32f072xx_start_kit.o(i.BSP_LED_Toggle), (32 bytes).
    Removing py32f072xx_start_kit.o(i.BSP_PB_DeInit), (60 bytes).
    Removing py32f072xx_start_kit.o(i.BSP_PB_GetState), (32 bytes).
    Removing py32f072xx_start_kit.o(i.BSP_PB_Init), (156 bytes).
    Removing py32f072xx_start_kit.o(i.BSP_USART_Config), (228 bytes).
    Removing py32f072xx_start_kit.o(i.fgetc), (28 bytes).
    Removing py32f072xx_start_kit.o(i.fputc), (28 bytes).
    Removing py32f072xx_start_kit.o(.bss), (76 bytes).
    Removing py32f072xx_start_kit.o(.constdata), (5 bytes).
    Removing py32f072xx_start_kit.o(.data), (8 bytes).
    Removing py32f072_hal.o(.rev16_text), (4 bytes).
    Removing py32f072_hal.o(.revsh_text), (4 bytes).
    Removing py32f072_hal.o(i.HAL_DBGMCU_DisableDBGMCUSleepMode), (20 bytes).
    Removing py32f072_hal.o(i.HAL_DBGMCU_DisableDBGMCUStopMode), (20 bytes).
    Removing py32f072_hal.o(i.HAL_DBGMCU_EnableDBGMCUSleepMode), (20 bytes).
    Removing py32f072_hal.o(i.HAL_DBGMCU_EnableDBGMCUStopMode), (20 bytes).
    Removing py32f072_hal.o(i.HAL_DeInit), (52 bytes).
    Removing py32f072_hal.o(i.HAL_Delay), (44 bytes).
    Removing py32f072_hal.o(i.HAL_GetHalVersion), (6 bytes).
    Removing py32f072_hal.o(i.HAL_GetREVID), (12 bytes).
    Removing py32f072_hal.o(i.HAL_GetTickFreq), (12 bytes).
    Removing py32f072_hal.o(i.HAL_GetTickPrio), (12 bytes).
    Removing py32f072_hal.o(i.HAL_GetUIDw0), (12 bytes).
    Removing py32f072_hal.o(i.HAL_GetUIDw1), (12 bytes).
    Removing py32f072_hal.o(i.HAL_GetUIDw2), (12 bytes).
    Removing py32f072_hal.o(i.HAL_MspDeInit), (2 bytes).
    Removing py32f072_hal.o(i.HAL_MspInit), (2 bytes).
    Removing py32f072_hal.o(i.HAL_ResumeTick), (20 bytes).
    Removing py32f072_hal.o(i.HAL_SYSCFG_DisableGPIONoiseFilter), (92 bytes).
    Removing py32f072_hal.o(i.HAL_SYSCFG_EnableGPIONoiseFilter), (92 bytes).
    Removing py32f072_hal.o(i.HAL_SYSCFG_TIM1ETRSource), (24 bytes).
    Removing py32f072_hal.o(i.HAL_SYSCFG_TIM1IC1Source), (20 bytes).
    Removing py32f072_hal.o(i.HAL_SYSCFG_TIM2ETRSource), (24 bytes).
    Removing py32f072_hal.o(i.HAL_SYSCFG_TIM2IC4Source), (20 bytes).
    Removing py32f072_hal.o(i.HAL_SYSCFG_TIM3ETRSource), (24 bytes).
    Removing py32f072_hal.o(i.HAL_SYSCFG_TIM3IC1Source), (20 bytes).
    Removing py32f072_hal.o(i.HAL_SetTickFreq), (44 bytes).
    Removing py32f072_hal.o(i.HAL_SuspendTick), (20 bytes).
    Removing py32f072_hal_dma.o(.rev16_text), (4 bytes).
    Removing py32f072_hal_dma.o(.revsh_text), (4 bytes).
    Removing py32f072_hal_dma.o(i.DMA_SetConfig), (42 bytes).
    Removing py32f072_hal_dma.o(i.HAL_DMA_Abort), (84 bytes).
    Removing py32f072_hal_dma.o(i.HAL_DMA_Abort_IT), (180 bytes).
    Removing py32f072_hal_dma.o(i.HAL_DMA_ChannelMap), (128 bytes).
    Removing py32f072_hal_dma.o(i.HAL_DMA_DeInit), (108 bytes).
    Removing py32f072_hal_dma.o(i.HAL_DMA_GetError), (6 bytes).
    Removing py32f072_hal_dma.o(i.HAL_DMA_GetState), (8 bytes).
    Removing py32f072_hal_dma.o(i.HAL_DMA_IRQHandler), (420 bytes).
    Removing py32f072_hal_dma.o(i.HAL_DMA_Init), (112 bytes).
    Removing py32f072_hal_dma.o(i.HAL_DMA_PollForTransfer), (688 bytes).
    Removing py32f072_hal_dma.o(i.HAL_DMA_RegisterCallback), (92 bytes).
    Removing py32f072_hal_dma.o(i.HAL_DMA_Start), (110 bytes).
    Removing py32f072_hal_dma.o(i.HAL_DMA_Start_IT), (154 bytes).
    Removing py32f072_hal_dma.o(i.HAL_DMA_UnRegisterCallback), (108 bytes).
    Removing py32f072_hal_cortex.o(.rev16_text), (4 bytes).
    Removing py32f072_hal_cortex.o(.revsh_text), (4 bytes).
    Removing py32f072_hal_cortex.o(i.HAL_NVIC_ClearPendingIRQ), (28 bytes).
    Removing py32f072_hal_cortex.o(i.HAL_NVIC_DisableIRQ), (36 bytes).
    Removing py32f072_hal_cortex.o(i.HAL_NVIC_EnableIRQ), (36 bytes).
    Removing py32f072_hal_cortex.o(i.HAL_NVIC_GetPendingIRQ), (48 bytes).
    Removing py32f072_hal_cortex.o(i.HAL_NVIC_GetPriority), (72 bytes).
    Removing py32f072_hal_cortex.o(i.HAL_NVIC_SetPendingIRQ), (28 bytes).
    Removing py32f072_hal_cortex.o(i.HAL_NVIC_SystemReset), (32 bytes).
    Removing py32f072_hal_cortex.o(i.HAL_SYSTICK_CLKSourceConfig), (36 bytes).
    Removing py32f072_hal_cortex.o(i.HAL_SYSTICK_Callback), (2 bytes).
    Removing py32f072_hal_cortex.o(i.HAL_SYSTICK_IRQHandler), (8 bytes).
    Removing py32f072_hal_gpio.o(.rev16_text), (4 bytes).
    Removing py32f072_hal_gpio.o(.revsh_text), (4 bytes).
    Removing py32f072_hal_gpio.o(i.HAL_GPIO_DeInit), (256 bytes).
    Removing py32f072_hal_gpio.o(i.HAL_GPIO_EXTI_Callback), (2 bytes).
    Removing py32f072_hal_gpio.o(i.HAL_GPIO_EXTI_IRQHandler), (32 bytes).
    Removing py32f072_hal_gpio.o(i.HAL_GPIO_Init), (452 bytes).
    Removing py32f072_hal_gpio.o(i.HAL_GPIO_LockPin), (50 bytes).
    Removing py32f072_hal_gpio.o(i.HAL_GPIO_ReadPin), (18 bytes).
    Removing py32f072_hal_gpio.o(i.HAL_GPIO_TogglePin), (16 bytes).
    Removing py32f072_hal_gpio.o(i.HAL_GPIO_WritePin), (12 bytes).
    Removing py32f072_hal_rcc.o(.rev16_text), (4 bytes).
    Removing py32f072_hal_rcc.o(.revsh_text), (4 bytes).
    Removing py32f072_hal_rcc.o(i.HAL_RCC_CSSCallback), (2 bytes).
    Removing py32f072_hal_rcc.o(i.HAL_RCC_DeInit), (236 bytes).
    Removing py32f072_hal_rcc.o(i.HAL_RCC_DisableLSECSS), (20 bytes).
    Removing py32f072_hal_rcc.o(i.HAL_RCC_EnableCSS), (20 bytes).
    Removing py32f072_hal_rcc.o(i.HAL_RCC_EnableLSECSS), (20 bytes).
    Removing py32f072_hal_rcc.o(i.HAL_RCC_GetClockConfig), (60 bytes).
    Removing py32f072_hal_rcc.o(i.HAL_RCC_GetHCLKFreq), (12 bytes).
    Removing py32f072_hal_rcc.o(i.HAL_RCC_GetOscConfig), (232 bytes).
    Removing py32f072_hal_rcc.o(i.HAL_RCC_GetPCLK1Freq), (40 bytes).
    Removing py32f072_hal_rcc.o(i.HAL_RCC_LSECSSCallback), (2 bytes).
    Removing py32f072_hal_rcc.o(i.HAL_RCC_MCOConfig), (268 bytes).
    Removing py32f072_hal_rcc.o(i.HAL_RCC_NMI_IRQHandler), (48 bytes).
    Removing py32f072_hal_rcc_ex.o(.rev16_text), (4 bytes).
    Removing py32f072_hal_rcc_ex.o(.revsh_text), (4 bytes).
    Removing py32f072_hal_rcc_ex.o(i.HAL_RCCEx_DisableLSCO), (120 bytes).
    Removing py32f072_hal_rcc_ex.o(i.HAL_RCCEx_EnableLSCO), (132 bytes).
    Removing py32f072_hal_rcc_ex.o(i.HAL_RCCEx_GetPeriphCLKConfig), (168 bytes).
    Removing py32f072_hal_rcc_ex.o(i.HAL_RCCEx_GetPeriphCLKFreq), (960 bytes).
    Removing py32f072_hal_rcc_ex.o(i.HAL_RCCEx_PeriphCLKConfig), (520 bytes).
    Removing py32f072_hal_rcc_ex.o(.constdata), (20 bytes).
    Removing py32f072_hal_pwr.o(.rev16_text), (4 bytes).
    Removing py32f072_hal_pwr.o(.revsh_text), (4 bytes).
    Removing py32f072_hal_pwr.o(i.HAL_PWR_ConfigBIAS), (60 bytes).
    Removing py32f072_hal_pwr.o(i.HAL_PWR_ConfigPVD), (204 bytes).
    Removing py32f072_hal_pwr.o(i.HAL_PWR_ConfigStopMode), (40 bytes).
    Removing py32f072_hal_pwr.o(i.HAL_PWR_DeInit), (32 bytes).
    Removing py32f072_hal_pwr.o(i.HAL_PWR_DisableBkUpAccess), (20 bytes).
    Removing py32f072_hal_pwr.o(i.HAL_PWR_DisablePVD), (20 bytes).
    Removing py32f072_hal_pwr.o(i.HAL_PWR_DisableSEVOnPend), (20 bytes).
    Removing py32f072_hal_pwr.o(i.HAL_PWR_DisableSleepOnExit), (20 bytes).
    Removing py32f072_hal_pwr.o(i.HAL_PWR_EnableBkUpAccess), (20 bytes).
    Removing py32f072_hal_pwr.o(i.HAL_PWR_EnablePVD), (20 bytes).
    Removing py32f072_hal_pwr.o(i.HAL_PWR_EnableSEVOnPend), (20 bytes).
    Removing py32f072_hal_pwr.o(i.HAL_PWR_EnableSleepOnExit), (20 bytes).
    Removing py32f072_hal_pwr.o(i.HAL_PWR_EnterSLEEPMode), (32 bytes).
    Removing py32f072_hal_pwr.o(i.HAL_PWR_EnterSTOPMode), (84 bytes).
    Removing py32f072_hal_pwr.o(i.HAL_PWR_PVD_Callback), (2 bytes).
    Removing py32f072_hal_pwr.o(i.HAL_PWR_PVD_IRQHandler), (32 bytes).
    Removing py32f072_hal_uart.o(.rev16_text), (4 bytes).
    Removing py32f072_hal_uart.o(.revsh_text), (4 bytes).
    Removing py32f072_hal_uart.o(i.HAL_HalfDuplex_EnableReceiver), (72 bytes).
    Removing py32f072_hal_uart.o(i.HAL_HalfDuplex_EnableTransmitter), (72 bytes).
    Removing py32f072_hal_uart.o(i.HAL_HalfDuplex_Init), (128 bytes).
    Removing py32f072_hal_uart.o(i.HAL_LIN_Init), (162 bytes).
    Removing py32f072_hal_uart.o(i.HAL_LIN_SendBreak), (62 bytes).
    Removing py32f072_hal_uart.o(i.HAL_MultiProcessor_EnterMuteMode), (62 bytes).
    Removing py32f072_hal_uart.o(i.HAL_MultiProcessor_ExitMuteMode), (62 bytes).
    Removing py32f072_hal_uart.o(i.HAL_MultiProcessor_Init), (166 bytes).
    Removing py32f072_hal_uart.o(i.HAL_UART_Abort), (176 bytes).
    Removing py32f072_hal_uart.o(i.HAL_UART_AbortCpltCallback), (2 bytes).
    Removing py32f072_hal_uart.o(i.HAL_UART_AbortReceive), (106 bytes).
    Removing py32f072_hal_uart.o(i.HAL_UART_AbortReceiveCpltCallback), (2 bytes).
    Removing py32f072_hal_uart.o(i.HAL_UART_AbortReceive_IT), (124 bytes).
    Removing py32f072_hal_uart.o(i.HAL_UART_AbortTransmit), (92 bytes).
    Removing py32f072_hal_uart.o(i.HAL_UART_AbortTransmitCpltCallback), (2 bytes).
    Removing py32f072_hal_uart.o(i.HAL_UART_AbortTransmit_IT), (112 bytes).
    Removing py32f072_hal_uart.o(i.HAL_UART_Abort_IT), (232 bytes).
    Removing py32f072_hal_uart.o(i.HAL_UART_DMAPause), (130 bytes).
    Removing py32f072_hal_uart.o(i.HAL_UART_DMAResume), (128 bytes).
    Removing py32f072_hal_uart.o(i.HAL_UART_DMAStop), (110 bytes).
    Removing py32f072_hal_uart.o(i.HAL_UART_DeInit), (64 bytes).
    Removing py32f072_hal_uart.o(i.HAL_UART_ErrorCallback), (2 bytes).
    Removing py32f072_hal_uart.o(i.HAL_UART_GetError), (6 bytes).
    Removing py32f072_hal_uart.o(i.HAL_UART_GetState), (20 bytes).
    Removing py32f072_hal_uart.o(i.HAL_UART_IRQHandler), (424 bytes).
    Removing py32f072_hal_uart.o(i.HAL_UART_IdleFrameDetectCpltCallback), (2 bytes).
    Removing py32f072_hal_uart.o(i.HAL_UART_Init), (138 bytes).
    Removing py32f072_hal_uart.o(i.HAL_UART_MspDeInit), (2 bytes).
    Removing py32f072_hal_uart.o(i.HAL_UART_MspInit), (2 bytes).
    Removing py32f072_hal_uart.o(i.HAL_UART_Receive), (228 bytes).
    Removing py32f072_hal_uart.o(i.HAL_UART_Receive_DMA), (220 bytes).
    Removing py32f072_hal_uart.o(i.HAL_UART_Receive_IT), (118 bytes).
    Removing py32f072_hal_uart.o(i.HAL_UART_RxCpltCallback), (2 bytes).
    Removing py32f072_hal_uart.o(i.HAL_UART_RxHalfCpltCallback), (2 bytes).
    Removing py32f072_hal_uart.o(i.HAL_UART_Transmit), (254 bytes).
    Removing py32f072_hal_uart.o(i.HAL_UART_Transmit_DMA), (160 bytes).
    Removing py32f072_hal_uart.o(i.HAL_UART_Transmit_IT), (92 bytes).
    Removing py32f072_hal_uart.o(i.HAL_UART_TxCpltCallback), (2 bytes).
    Removing py32f072_hal_uart.o(i.HAL_UART_TxHalfCpltCallback), (2 bytes).
    Removing py32f072_hal_uart.o(i.UART_AdvFeatureConfig), (56 bytes).
    Removing py32f072_hal_uart.o(i.UART_DMAAbortOnError), (20 bytes).
    Removing py32f072_hal_uart.o(i.UART_DMAError), (88 bytes).
    Removing py32f072_hal_uart.o(i.UART_DMAReceiveCplt), (70 bytes).
    Removing py32f072_hal_uart.o(i.UART_DMARxAbortCallback), (56 bytes).
    Removing py32f072_hal_uart.o(i.UART_DMARxHalfCplt), (14 bytes).
    Removing py32f072_hal_uart.o(i.UART_DMARxOnlyAbortCallback), (24 bytes).
    Removing py32f072_hal_uart.o(i.UART_DMATransmitCplt), (54 bytes).
    Removing py32f072_hal_uart.o(i.UART_DMATxAbortCallback), (56 bytes).
    Removing py32f072_hal_uart.o(i.UART_DMATxHalfCplt), (14 bytes).
    Removing py32f072_hal_uart.o(i.UART_DMATxOnlyAbortCallback), (24 bytes).
    Removing py32f072_hal_uart.o(i.UART_EndRxTransfer), (34 bytes).
    Removing py32f072_hal_uart.o(i.UART_EndTransmit_IT), (32 bytes).
    Removing py32f072_hal_uart.o(i.UART_EndTxTransfer), (20 bytes).
    Removing py32f072_hal_uart.o(i.UART_Receive_IT), (136 bytes).
    Removing py32f072_hal_uart.o(i.UART_SetConfig), (420 bytes).
    Removing py32f072_hal_uart.o(i.UART_Transmit_IT), (106 bytes).
    Removing py32f072_hal_uart.o(i.UART_WaitOnFlagUntilTimeout), (112 bytes).
    Removing py32f072_hal_flash.o(.rev16_text), (4 bytes).
    Removing py32f072_hal_flash.o(.revsh_text), (4 bytes).
    Removing py32f072_hal_flash.o(i.FLASH_OB_BOR_LevelConfig), (28 bytes).
    Removing py32f072_hal_flash.o(i.FLASH_OB_GetRDP), (24 bytes).
    Removing py32f072_hal_flash.o(i.FLASH_OB_GetUser), (24 bytes).
    Removing py32f072_hal_flash.o(i.FLASH_OB_OptrConfig), (32 bytes).
    Removing py32f072_hal_flash.o(i.HAL_FLASH_EndOfOperationCallback), (2 bytes).
    Removing py32f072_hal_flash.o(i.HAL_FLASH_Erase_IT), (476 bytes).
    Removing py32f072_hal_flash.o(i.HAL_FLASH_GetError), (12 bytes).
    Removing py32f072_hal_flash.o(i.HAL_FLASH_IRQHandler), (300 bytes).
    Removing py32f072_hal_flash.o(i.HAL_FLASH_OBGetConfig), (96 bytes).
    Removing py32f072_hal_flash.o(i.HAL_FLASH_OBProgram), (556 bytes).
    Removing py32f072_hal_flash.o(i.HAL_FLASH_OB_Launch), (24 bytes).
    Removing py32f072_hal_flash.o(i.HAL_FLASH_OB_Lock), (36 bytes).
    Removing py32f072_hal_flash.o(i.HAL_FLASH_OB_RDP_LevelConfig), (124 bytes).
    Removing py32f072_hal_flash.o(i.HAL_FLASH_OB_Unlock), (52 bytes).
    Removing py32f072_hal_flash.o(i.HAL_FLASH_OperationErrorCallback), (2 bytes).
    Removing py32f072_hal_flash.o(i.HAL_FLASH_PageProgram), (18 bytes).
    Removing py32f072_hal_flash.o(i.HAL_FLASH_PageProgram_IT), (18 bytes).
    Removing py32f072_hal_flash.o(i.HAL_FLASH_Program_IT), (420 bytes).
    Removing usbd_core.o(.rev16_text), (4 bytes).
    Removing usbd_core.o(.revsh_text), (4 bytes).
    Removing usbd_core.o(i.usb_device_is_configured), (12 bytes).
    Removing usbd_core.o(i.usbd_bos_desc_register), (12 bytes).
    Removing usbd_core.o(i.usbd_deinitialize), (36 bytes).
    Removing usbd_core.o(i.usbd_event_connect_handler), (12 bytes).
    Removing usbd_core.o(i.usbd_event_disconnect_handler), (12 bytes).
    Removing usbd_core.o(i.usbd_msosv1_desc_register), (12 bytes).
    Removing usbd_core.o(i.usbd_msosv2_desc_register), (12 bytes).
    Removing usb_dc_py32.o(.rev16_text), (4 bytes).
    Removing usb_dc_py32.o(.revsh_text), (4 bytes).
    Removing usb_dc_py32.o(i.usb_dc_deinit), (4 bytes).
    Removing usb_dc_py32.o(i.usb_dc_low_level_deinit), (2 bytes).
    Removing usbd_msc.o(.rev16_text), (4 bytes).
    Removing usbd_msc.o(.revsh_text), (4 bytes).
    Removing usbd_msc.o(i.usbd_msc_set_readonly), (12 bytes).

230 unused section(s) (total 16827 bytes) removed from the image.

==============================================================================

Image Symbol Table

    Local Symbols

    Symbol Name                              Value     Ov Type        Size  Object(Section)

    ../clib/../cmprslib/zerorunl.c           0x00000000   Number         0  __dczerorl.o ABSOLUTE
    ../clib/microlib/division.c              0x00000000   Number         0  uidiv.o ABSOLUTE
    ../clib/microlib/init/entry.s            0x00000000   Number         0  entry8b.o ABSOLUTE
    ../clib/microlib/init/entry.s            0x00000000   Number         0  entry8a.o ABSOLUTE
    ../clib/microlib/init/entry.s            0x00000000   Number         0  entry7b.o ABSOLUTE
    ../clib/microlib/init/entry.s            0x00000000   Number         0  entry7a.o ABSOLUTE
    ../clib/microlib/init/entry.s            0x00000000   Number         0  entry2.o ABSOLUTE
    ../clib/microlib/init/entry.s            0x00000000   Number         0  entry5.o ABSOLUTE
    ../clib/microlib/init/entry.s            0x00000000   Number         0  entry.o ABSOLUTE
    ../clib/microlib/init/entry.s            0x00000000   Number         0  entry11b.o ABSOLUTE
    ../clib/microlib/init/entry.s            0x00000000   Number         0  entry11a.o ABSOLUTE
    ../clib/microlib/init/entry.s            0x00000000   Number         0  entry10b.o ABSOLUTE
    ../clib/microlib/init/entry.s            0x00000000   Number         0  entry10a.o ABSOLUTE
    ../clib/microlib/init/entry.s            0x00000000   Number         0  entry9b.o ABSOLUTE
    ../clib/microlib/init/entry.s            0x00000000   Number         0  entry9a.o ABSOLUTE
    ../clib/microlib/string/memcpy.c         0x00000000   Number         0  memcpyb.o ABSOLUTE
    ../clib/microlib/string/memcpy.c         0x00000000   Number         0  memcpya.o ABSOLUTE
    ../clib/microlib/string/memset.c         0x00000000   Number         0  memseta.o ABSOLUTE
    ..\..\..\..\..\..\Drivers\BSP\py32f072xx_Start_Kit\py32f072xx_Start_Kit.c 0x00000000   Number         0  py32f072xx_start_kit.o ABSOLUTE
    ..\..\..\..\..\..\Drivers\PY32F072_HAL_Driver\Src\py32f072_hal.c 0x00000000   Number         0  py32f072_hal.o ABSOLUTE
    ..\..\..\..\..\..\Drivers\PY32F072_HAL_Driver\Src\py32f072_hal_cortex.c 0x00000000   Number         0  py32f072_hal_cortex.o ABSOLUTE
    ..\..\..\..\..\..\Drivers\PY32F072_HAL_Driver\Src\py32f072_hal_dma.c 0x00000000   Number         0  py32f072_hal_dma.o ABSOLUTE
    ..\..\..\..\..\..\Drivers\PY32F072_HAL_Driver\Src\py32f072_hal_flash.c 0x00000000   Number         0  py32f072_hal_flash.o ABSOLUTE
    ..\..\..\..\..\..\Drivers\PY32F072_HAL_Driver\Src\py32f072_hal_gpio.c 0x00000000   Number         0  py32f072_hal_gpio.o ABSOLUTE
    ..\..\..\..\..\..\Drivers\PY32F072_HAL_Driver\Src\py32f072_hal_pwr.c 0x00000000   Number         0  py32f072_hal_pwr.o ABSOLUTE
    ..\..\..\..\..\..\Drivers\PY32F072_HAL_Driver\Src\py32f072_hal_rcc.c 0x00000000   Number         0  py32f072_hal_rcc.o ABSOLUTE
    ..\..\..\..\..\..\Drivers\PY32F072_HAL_Driver\Src\py32f072_hal_rcc_ex.c 0x00000000   Number         0  py32f072_hal_rcc_ex.o ABSOLUTE
    ..\..\..\..\..\..\Drivers\PY32F072_HAL_Driver\Src\py32f072_hal_uart.c 0x00000000   Number         0  py32f072_hal_uart.o ABSOLUTE
    ..\..\..\..\..\..\Middlewares\Third_Party\CherryUSB\class\msc\usbd_msc.c 0x00000000   Number         0  usbd_msc.o ABSOLUTE
    ..\..\..\..\..\..\Middlewares\Third_Party\CherryUSB\core\usbd_core.c 0x00000000   Number         0  usbd_core.o ABSOLUTE
    ..\..\..\..\..\..\Middlewares\Third_Party\CherryUSB\port\usb_dc_py32.c 0x00000000   Number         0  usb_dc_py32.o ABSOLUTE
    ..\Src\main.c                            0x00000000   Number         0  main.o ABSOLUTE
    ..\Src\py32f072_hal_msp.c                0x00000000   Number         0  py32f072_hal_msp.o ABSOLUTE
    ..\Src\py32f072_it.c                     0x00000000   Number         0  py32f072_it.o ABSOLUTE
    ..\Src\system_py32f072.c                 0x00000000   Number         0  system_py32f072.o ABSOLUTE
    ..\Src\usbd_msc_flash.c                  0x00000000   Number         0  usbd_msc_flash.o ABSOLUTE
    ..\\..\\..\\..\\..\\..\\Drivers\\BSP\\py32f072xx_Start_Kit\\py32f072xx_Start_Kit.c 0x00000000   Number         0  py32f072xx_start_kit.o ABSOLUTE
    ..\\..\\..\\..\\..\\..\\Drivers\\PY32F072_HAL_Driver\\Src\\py32f072_hal.c 0x00000000   Number         0  py32f072_hal.o ABSOLUTE
    ..\\..\\..\\..\\..\\..\\Drivers\\PY32F072_HAL_Driver\\Src\\py32f072_hal_cortex.c 0x00000000   Number         0  py32f072_hal_cortex.o ABSOLUTE
    ..\\..\\..\\..\\..\\..\\Drivers\\PY32F072_HAL_Driver\\Src\\py32f072_hal_dma.c 0x00000000   Number         0  py32f072_hal_dma.o ABSOLUTE
    ..\\..\\..\\..\\..\\..\\Drivers\\PY32F072_HAL_Driver\\Src\\py32f072_hal_flash.c 0x00000000   Number         0  py32f072_hal_flash.o ABSOLUTE
    ..\\..\\..\\..\\..\\..\\Drivers\\PY32F072_HAL_Driver\\Src\\py32f072_hal_gpio.c 0x00000000   Number         0  py32f072_hal_gpio.o ABSOLUTE
    ..\\..\\..\\..\\..\\..\\Drivers\\PY32F072_HAL_Driver\\Src\\py32f072_hal_pwr.c 0x00000000   Number         0  py32f072_hal_pwr.o ABSOLUTE
    ..\\..\\..\\..\\..\\..\\Drivers\\PY32F072_HAL_Driver\\Src\\py32f072_hal_rcc.c 0x00000000   Number         0  py32f072_hal_rcc.o ABSOLUTE
    ..\\..\\..\\..\\..\\..\\Drivers\\PY32F072_HAL_Driver\\Src\\py32f072_hal_rcc_ex.c 0x00000000   Number         0  py32f072_hal_rcc_ex.o ABSOLUTE
    ..\\..\\..\\..\\..\\..\\Drivers\\PY32F072_HAL_Driver\\Src\\py32f072_hal_uart.c 0x00000000   Number         0  py32f072_hal_uart.o ABSOLUTE
    ..\\..\\..\\..\\..\\..\\Middlewares\\Third_Party\\CherryUSB\\class\\msc\\usbd_msc.c 0x00000000   Number         0  usbd_msc.o ABSOLUTE
    ..\\..\\..\\..\\..\\..\\Middlewares\\Third_Party\\CherryUSB\\core\\usbd_core.c 0x00000000   Number         0  usbd_core.o ABSOLUTE
    ..\\..\\..\\..\\..\\..\\Middlewares\\Third_Party\\CherryUSB\\port\\usb_dc_py32.c 0x00000000   Number         0  usb_dc_py32.o ABSOLUTE
    ..\\Src\\main.c                          0x00000000   Number         0  main.o ABSOLUTE
    ..\\Src\\py32f072_hal_msp.c              0x00000000   Number         0  py32f072_hal_msp.o ABSOLUTE
    ..\\Src\\py32f072_it.c                   0x00000000   Number         0  py32f072_it.o ABSOLUTE
    ..\\Src\\system_py32f072.c               0x00000000   Number         0  system_py32f072.o ABSOLUTE
    ..\\Src\\usbd_msc_flash.c                0x00000000   Number         0  usbd_msc_flash.o ABSOLUTE
    dc.s                                     0x00000000   Number         0  dc.o ABSOLUTE
    handlers.s                               0x00000000   Number         0  handlers.o ABSOLUTE
    init.s                                   0x00000000   Number         0  init.o ABSOLUTE
    startup_py32f072xx.s                     0x00000000   Number         0  startup_py32f072xx.o ABSOLUTE
    RESET                                    0x08000000   Section      192  startup_py32f072xx.o(RESET)
    .ARM.Collect$$$$00000000                 0x080000c0   Section        0  entry.o(.ARM.Collect$$$$00000000)
    .ARM.Collect$$$$00000001                 0x080000c0   Section        4  entry2.o(.ARM.Collect$$$$00000001)
    .ARM.Collect$$$$00000004                 0x080000c4   Section        4  entry5.o(.ARM.Collect$$$$00000004)
    .ARM.Collect$$$$00000008                 0x080000c8   Section        0  entry7b.o(.ARM.Collect$$$$00000008)
    .ARM.Collect$$$$0000000A                 0x080000c8   Section        0  entry8b.o(.ARM.Collect$$$$0000000A)
    .ARM.Collect$$$$0000000B                 0x080000c8   Section        8  entry9a.o(.ARM.Collect$$$$0000000B)
    .ARM.Collect$$$$0000000D                 0x080000d0   Section        0  entry10a.o(.ARM.Collect$$$$0000000D)
    .ARM.Collect$$$$0000000F                 0x080000d0   Section        0  entry11a.o(.ARM.Collect$$$$0000000F)
    .ARM.Collect$$$$00002712                 0x080000d0   Section        4  entry2.o(.ARM.Collect$$$$00002712)
    __lit__00000000                          0x080000d0   Data           4  entry2.o(.ARM.Collect$$$$00002712)
    .text                                    0x080000d4   Section       28  startup_py32f072xx.o(.text)
    .text                                    0x080000f0   Section        0  uidiv.o(.text)
    .text                                    0x0800011c   Section        0  memcpya.o(.text)
    .text                                    0x08000140   Section        0  memseta.o(.text)
    .text                                    0x08000164   Section       36  init.o(.text)
    .text                                    0x08000188   Section        0  __dczerorl.o(.text)
    i.APP_ErrorHandler                       0x080001c2   Section        0  main.o(i.APP_ErrorHandler)
    i.APP_SystemClockConfig                  0x080001c8   Section        0  main.o(i.APP_SystemClockConfig)
    APP_SystemClockConfig                    0x080001c9   Thumb Code   120  main.o(i.APP_SystemClockConfig)
    i.APP_USBInit                            0x08000244   Section        0  main.o(i.APP_USBInit)
    APP_USBInit                              0x08000245   Thumb Code   100  main.o(i.APP_USBInit)
    i.FLASH_MassErase                        0x080002b0   Section        0  py32f072_hal_flash.o(i.FLASH_MassErase)
    FLASH_MassErase                          0x080002b1   Thumb Code    26  py32f072_hal_flash.o(i.FLASH_MassErase)
    i.FLASH_PageErase                        0x080002d8   Section        0  py32f072_hal_flash.o(i.FLASH_PageErase)
    FLASH_PageErase                          0x080002d9   Thumb Code    24  py32f072_hal_flash.o(i.FLASH_PageErase)
    i.FLASH_Program_Page                     0x080002f8   Section        0  py32f072_hal_flash.o(i.FLASH_Program_Page)
    FLASH_Program_Page                       0x080002f9   Thumb Code    80  py32f072_hal_flash.o(i.FLASH_Program_Page)
    i.FLASH_SectorErase                      0x0800034c   Section        0  py32f072_hal_flash.o(i.FLASH_SectorErase)
    FLASH_SectorErase                        0x0800034d   Thumb Code    20  py32f072_hal_flash.o(i.FLASH_SectorErase)
    i.FLASH_WaitForLastOperation             0x08000364   Section        0  py32f072_hal_flash.o(i.FLASH_WaitForLastOperation)
    i.HAL_FLASH_Erase                        0x080003a0   Section        0  py32f072_hal_flash.o(i.HAL_FLASH_Erase)
    i.HAL_FLASH_Lock                         0x080005ec   Section        0  py32f072_hal_flash.o(i.HAL_FLASH_Lock)
    i.HAL_FLASH_Program                      0x08000610   Section        0  py32f072_hal_flash.o(i.HAL_FLASH_Program)
    i.HAL_FLASH_Unlock                       0x080007c4   Section        0  py32f072_hal_flash.o(i.HAL_FLASH_Unlock)
    i.HAL_GetTick                            0x080007f8   Section        0  py32f072_hal.o(i.HAL_GetTick)
    i.HAL_IncTick                            0x08000804   Section        0  py32f072_hal.o(i.HAL_IncTick)
    i.HAL_Init                               0x0800081c   Section        0  py32f072_hal.o(i.HAL_Init)
    i.HAL_InitTick                           0x08000838   Section        0  py32f072_hal.o(i.HAL_InitTick)
    i.HAL_MspInit                            0x08000898   Section        0  py32f072_hal_msp.o(i.HAL_MspInit)
    i.HAL_NVIC_SetPriority                   0x080008dc   Section        0  py32f072_hal_cortex.o(i.HAL_NVIC_SetPriority)
    i.HAL_RCC_ClockConfig                    0x080008f0   Section        0  py32f072_hal_rcc.o(i.HAL_RCC_ClockConfig)
    i.HAL_RCC_GetSysClockFreq                0x08000ac4   Section        0  py32f072_hal_rcc.o(i.HAL_RCC_GetSysClockFreq)
    i.HAL_RCC_OscConfig                      0x08000bc0   Section        0  py32f072_hal_rcc.o(i.HAL_RCC_OscConfig)
    i.HAL_SYSTICK_Config                     0x080011ec   Section        0  py32f072_hal_cortex.o(i.HAL_SYSTICK_Config)
    i.HardFault_Handler                      0x08001224   Section        0  py32f072_it.o(i.HardFault_Handler)
    i.NMI_Handler                            0x08001228   Section        0  py32f072_it.o(i.NMI_Handler)
    i.PendSV_Handler                         0x0800122a   Section        0  py32f072_it.o(i.PendSV_Handler)
    i.RCC_GetHSIFreq                         0x0800122c   Section        0  py32f072_hal_rcc.o(i.RCC_GetHSIFreq)
    RCC_GetHSIFreq                           0x0800122d   Thumb Code    20  py32f072_hal_rcc.o(i.RCC_GetHSIFreq)
    i.SCSI_CBWDecode                         0x08001248   Section        0  usbd_msc.o(i.SCSI_CBWDecode)
    SCSI_CBWDecode                           0x08001249   Thumb Code   388  usbd_msc.o(i.SCSI_CBWDecode)
    i.SCSI_SetSenseData                      0x080013d4   Section        0  usbd_msc.o(i.SCSI_SetSenseData)
    SCSI_SetSenseData                        0x080013d5   Thumb Code    20  usbd_msc.o(i.SCSI_SetSenseData)
    i.SCSI_inquiry                           0x080013ec   Section        0  usbd_msc.o(i.SCSI_inquiry)
    SCSI_inquiry                             0x080013ed   Thumb Code   162  usbd_msc.o(i.SCSI_inquiry)
    i.SCSI_modeSense10                       0x080014d4   Section        0  usbd_msc.o(i.SCSI_modeSense10)
    SCSI_modeSense10                         0x080014d5   Thumb Code    70  usbd_msc.o(i.SCSI_modeSense10)
    i.SCSI_modeSense6                        0x0800153c   Section        0  usbd_msc.o(i.SCSI_modeSense6)
    SCSI_modeSense6                          0x0800153d   Thumb Code    78  usbd_msc.o(i.SCSI_modeSense6)
    i.SCSI_preventAllowMediaRemoval          0x08001594   Section        0  usbd_msc.o(i.SCSI_preventAllowMediaRemoval)
    SCSI_preventAllowMediaRemoval            0x08001595   Thumb Code    36  usbd_msc.o(i.SCSI_preventAllowMediaRemoval)
    i.SCSI_processRead                       0x080015bc   Section        0  usbd_msc.o(i.SCSI_processRead)
    SCSI_processRead                         0x080015bd   Thumb Code   152  usbd_msc.o(i.SCSI_processRead)
    i.SCSI_processWrite                      0x08001660   Section        0  usbd_msc.o(i.SCSI_processWrite)
    SCSI_processWrite                        0x08001661   Thumb Code   156  usbd_msc.o(i.SCSI_processWrite)
    i.SCSI_read10                            0x08001708   Section        0  usbd_msc.o(i.SCSI_read10)
    SCSI_read10                              0x08001709   Thumb Code   156  usbd_msc.o(i.SCSI_read10)
    i.SCSI_read12                            0x080017ac   Section        0  usbd_msc.o(i.SCSI_read12)
    SCSI_read12                              0x080017ad   Thumb Code   172  usbd_msc.o(i.SCSI_read12)
    i.SCSI_readCapacity10                    0x08001860   Section        0  usbd_msc.o(i.SCSI_readCapacity10)
    SCSI_readCapacity10                      0x08001861   Thumb Code   142  usbd_msc.o(i.SCSI_readCapacity10)
    i.SCSI_readFormatCapacity                0x080018f4   Section        0  usbd_msc.o(i.SCSI_readFormatCapacity)
    SCSI_readFormatCapacity                  0x080018f5   Thumb Code   118  usbd_msc.o(i.SCSI_readFormatCapacity)
    i.SCSI_requestSense                      0x0800197c   Section        0  usbd_msc.o(i.SCSI_requestSense)
    SCSI_requestSense                        0x0800197d   Thumb Code   100  usbd_msc.o(i.SCSI_requestSense)
    i.SCSI_startStopUnit                     0x080019f8   Section        0  usbd_msc.o(i.SCSI_startStopUnit)
    SCSI_startStopUnit                       0x080019f9   Thumb Code    62  usbd_msc.o(i.SCSI_startStopUnit)
    i.SCSI_testUnitReady                     0x08001a3c   Section        0  usbd_msc.o(i.SCSI_testUnitReady)
    SCSI_testUnitReady                       0x08001a3d   Thumb Code    36  usbd_msc.o(i.SCSI_testUnitReady)
    i.SCSI_write10                           0x08001a64   Section        0  usbd_msc.o(i.SCSI_write10)
    SCSI_write10                             0x08001a65   Thumb Code   178  usbd_msc.o(i.SCSI_write10)
    i.SCSI_write12                           0x08001b20   Section        0  usbd_msc.o(i.SCSI_write12)
    SCSI_write12                             0x08001b21   Thumb Code   194  usbd_msc.o(i.SCSI_write12)
    i.SVC_Handler                            0x08001bec   Section        0  py32f072_it.o(i.SVC_Handler)
    i.SysTick_Handler                        0x08001bee   Section        0  py32f072_it.o(i.SysTick_Handler)
    i.SystemInit                             0x08001bf8   Section        0  system_py32f072.o(i.SystemInit)
    i.USBD_IRQHandler                        0x08001c34   Section        0  usb_dc_py32.o(i.USBD_IRQHandler)
    i.USB_IRQHandler                         0x08001ee8   Section        0  py32f072_it.o(i.USB_IRQHandler)
    i.__ARM_common_switch8                   0x08001ef0   Section        0  py32f072_hal_dma.o(i.__ARM_common_switch8)
    i.__NVIC_SetPriority                     0x08001f0c   Section        0  py32f072_hal_cortex.o(i.__NVIC_SetPriority)
    __NVIC_SetPriority                       0x08001f0d   Thumb Code   110  py32f072_hal_cortex.o(i.__NVIC_SetPriority)
    i.__scatterload_copy                     0x08001f84   Section       14  handlers.o(i.__scatterload_copy)
    i.__scatterload_null                     0x08001f92   Section        2  handlers.o(i.__scatterload_null)
    i.__scatterload_zeroinit                 0x08001f94   Section       14  handlers.o(i.__scatterload_zeroinit)
    i.handle_ep0                             0x08001fa4   Section        0  usb_dc_py32.o(i.handle_ep0)
    handle_ep0                               0x08001fa5   Thumb Code   322  usb_dc_py32.o(i.handle_ep0)
    i.is_device_configured                   0x080020f4   Section        0  usbd_core.o(i.is_device_configured)
    is_device_configured                     0x080020f5   Thumb Code    16  usbd_core.o(i.is_device_configured)
    i.main                                   0x08002108   Section        0  main.o(i.main)
    i.mass_storage_bulk_in                   0x08002118   Section        0  usbd_msc.o(i.mass_storage_bulk_in)
    i.mass_storage_bulk_out                  0x08002188   Section        0  usbd_msc.o(i.mass_storage_bulk_out)
    i.msc_ram_init                           0x080021e8   Section        0  usbd_msc_flash.o(i.msc_ram_init)
    i.msc_storage_class_interface_request_handler 0x08002210   Section        0  usbd_msc.o(i.msc_storage_class_interface_request_handler)
    msc_storage_class_interface_request_handler 0x08002211   Thumb Code    46  usbd_msc.o(i.msc_storage_class_interface_request_handler)
    i.msc_storage_notify_handler             0x08002244   Section        0  usbd_msc.o(i.msc_storage_notify_handler)
    i.pyusb_get_active_ep                    0x08002278   Section        0  usb_dc_py32.o(i.pyusb_get_active_ep)
    pyusb_get_active_ep                      0x08002279   Thumb Code     6  usb_dc_py32.o(i.pyusb_get_active_ep)
    i.pyusb_get_fifo_size                    0x08002284   Section        0  usb_dc_py32.o(i.pyusb_get_fifo_size)
    pyusb_get_fifo_size                      0x08002285   Thumb Code    34  usb_dc_py32.o(i.pyusb_get_fifo_size)
    i.pyusb_read_packet                      0x080022a8   Section        0  usb_dc_py32.o(i.pyusb_read_packet)
    pyusb_read_packet                        0x080022a9   Thumb Code    36  usb_dc_py32.o(i.pyusb_read_packet)
    i.pyusb_set_active_ep                    0x080022d0   Section        0  usb_dc_py32.o(i.pyusb_set_active_ep)
    pyusb_set_active_ep                      0x080022d1   Thumb Code     6  usb_dc_py32.o(i.pyusb_set_active_ep)
    i.pyusb_write_packet                     0x080022dc   Section        0  usb_dc_py32.o(i.pyusb_write_packet)
    pyusb_write_packet                       0x080022dd   Thumb Code    36  usb_dc_py32.o(i.pyusb_write_packet)
    i.usb_dc_init                            0x08002304   Section        0  usb_dc_py32.o(i.usb_dc_init)
    i.usb_dc_low_level_init                  0x08002328   Section        0  usb_dc_py32.o(i.usb_dc_low_level_init)
    i.usbd_add_endpoint                      0x0800232c   Section        0  usbd_core.o(i.usbd_add_endpoint)
    i.usbd_add_interface                     0x08002358   Section        0  usbd_core.o(i.usbd_add_interface)
    i.usbd_class_event_notify_handler        0x0800238c   Section        0  usbd_core.o(i.usbd_class_event_notify_handler)
    usbd_class_event_notify_handler          0x0800238d   Thumb Code    36  usbd_core.o(i.usbd_class_event_notify_handler)
    i.usbd_class_request_handler             0x080023b4   Section        0  usbd_core.o(i.usbd_class_request_handler)
    usbd_class_request_handler               0x080023b5   Thumb Code   130  usbd_core.o(i.usbd_class_request_handler)
    i.usbd_configure_done_callback           0x0800243c   Section        0  usbd_msc_flash.o(i.usbd_configure_done_callback)
    i.usbd_desc_register                     0x08002440   Section        0  usbd_core.o(i.usbd_desc_register)
    i.usbd_ep0_reset_zlp_flag                0x08002454   Section        0  usb_dc_py32.o(i.usbd_ep0_reset_zlp_flag)
    i.usbd_ep0_set_zlp_flag                  0x08002460   Section        0  usb_dc_py32.o(i.usbd_ep0_set_zlp_flag)
    i.usbd_ep_clear_stall                    0x0800246c   Section        0  usb_dc_py32.o(i.usbd_ep_clear_stall)
    i.usbd_ep_close                          0x080024f0   Section        0  usb_dc_py32.o(i.usbd_ep_close)
    i.usbd_ep_is_stalled                     0x080024f8   Section        0  usb_dc_py32.o(i.usbd_ep_is_stalled)
    i.usbd_ep_open                           0x08002554   Section        0  usb_dc_py32.o(i.usbd_ep_open)
    i.usbd_ep_set_stall                      0x080026f4   Section        0  usb_dc_py32.o(i.usbd_ep_set_stall)
    i.usbd_ep_start_read                     0x08002770   Section        0  usb_dc_py32.o(i.usbd_ep_start_read)
    i.usbd_ep_start_write                    0x0800282c   Section        0  usb_dc_py32.o(i.usbd_ep_start_write)
    i.usbd_event_ep0_setup_complete_handler  0x080029bc   Section        0  usbd_core.o(i.usbd_event_ep0_setup_complete_handler)
    i.usbd_event_ep_in_complete_handler      0x08002aec   Section        0  usbd_core.o(i.usbd_event_ep_in_complete_handler)
    i.usbd_event_ep_out_complete_handler     0x08002b80   Section        0  usbd_core.o(i.usbd_event_ep_out_complete_handler)
    i.usbd_event_reset_handler               0x08002c08   Section        0  usbd_core.o(i.usbd_event_reset_handler)
    i.usbd_event_resume_handler              0x08002c44   Section        0  usbd_core.o(i.usbd_event_resume_handler)
    i.usbd_event_suspend_handler             0x08002c50   Section        0  usbd_core.o(i.usbd_event_suspend_handler)
    i.usbd_get_descriptor                    0x08002c5c   Section        0  usbd_core.o(i.usbd_get_descriptor)
    usbd_get_descriptor                      0x08002c5d   Thumb Code   204  usbd_core.o(i.usbd_get_descriptor)
    i.usbd_initialize                        0x08002d34   Section        0  usbd_core.o(i.usbd_initialize)
    i.usbd_msc_bot_abort                     0x08002d3c   Section        0  usbd_msc.o(i.usbd_msc_bot_abort)
    usbd_msc_bot_abort                       0x08002d3d   Thumb Code    50  usbd_msc.o(i.usbd_msc_bot_abort)
    i.usbd_msc_get_cap                       0x08002d78   Section        0  usbd_msc_flash.o(i.usbd_msc_get_cap)
    i.usbd_msc_init_intf                     0x08002d84   Section        0  usbd_msc.o(i.usbd_msc_init_intf)
    i.usbd_msc_reset                         0x08002e00   Section        0  usbd_msc.o(i.usbd_msc_reset)
    usbd_msc_reset                           0x08002e01   Thumb Code    16  usbd_msc.o(i.usbd_msc_reset)
    i.usbd_msc_sector_read                   0x08002e14   Section        0  usbd_msc_flash.o(i.usbd_msc_sector_read)
    i.usbd_msc_sector_write                  0x08002e40   Section        0  usbd_msc_flash.o(i.usbd_msc_sector_write)
    i.usbd_msc_send_csw                      0x08002e9c   Section        0  usbd_msc.o(i.usbd_msc_send_csw)
    usbd_msc_send_csw                        0x08002e9d   Thumb Code    36  usbd_msc.o(i.usbd_msc_send_csw)
    i.usbd_msc_send_info                     0x08002ecc   Section        0  usbd_msc.o(i.usbd_msc_send_info)
    usbd_msc_send_info                       0x08002ecd   Thumb Code    60  usbd_msc.o(i.usbd_msc_send_info)
    i.usbd_print_setup                       0x08002f10   Section        0  usbd_core.o(i.usbd_print_setup)
    usbd_print_setup                         0x08002f11   Thumb Code     2  usbd_core.o(i.usbd_print_setup)
    i.usbd_reset_endpoint                    0x08002f12   Section        0  usbd_core.o(i.usbd_reset_endpoint)
    usbd_reset_endpoint                      0x08002f13   Thumb Code    56  usbd_core.o(i.usbd_reset_endpoint)
    i.usbd_set_address                       0x08002f4c   Section        0  usb_dc_py32.o(i.usbd_set_address)
    i.usbd_set_configuration                 0x08002f68   Section        0  usbd_core.o(i.usbd_set_configuration)
    usbd_set_configuration                   0x08002f69   Thumb Code   102  usbd_core.o(i.usbd_set_configuration)
    i.usbd_set_endpoint                      0x08002fd4   Section        0  usbd_core.o(i.usbd_set_endpoint)
    usbd_set_endpoint                        0x08002fd5   Thumb Code    52  usbd_core.o(i.usbd_set_endpoint)
    i.usbd_set_interface                     0x08003008   Section        0  usbd_core.o(i.usbd_set_interface)
    usbd_set_interface                       0x08003009   Thumb Code   126  usbd_core.o(i.usbd_set_interface)
    i.usbd_setup_request_handler             0x0800308c   Section        0  usbd_core.o(i.usbd_setup_request_handler)
    usbd_setup_request_handler               0x0800308d   Thumb Code   128  usbd_core.o(i.usbd_setup_request_handler)
    i.usbd_standard_request_handler          0x0800310c   Section        0  usbd_core.o(i.usbd_standard_request_handler)
    usbd_standard_request_handler            0x0800310d   Thumb Code    96  usbd_core.o(i.usbd_standard_request_handler)
    i.usbd_std_device_req_handler            0x0800316c   Section        0  usbd_core.o(i.usbd_std_device_req_handler)
    usbd_std_device_req_handler              0x0800316d   Thumb Code   190  usbd_core.o(i.usbd_std_device_req_handler)
    i.usbd_std_endpoint_req_handler          0x08003230   Section        0  usbd_core.o(i.usbd_std_endpoint_req_handler)
    usbd_std_endpoint_req_handler            0x08003231   Thumb Code   164  usbd_core.o(i.usbd_std_endpoint_req_handler)
    i.usbd_std_interface_req_handler         0x080032d4   Section        0  usbd_core.o(i.usbd_std_interface_req_handler)
    usbd_std_interface_req_handler           0x080032d5   Thumb Code   196  usbd_core.o(i.usbd_std_interface_req_handler)
    i.usbd_vendor_request_handler            0x0800339c   Section        0  usbd_core.o(i.usbd_vendor_request_handler)
    usbd_vendor_request_handler              0x0800339d   Thumb Code   204  usbd_core.o(i.usbd_vendor_request_handler)
    .constdata                               0x08003474   Section      128  system_py32f072.o(.constdata)
    .constdata                               0x080034f4   Section      115  usbd_msc_flash.o(.constdata)
    .constdata                               0x08003568   Section       52  py32f072_hal_rcc.o(.constdata)
    .constdata                               0x0800359c   Section       32  py32f072_hal_flash.o(.constdata)
    .data                                    0x20000000   Section        4  system_py32f072.o(.data)
    .data                                    0x20000004   Section       12  py32f072_hal.o(.data)
    .data                                    0x20000010   Section       16  usbd_core.o(.data)
    msosv1_desc                              0x20000014   Data           4  usbd_core.o(.data)
    msosv2_desc                              0x20000018   Data           4  usbd_core.o(.data)
    bos_desc                                 0x2000001c   Data           4  usbd_core.o(.data)
    .data                                    0x20000020   Section        2  usb_dc_py32.o(.data)
    usb_ep0_state                            0x20000020   Data           1  usb_dc_py32.o(.data)
    .noncacheable                            0x20000024   Section      352  usbd_core.o(.noncacheable)
    .noncacheable                            0x20000184   Section      584  usbd_msc.o(.noncacheable)
    .bss                                     0x200003cc   Section       32  usbd_msc_flash.o(.bss)
    .bss                                     0x200003ec   Section       24  py32f072_hal_flash.o(.bss)
    .bss                                     0x20000420   Section      384  usb_dc_py32.o(.bss)
    .bss                                     0x200005a0   Section       16  usbd_msc.o(.bss)
    mass_ep_data                             0x200005a0   Data          16  usbd_msc.o(.bss)
    STACK                                    0x200005b0   Section     1024  startup_py32f072xx.o(STACK)

    Global Symbols

    Symbol Name                              Value     Ov Type        Size  Object(Section)

    BuildAttributes$$THM_ISAv3M$S$PE$A:L22$X:L11$S22$IEEE1$IW$USESV6$~STKCKD$USESV7$~SHL$OSPACE$EBA8$MICROLIB$REQ8$PRES8$EABIv2 0x00000000   Number         0  anon$$obj.o ABSOLUTE
    __ARM_use_no_argv                        0x00000000   Number         0  main.o ABSOLUTE
    __cpp_initialize__aeabi_                  - Undefined Weak Reference
    __cxa_finalize                            - Undefined Weak Reference
    _clock_init                               - Undefined Weak Reference
    _microlib_exit                            - Undefined Weak Reference
    __Vectors_Size                           0x000000c0   Number         0  startup_py32f072xx.o ABSOLUTE
    __Vectors                                0x08000000   Data           4  startup_py32f072xx.o(RESET)
    __Vectors_End                            0x080000c0   Data           0  startup_py32f072xx.o(RESET)
    __main                                   0x080000c1   Thumb Code     0  entry.o(.ARM.Collect$$$$00000000)
    _main_stk                                0x080000c1   Thumb Code     0  entry2.o(.ARM.Collect$$$$00000001)
    _main_scatterload                        0x080000c5   Thumb Code     0  entry5.o(.ARM.Collect$$$$00000004)
    __main_after_scatterload                 0x080000c9   Thumb Code     0  entry5.o(.ARM.Collect$$$$00000004)
    _main_clock                              0x080000c9   Thumb Code     0  entry7b.o(.ARM.Collect$$$$00000008)
    _main_cpp_init                           0x080000c9   Thumb Code     0  entry8b.o(.ARM.Collect$$$$0000000A)
    _main_init                               0x080000c9   Thumb Code     0  entry9a.o(.ARM.Collect$$$$0000000B)
    __rt_final_cpp                           0x080000d1   Thumb Code     0  entry10a.o(.ARM.Collect$$$$0000000D)
    __rt_final_exit                          0x080000d1   Thumb Code     0  entry11a.o(.ARM.Collect$$$$0000000F)
    Reset_Handler                            0x080000d5   Thumb Code     8  startup_py32f072xx.o(.text)
    ADC_COMP_IRQHandler                      0x080000e7   Thumb Code     0  startup_py32f072xx.o(.text)
    CAN_IRQHandler                           0x080000e7   Thumb Code     0  startup_py32f072xx.o(.text)
    DMA1_Channel1_IRQHandler                 0x080000e7   Thumb Code     0  startup_py32f072xx.o(.text)
    DMA1_Channel2_3_IRQHandler               0x080000e7   Thumb Code     0  startup_py32f072xx.o(.text)
    DMA1_Channel4_5_6_7_IRQHandler           0x080000e7   Thumb Code     0  startup_py32f072xx.o(.text)
    EXTI0_1_IRQHandler                       0x080000e7   Thumb Code     0  startup_py32f072xx.o(.text)
    EXTI2_3_IRQHandler                       0x080000e7   Thumb Code     0  startup_py32f072xx.o(.text)
    EXTI4_15_IRQHandler                      0x080000e7   Thumb Code     0  startup_py32f072xx.o(.text)
    FLASH_IRQHandler                         0x080000e7   Thumb Code     0  startup_py32f072xx.o(.text)
    I2C1_IRQHandler                          0x080000e7   Thumb Code     0  startup_py32f072xx.o(.text)
    I2C2_IRQHandler                          0x080000e7   Thumb Code     0  startup_py32f072xx.o(.text)
    LCD_IRQHandler                           0x080000e7   Thumb Code     0  startup_py32f072xx.o(.text)
    PVD_IRQHandler                           0x080000e7   Thumb Code     0  startup_py32f072xx.o(.text)
    RCC_IRQHandler                           0x080000e7   Thumb Code     0  startup_py32f072xx.o(.text)
    RTC_IRQHandler                           0x080000e7   Thumb Code     0  startup_py32f072xx.o(.text)
    SPI1_IRQHandler                          0x080000e7   Thumb Code     0  startup_py32f072xx.o(.text)
    SPI2_IRQHandler                          0x080000e7   Thumb Code     0  startup_py32f072xx.o(.text)
    TIM14_IRQHandler                         0x080000e7   Thumb Code     0  startup_py32f072xx.o(.text)
    TIM15_IRQHandler                         0x080000e7   Thumb Code     0  startup_py32f072xx.o(.text)
    TIM16_IRQHandler                         0x080000e7   Thumb Code     0  startup_py32f072xx.o(.text)
    TIM17_IRQHandler                         0x080000e7   Thumb Code     0  startup_py32f072xx.o(.text)
    TIM1_BRK_UP_TRG_COM_IRQHandler           0x080000e7   Thumb Code     0  startup_py32f072xx.o(.text)
    TIM1_CC_IRQHandler                       0x080000e7   Thumb Code     0  startup_py32f072xx.o(.text)
    TIM2_IRQHandler                          0x080000e7   Thumb Code     0  startup_py32f072xx.o(.text)
    TIM3_IRQHandler                          0x080000e7   Thumb Code     0  startup_py32f072xx.o(.text)
    TIM6_LPTIM1_DAC_IRQHandler               0x080000e7   Thumb Code     0  startup_py32f072xx.o(.text)
    TIM7_IRQHandler                          0x080000e7   Thumb Code     0  startup_py32f072xx.o(.text)
    USART1_IRQHandler                        0x080000e7   Thumb Code     0  startup_py32f072xx.o(.text)
    USART2_IRQHandler                        0x080000e7   Thumb Code     0  startup_py32f072xx.o(.text)
    USART3_4_IRQHandler                      0x080000e7   Thumb Code     0  startup_py32f072xx.o(.text)
    WWDG_IRQHandler                          0x080000e7   Thumb Code     0  startup_py32f072xx.o(.text)
    __aeabi_uidiv                            0x080000f1   Thumb Code     0  uidiv.o(.text)
    __aeabi_uidivmod                         0x080000f1   Thumb Code    44  uidiv.o(.text)
    __aeabi_memcpy                           0x0800011d   Thumb Code    36  memcpya.o(.text)
    __aeabi_memcpy4                          0x0800011d   Thumb Code     0  memcpya.o(.text)
    __aeabi_memcpy8                          0x0800011d   Thumb Code     0  memcpya.o(.text)
    __aeabi_memset                           0x08000141   Thumb Code    14  memseta.o(.text)
    __aeabi_memset4                          0x08000141   Thumb Code     0  memseta.o(.text)
    __aeabi_memset8                          0x08000141   Thumb Code     0  memseta.o(.text)
    __aeabi_memclr                           0x0800014f   Thumb Code     4  memseta.o(.text)
    __aeabi_memclr4                          0x0800014f   Thumb Code     0  memseta.o(.text)
    __aeabi_memclr8                          0x0800014f   Thumb Code     0  memseta.o(.text)
    _memset$wrapper                          0x08000153   Thumb Code    18  memseta.o(.text)
    __scatterload                            0x08000165   Thumb Code    28  init.o(.text)
    __scatterload_rt2                        0x08000165   Thumb Code     0  init.o(.text)
    __decompress                             0x08000189   Thumb Code     0  __dczerorl.o(.text)
    __decompress0                            0x08000189   Thumb Code    58  __dczerorl.o(.text)
    APP_ErrorHandler                         0x080001c3   Thumb Code     4  main.o(i.APP_ErrorHandler)
    FLASH_WaitForLastOperation               0x08000365   Thumb Code    50  py32f072_hal_flash.o(i.FLASH_WaitForLastOperation)
    HAL_FLASH_Erase                          0x080003a1   Thumb Code   568  py32f072_hal_flash.o(i.HAL_FLASH_Erase)
    HAL_FLASH_Lock                           0x080005ed   Thumb Code    30  py32f072_hal_flash.o(i.HAL_FLASH_Lock)
    HAL_FLASH_Program                        0x08000611   Thumb Code   416  py32f072_hal_flash.o(i.HAL_FLASH_Program)
    HAL_FLASH_Unlock                         0x080007c5   Thumb Code    40  py32f072_hal_flash.o(i.HAL_FLASH_Unlock)
    HAL_GetTick                              0x080007f9   Thumb Code     6  py32f072_hal.o(i.HAL_GetTick)
    HAL_IncTick                              0x08000805   Thumb Code    16  py32f072_hal.o(i.HAL_IncTick)
    HAL_Init                                 0x0800081d   Thumb Code    26  py32f072_hal.o(i.HAL_Init)
    HAL_InitTick                             0x08000839   Thumb Code    82  py32f072_hal.o(i.HAL_InitTick)
    HAL_MspInit                              0x08000899   Thumb Code    64  py32f072_hal_msp.o(i.HAL_MspInit)
    HAL_NVIC_SetPriority                     0x080008dd   Thumb Code    18  py32f072_hal_cortex.o(i.HAL_NVIC_SetPriority)
    HAL_RCC_ClockConfig                      0x080008f1   Thumb Code   442  py32f072_hal_rcc.o(i.HAL_RCC_ClockConfig)
    HAL_RCC_GetSysClockFreq                  0x08000ac5   Thumb Code   238  py32f072_hal_rcc.o(i.HAL_RCC_GetSysClockFreq)
    HAL_RCC_OscConfig                        0x08000bc1   Thumb Code  1566  py32f072_hal_rcc.o(i.HAL_RCC_OscConfig)
    HAL_SYSTICK_Config                       0x080011ed   Thumb Code    46  py32f072_hal_cortex.o(i.HAL_SYSTICK_Config)
    HardFault_Handler                        0x08001225   Thumb Code     4  py32f072_it.o(i.HardFault_Handler)
    NMI_Handler                              0x08001229   Thumb Code     2  py32f072_it.o(i.NMI_Handler)
    PendSV_Handler                           0x0800122b   Thumb Code     2  py32f072_it.o(i.PendSV_Handler)
    SVC_Handler                              0x08001bed   Thumb Code     2  py32f072_it.o(i.SVC_Handler)
    SysTick_Handler                          0x08001bef   Thumb Code     8  py32f072_it.o(i.SysTick_Handler)
    SystemInit                               0x08001bf9   Thumb Code    42  system_py32f072.o(i.SystemInit)
    USBD_IRQHandler                          0x08001c35   Thumb Code   680  usb_dc_py32.o(i.USBD_IRQHandler)
    USB_IRQHandler                           0x08001ee9   Thumb Code     8  py32f072_it.o(i.USB_IRQHandler)
    __ARM_common_switch8                     0x08001ef1   Thumb Code    28  py32f072_hal_dma.o(i.__ARM_common_switch8)
    __scatterload_copy                       0x08001f85   Thumb Code    14  handlers.o(i.__scatterload_copy)
    __scatterload_null                       0x08001f93   Thumb Code     2  handlers.o(i.__scatterload_null)
    __scatterload_zeroinit                   0x08001f95   Thumb Code    14  handlers.o(i.__scatterload_zeroinit)
    main                                     0x08002109   Thumb Code    16  main.o(i.main)
    mass_storage_bulk_in                     0x08002119   Thumb Code   102  usbd_msc.o(i.mass_storage_bulk_in)
    mass_storage_bulk_out                    0x08002189   Thumb Code    90  usbd_msc.o(i.mass_storage_bulk_out)
    msc_ram_init                             0x080021e9   Thumb Code    30  usbd_msc_flash.o(i.msc_ram_init)
    msc_storage_notify_handler               0x08002245   Thumb Code    42  usbd_msc.o(i.msc_storage_notify_handler)
    usb_dc_init                              0x08002305   Thumb Code    32  usb_dc_py32.o(i.usb_dc_init)
    usb_dc_low_level_init                    0x08002329   Thumb Code     2  usb_dc_py32.o(i.usb_dc_low_level_init)
    usbd_add_endpoint                        0x0800232d   Thumb Code    40  usbd_core.o(i.usbd_add_endpoint)
    usbd_add_interface                       0x08002359   Thumb Code    44  usbd_core.o(i.usbd_add_interface)
    usbd_configure_done_callback             0x0800243d   Thumb Code     2  usbd_msc_flash.o(i.usbd_configure_done_callback)
    usbd_desc_register                       0x08002441   Thumb Code    14  usbd_core.o(i.usbd_desc_register)
    usbd_ep0_reset_zlp_flag                  0x08002455   Thumb Code     8  usb_dc_py32.o(i.usbd_ep0_reset_zlp_flag)
    usbd_ep0_set_zlp_flag                    0x08002461   Thumb Code     8  usb_dc_py32.o(i.usbd_ep0_set_zlp_flag)
    usbd_ep_clear_stall                      0x0800246d   Thumb Code   128  usb_dc_py32.o(i.usbd_ep_clear_stall)
    usbd_ep_close                            0x080024f1   Thumb Code     6  usb_dc_py32.o(i.usbd_ep_close)
    usbd_ep_is_stalled                       0x080024f9   Thumb Code    88  usb_dc_py32.o(i.usbd_ep_is_stalled)
    usbd_ep_open                             0x08002555   Thumb Code   406  usb_dc_py32.o(i.usbd_ep_open)
    usbd_ep_set_stall                        0x080026f5   Thumb Code   116  usb_dc_py32.o(i.usbd_ep_set_stall)
    usbd_ep_start_read                       0x08002771   Thumb Code   174  usb_dc_py32.o(i.usbd_ep_start_read)
    usbd_ep_start_write                      0x0800282d   Thumb Code   382  usb_dc_py32.o(i.usbd_ep_start_write)
    usbd_event_ep0_setup_complete_handler    0x080029bd   Thumb Code   298  usbd_core.o(i.usbd_event_ep0_setup_complete_handler)
    usbd_event_ep_in_complete_handler        0x08002aed   Thumb Code   140  usbd_core.o(i.usbd_event_ep_in_complete_handler)
    usbd_event_ep_out_complete_handler       0x08002b81   Thumb Code   128  usbd_core.o(i.usbd_event_ep_out_complete_handler)
    usbd_event_reset_handler                 0x08002c09   Thumb Code    54  usbd_core.o(i.usbd_event_reset_handler)
    usbd_event_resume_handler                0x08002c45   Thumb Code    12  usbd_core.o(i.usbd_event_resume_handler)
    usbd_event_suspend_handler               0x08002c51   Thumb Code    12  usbd_core.o(i.usbd_event_suspend_handler)
    usbd_initialize                          0x08002d35   Thumb Code     8  usbd_core.o(i.usbd_initialize)
    usbd_msc_get_cap                         0x08002d79   Thumb Code    12  usbd_msc_flash.o(i.usbd_msc_get_cap)
    usbd_msc_init_intf                       0x08002d85   Thumb Code   100  usbd_msc.o(i.usbd_msc_init_intf)
    usbd_msc_sector_read                     0x08002e15   Thumb Code    40  usbd_msc_flash.o(i.usbd_msc_sector_read)
    usbd_msc_sector_write                    0x08002e41   Thumb Code    88  usbd_msc_flash.o(i.usbd_msc_sector_write)
    usbd_set_address                         0x08002f4d   Thumb Code    18  usb_dc_py32.o(i.usbd_set_address)
    AHBPrescTable                            0x08003474   Data          64  system_py32f072.o(.constdata)
    APBPrescTable                            0x080034b4   Data          32  system_py32f072.o(.constdata)
    HSIFreqTable                             0x080034d4   Data          32  system_py32f072.o(.constdata)
    msc_flash_descriptor                     0x080034f4   Data         115  usbd_msc_flash.o(.constdata)
    _FlashTimmingParam                       0x0800359c   Data          32  py32f072_hal_flash.o(.constdata)
    Region$$Table$$Base                      0x080035bc   Number         0  anon$$obj.o(Region$$Table)
    Region$$Table$$Limit                     0x080035dc   Number         0  anon$$obj.o(Region$$Table)
    SystemCoreClock                          0x20000000   Data           4  system_py32f072.o(.data)
    uwTick                                   0x20000004   Data           4  py32f072_hal.o(.data)
    uwTickPrio                               0x20000008   Data           4  py32f072_hal.o(.data)
    uwTickFreq                               0x2000000c   Data           4  py32f072_hal.o(.data)
    usbd_intf_head                           0x20000010   Data           4  usbd_core.o(.data)
    zlp_flag                                 0x20000021   Data           1  usb_dc_py32.o(.data)
    usbd_core_cfg                            0x20000024   Data         352  usbd_core.o(.noncacheable)
    usbd_msc_cfg                             0x20000184   Data         584  usbd_msc.o(.noncacheable)
    intf0                                    0x200003cc   Data          32  usbd_msc_flash.o(.bss)
    pFlash                                   0x200003ec   Data          24  py32f072_hal_flash.o(.bss)
    g_pyusb_udc                              0x20000420   Data         384  usb_dc_py32.o(.bss)
    __initial_sp                             0x200009b0   Data           0  startup_py32f072xx.o(STACK)



==============================================================================

Memory Map of the image

  Image Entry point : 0x080000c1

  Load Region LR_IROM1 (Base: 0x08000000, Size: 0x000039a8, Max: 0x00020000, ABSOLUTE, COMPRESSED[0x000035ec])

    Execution Region ER_IROM1 (Exec base: 0x08000000, Load base: 0x08000000, Size: 0x000035dc, Max: 0x00020000, ABSOLUTE)

    Exec Addr    Load Addr    Size         Type   Attr      Idx    E Section Name        Object

    0x08000000   0x08000000   0x000000c0   Data   RO            3    RESET               startup_py32f072xx.o
    0x080000c0   0x080000c0   0x00000000   Code   RO         2164  * .ARM.Collect$$$$00000000  mc_p.l(entry.o)
    0x080000c0   0x080000c0   0x00000004   Code   RO         2175    .ARM.Collect$$$$00000001  mc_p.l(entry2.o)
    0x080000c4   0x080000c4   0x00000004   Code   RO         2178    .ARM.Collect$$$$00000004  mc_p.l(entry5.o)
    0x080000c8   0x080000c8   0x00000000   Code   RO         2180    .ARM.Collect$$$$00000008  mc_p.l(entry7b.o)
    0x080000c8   0x080000c8   0x00000000   Code   RO         2182    .ARM.Collect$$$$0000000A  mc_p.l(entry8b.o)
    0x080000c8   0x080000c8   0x00000008   Code   RO         2183    .ARM.Collect$$$$0000000B  mc_p.l(entry9a.o)
    0x080000d0   0x080000d0   0x00000000   Code   RO         2185    .ARM.Collect$$$$0000000D  mc_p.l(entry10a.o)
    0x080000d0   0x080000d0   0x00000000   Code   RO         2187    .ARM.Collect$$$$0000000F  mc_p.l(entry11a.o)
    0x080000d0   0x080000d0   0x00000004   Code   RO         2176    .ARM.Collect$$$$00002712  mc_p.l(entry2.o)
    0x080000d4   0x080000d4   0x0000001c   Code   RO            4    .text               startup_py32f072xx.o
    0x080000f0   0x080000f0   0x0000002c   Code   RO         2167    .text               mc_p.l(uidiv.o)
    0x0800011c   0x0800011c   0x00000024   Code   RO         2169    .text               mc_p.l(memcpya.o)
    0x08000140   0x08000140   0x00000024   Code   RO         2171    .text               mc_p.l(memseta.o)
    0x08000164   0x08000164   0x00000024   Code   RO         2189    .text               mc_p.l(init.o)
    0x08000188   0x08000188   0x0000003a   Code   RO         2199    .text               mc_p.l(__dczerorl.o)
    0x080001c2   0x080001c2   0x00000004   Code   RO          112    i.APP_ErrorHandler  main.o
    0x080001c6   0x080001c6   0x00000002   PAD
    0x080001c8   0x080001c8   0x0000007c   Code   RO          113    i.APP_SystemClockConfig  main.o
    0x08000244   0x08000244   0x0000006c   Code   RO          114    i.APP_USBInit       main.o
    0x080002b0   0x080002b0   0x00000028   Code   RO         1488    i.FLASH_MassErase   py32f072_hal_flash.o
    0x080002d8   0x080002d8   0x00000020   Code   RO         1493    i.FLASH_PageErase   py32f072_hal_flash.o
    0x080002f8   0x080002f8   0x00000054   Code   RO         1494    i.FLASH_Program_Page  py32f072_hal_flash.o
    0x0800034c   0x0800034c   0x00000018   Code   RO         1495    i.FLASH_SectorErase  py32f072_hal_flash.o
    0x08000364   0x08000364   0x0000003c   Code   RO         1496    i.FLASH_WaitForLastOperation  py32f072_hal_flash.o
    0x080003a0   0x080003a0   0x0000024c   Code   RO         1498    i.HAL_FLASH_Erase   py32f072_hal_flash.o
    0x080005ec   0x080005ec   0x00000024   Code   RO         1502    i.HAL_FLASH_Lock    py32f072_hal_flash.o
    0x08000610   0x08000610   0x000001b4   Code   RO         1512    i.HAL_FLASH_Program  py32f072_hal_flash.o
    0x080007c4   0x080007c4   0x00000034   Code   RO         1514    i.HAL_FLASH_Unlock  py32f072_hal_flash.o
    0x080007f8   0x080007f8   0x0000000c   Code   RO          438    i.HAL_GetTick       py32f072_hal.o
    0x08000804   0x08000804   0x00000018   Code   RO          444    i.HAL_IncTick       py32f072_hal.o
    0x0800081c   0x0800081c   0x0000001a   Code   RO          445    i.HAL_Init          py32f072_hal.o
    0x08000836   0x08000836   0x00000002   PAD
    0x08000838   0x08000838   0x00000060   Code   RO          446    i.HAL_InitTick      py32f072_hal.o
    0x08000898   0x08000898   0x00000044   Code   RO          165    i.HAL_MspInit       py32f072_hal_msp.o
    0x080008dc   0x080008dc   0x00000012   Code   RO          735    i.HAL_NVIC_SetPriority  py32f072_hal_cortex.o
    0x080008ee   0x080008ee   0x00000002   PAD
    0x080008f0   0x080008f0   0x000001d4   Code   RO          886    i.HAL_RCC_ClockConfig  py32f072_hal_rcc.o
    0x08000ac4   0x08000ac4   0x000000fc   Code   RO          895    i.HAL_RCC_GetSysClockFreq  py32f072_hal_rcc.o
    0x08000bc0   0x08000bc0   0x0000062c   Code   RO          899    i.HAL_RCC_OscConfig  py32f072_hal_rcc.o
    0x080011ec   0x080011ec   0x00000038   Code   RO          739    i.HAL_SYSTICK_Config  py32f072_hal_cortex.o
    0x08001224   0x08001224   0x00000004   Code   RO          185    i.HardFault_Handler  py32f072_it.o
    0x08001228   0x08001228   0x00000002   Code   RO          186    i.NMI_Handler       py32f072_it.o
    0x0800122a   0x0800122a   0x00000002   Code   RO          187    i.PendSV_Handler    py32f072_it.o
    0x0800122c   0x0800122c   0x0000001c   Code   RO          900    i.RCC_GetHSIFreq    py32f072_hal_rcc.o
    0x08001248   0x08001248   0x0000018c   Code   RO         2005    i.SCSI_CBWDecode    usbd_msc.o
    0x080013d4   0x080013d4   0x00000018   Code   RO         2006    i.SCSI_SetSenseData  usbd_msc.o
    0x080013ec   0x080013ec   0x000000e8   Code   RO         2007    i.SCSI_inquiry      usbd_msc.o
    0x080014d4   0x080014d4   0x00000068   Code   RO         2008    i.SCSI_modeSense10  usbd_msc.o
    0x0800153c   0x0800153c   0x00000058   Code   RO         2009    i.SCSI_modeSense6   usbd_msc.o
    0x08001594   0x08001594   0x00000028   Code   RO         2010    i.SCSI_preventAllowMediaRemoval  usbd_msc.o
    0x080015bc   0x080015bc   0x000000a4   Code   RO         2011    i.SCSI_processRead  usbd_msc.o
    0x08001660   0x08001660   0x000000a8   Code   RO         2012    i.SCSI_processWrite  usbd_msc.o
    0x08001708   0x08001708   0x000000a4   Code   RO         2013    i.SCSI_read10       usbd_msc.o
    0x080017ac   0x080017ac   0x000000b4   Code   RO         2014    i.SCSI_read12       usbd_msc.o
    0x08001860   0x08001860   0x00000094   Code   RO         2015    i.SCSI_readCapacity10  usbd_msc.o
    0x080018f4   0x080018f4   0x00000088   Code   RO         2016    i.SCSI_readFormatCapacity  usbd_msc.o
    0x0800197c   0x0800197c   0x0000007c   Code   RO         2017    i.SCSI_requestSense  usbd_msc.o
    0x080019f8   0x080019f8   0x00000044   Code   RO         2018    i.SCSI_startStopUnit  usbd_msc.o
    0x08001a3c   0x08001a3c   0x00000028   Code   RO         2019    i.SCSI_testUnitReady  usbd_msc.o
    0x08001a64   0x08001a64   0x000000bc   Code   RO         2020    i.SCSI_write10      usbd_msc.o
    0x08001b20   0x08001b20   0x000000cc   Code   RO         2021    i.SCSI_write12      usbd_msc.o
    0x08001bec   0x08001bec   0x00000002   Code   RO          188    i.SVC_Handler       py32f072_it.o
    0x08001bee   0x08001bee   0x00000008   Code   RO          189    i.SysTick_Handler   py32f072_it.o
    0x08001bf6   0x08001bf6   0x00000002   PAD
    0x08001bf8   0x08001bf8   0x0000003c   Code   RO           13    i.SystemInit        system_py32f072.o
    0x08001c34   0x08001c34   0x000002b4   Code   RO         1867    i.USBD_IRQHandler   usb_dc_py32.o
    0x08001ee8   0x08001ee8   0x00000008   Code   RO          190    i.USB_IRQHandler    py32f072_it.o
    0x08001ef0   0x08001ef0   0x0000001c   Code   RO          722    i.__ARM_common_switch8  py32f072_hal_dma.o
    0x08001f0c   0x08001f0c   0x00000078   Code   RO          741    i.__NVIC_SetPriority  py32f072_hal_cortex.o
    0x08001f84   0x08001f84   0x0000000e   Code   RO         2193    i.__scatterload_copy  mc_p.l(handlers.o)
    0x08001f92   0x08001f92   0x00000002   Code   RO         2194    i.__scatterload_null  mc_p.l(handlers.o)
    0x08001f94   0x08001f94   0x0000000e   Code   RO         2195    i.__scatterload_zeroinit  mc_p.l(handlers.o)
    0x08001fa2   0x08001fa2   0x00000002   PAD
    0x08001fa4   0x08001fa4   0x00000150   Code   RO         1868    i.handle_ep0        usb_dc_py32.o
    0x080020f4   0x080020f4   0x00000014   Code   RO         1666    i.is_device_configured  usbd_core.o
    0x08002108   0x08002108   0x00000010   Code   RO          115    i.main              main.o
    0x08002118   0x08002118   0x00000070   Code   RO         2022    i.mass_storage_bulk_in  usbd_msc.o
    0x08002188   0x08002188   0x00000060   Code   RO         2023    i.mass_storage_bulk_out  usbd_msc.o
    0x080021e8   0x080021e8   0x00000028   Code   RO          244    i.msc_ram_init      usbd_msc_flash.o
    0x08002210   0x08002210   0x00000034   Code   RO         2024    i.msc_storage_class_interface_request_handler  usbd_msc.o
    0x08002244   0x08002244   0x00000034   Code   RO         2025    i.msc_storage_notify_handler  usbd_msc.o
    0x08002278   0x08002278   0x0000000c   Code   RO         1869    i.pyusb_get_active_ep  usb_dc_py32.o
    0x08002284   0x08002284   0x00000022   Code   RO         1870    i.pyusb_get_fifo_size  usb_dc_py32.o
    0x080022a6   0x080022a6   0x00000002   PAD
    0x080022a8   0x080022a8   0x00000028   Code   RO         1871    i.pyusb_read_packet  usb_dc_py32.o
    0x080022d0   0x080022d0   0x0000000c   Code   RO         1872    i.pyusb_set_active_ep  usb_dc_py32.o
    0x080022dc   0x080022dc   0x00000028   Code   RO         1873    i.pyusb_write_packet  usb_dc_py32.o
    0x08002304   0x08002304   0x00000024   Code   RO         1875    i.usb_dc_init       usb_dc_py32.o
    0x08002328   0x08002328   0x00000002   Code   RO         1877    i.usb_dc_low_level_init  usb_dc_py32.o
    0x0800232a   0x0800232a   0x00000002   PAD
    0x0800232c   0x0800232c   0x0000002c   Code   RO         1668    i.usbd_add_endpoint  usbd_core.o
    0x08002358   0x08002358   0x00000034   Code   RO         1669    i.usbd_add_interface  usbd_core.o
    0x0800238c   0x0800238c   0x00000028   Code   RO         1671    i.usbd_class_event_notify_handler  usbd_core.o
    0x080023b4   0x080023b4   0x00000088   Code   RO         1672    i.usbd_class_request_handler  usbd_core.o
    0x0800243c   0x0800243c   0x00000002   Code   RO          245    i.usbd_configure_done_callback  usbd_msc_flash.o
    0x0800243e   0x0800243e   0x00000002   PAD
    0x08002440   0x08002440   0x00000014   Code   RO         1674    i.usbd_desc_register  usbd_core.o
    0x08002454   0x08002454   0x0000000c   Code   RO         1878    i.usbd_ep0_reset_zlp_flag  usb_dc_py32.o
    0x08002460   0x08002460   0x0000000c   Code   RO         1879    i.usbd_ep0_set_zlp_flag  usb_dc_py32.o
    0x0800246c   0x0800246c   0x00000084   Code   RO         1880    i.usbd_ep_clear_stall  usb_dc_py32.o
    0x080024f0   0x080024f0   0x00000006   Code   RO         1881    i.usbd_ep_close     usb_dc_py32.o
    0x080024f6   0x080024f6   0x00000002   PAD
    0x080024f8   0x080024f8   0x0000005c   Code   RO         1882    i.usbd_ep_is_stalled  usb_dc_py32.o
    0x08002554   0x08002554   0x000001a0   Code   RO         1883    i.usbd_ep_open      usb_dc_py32.o
    0x080026f4   0x080026f4   0x0000007c   Code   RO         1884    i.usbd_ep_set_stall  usb_dc_py32.o
    0x08002770   0x08002770   0x000000bc   Code   RO         1885    i.usbd_ep_start_read  usb_dc_py32.o
    0x0800282c   0x0800282c   0x00000190   Code   RO         1886    i.usbd_ep_start_write  usb_dc_py32.o
    0x080029bc   0x080029bc   0x00000130   Code   RO         1677    i.usbd_event_ep0_setup_complete_handler  usbd_core.o
    0x08002aec   0x08002aec   0x00000094   Code   RO         1678    i.usbd_event_ep_in_complete_handler  usbd_core.o
    0x08002b80   0x08002b80   0x00000088   Code   RO         1679    i.usbd_event_ep_out_complete_handler  usbd_core.o
    0x08002c08   0x08002c08   0x0000003c   Code   RO         1680    i.usbd_event_reset_handler  usbd_core.o
    0x08002c44   0x08002c44   0x0000000c   Code   RO         1681    i.usbd_event_resume_handler  usbd_core.o
    0x08002c50   0x08002c50   0x0000000c   Code   RO         1682    i.usbd_event_suspend_handler  usbd_core.o
    0x08002c5c   0x08002c5c   0x000000d8   Code   RO         1683    i.usbd_get_descriptor  usbd_core.o
    0x08002d34   0x08002d34   0x00000008   Code   RO         1684    i.usbd_initialize   usbd_core.o
    0x08002d3c   0x08002d3c   0x0000003c   Code   RO         2026    i.usbd_msc_bot_abort  usbd_msc.o
    0x08002d78   0x08002d78   0x0000000c   Code   RO          246    i.usbd_msc_get_cap  usbd_msc_flash.o
    0x08002d84   0x08002d84   0x0000007c   Code   RO         2027    i.usbd_msc_init_intf  usbd_msc.o
    0x08002e00   0x08002e00   0x00000014   Code   RO         2028    i.usbd_msc_reset    usbd_msc.o
    0x08002e14   0x08002e14   0x0000002c   Code   RO          247    i.usbd_msc_sector_read  usbd_msc_flash.o
    0x08002e40   0x08002e40   0x0000005c   Code   RO          248    i.usbd_msc_sector_write  usbd_msc_flash.o
    0x08002e9c   0x08002e9c   0x00000030   Code   RO         2029    i.usbd_msc_send_csw  usbd_msc.o
    0x08002ecc   0x08002ecc   0x00000044   Code   RO         2030    i.usbd_msc_send_info  usbd_msc.o
    0x08002f10   0x08002f10   0x00000002   Code   RO         1687    i.usbd_print_setup  usbd_core.o
    0x08002f12   0x08002f12   0x00000038   Code   RO         1688    i.usbd_reset_endpoint  usbd_core.o
    0x08002f4a   0x08002f4a   0x00000002   PAD
    0x08002f4c   0x08002f4c   0x0000001c   Code   RO         1887    i.usbd_set_address  usb_dc_py32.o
    0x08002f68   0x08002f68   0x0000006c   Code   RO         1689    i.usbd_set_configuration  usbd_core.o
    0x08002fd4   0x08002fd4   0x00000034   Code   RO         1690    i.usbd_set_endpoint  usbd_core.o
    0x08003008   0x08003008   0x00000084   Code   RO         1691    i.usbd_set_interface  usbd_core.o
    0x0800308c   0x0800308c   0x00000080   Code   RO         1692    i.usbd_setup_request_handler  usbd_core.o
    0x0800310c   0x0800310c   0x00000060   Code   RO         1693    i.usbd_standard_request_handler  usbd_core.o
    0x0800316c   0x0800316c   0x000000c4   Code   RO         1694    i.usbd_std_device_req_handler  usbd_core.o
    0x08003230   0x08003230   0x000000a4   Code   RO         1695    i.usbd_std_endpoint_req_handler  usbd_core.o
    0x080032d4   0x080032d4   0x000000c8   Code   RO         1696    i.usbd_std_interface_req_handler  usbd_core.o
    0x0800339c   0x0800339c   0x000000d8   Code   RO         1697    i.usbd_vendor_request_handler  usbd_core.o
    0x08003474   0x08003474   0x00000080   Data   RO           14    .constdata          system_py32f072.o
    0x080034f4   0x080034f4   0x00000073   Data   RO          250    .constdata          usbd_msc_flash.o
    0x08003567   0x08003567   0x00000001   PAD
    0x08003568   0x08003568   0x00000034   Data   RO          901    .constdata          py32f072_hal_rcc.o
    0x0800359c   0x0800359c   0x00000020   Data   RO         1516    .constdata          py32f072_hal_flash.o
    0x080035bc   0x080035bc   0x00000020   Data   RO         2191    Region$$Table       anon$$obj.o


    Execution Region RW_IRAM1 (Exec base: 0x20000000, Load base: 0x080035dc, Size: 0x000009b0, Max: 0x00004000, ABSOLUTE, COMPRESSED[0x00000010])

    Exec Addr    Load Addr    Size         Type   Attr      Idx    E Section Name        Object

    0x20000000   COMPRESSED   0x00000004   Data   RW           15    .data               system_py32f072.o
    0x20000004   COMPRESSED   0x0000000c   Data   RW          460    .data               py32f072_hal.o
    0x20000010   COMPRESSED   0x00000010   Data   RW         1698    .data               usbd_core.o
    0x20000020   COMPRESSED   0x00000002   Data   RW         1889    .data               usb_dc_py32.o
    0x20000022   COMPRESSED   0x00000002   PAD
    0x20000024   COMPRESSED   0x00000160   Data   RW         1699    .noncacheable       usbd_core.o
    0x20000184   COMPRESSED   0x00000248   Data   RW         2033    .noncacheable       usbd_msc.o
    0x200003cc        -       0x00000020   Zero   RW          249    .bss                usbd_msc_flash.o
    0x200003ec        -       0x00000018   Zero   RW         1515    .bss                py32f072_hal_flash.o
    0x20000404   COMPRESSED   0x0000001c   PAD
    0x20000420        -       0x00000180   Zero   RW         1888    .bss                usb_dc_py32.o
    0x200005a0        -       0x00000010   Zero   RW         2032    .bss                usbd_msc.o
    0x200005b0        -       0x00000400   Zero   RW            1    STACK               startup_py32f072xx.o


==============================================================================

Image component sizes


      Code (inc. data)   RO Data    RW Data    ZI Data      Debug   Object Name

       252         12          0          0          0      10550   main.o
       158         28          0         12          0       3657   py32f072_hal.o
       194         20          0          0          0      10204   py32f072_hal_cortex.o
        28          0          0          0          0         76   py32f072_hal_dma.o
      1352         98         32          0         24      20887   py32f072_hal_flash.o
        68          4          0          0          0        898   py32f072_hal_msp.o
      2328         86         52          0          0       5476   py32f072_hal_rcc.o
        26          0          0          0          0       2828   py32f072_it.o
        28          8        192          0       1024        680   startup_py32f072xx.o
        60         18        128          4          0     310189   system_py32f072.o
      2614        136          0          2        384      16509   usb_dc_py32.o
      2558        134          0        368          0      27424   usbd_core.o
      3100        338          0        584         16      21412   usbd_msc.o
       190         18        115          0         32      27538   usbd_msc_flash.o

    ----------------------------------------------------------------------
     12974        900        552        972       1508     458328   Object Totals
         0          0         32          0          0          0   (incl. Generated)
        18          0          1          2         28          0   (incl. Padding)

    ----------------------------------------------------------------------

      Code (inc. data)   RO Data    RW Data    ZI Data      Debug   Library Member Name

        58          0          0          0          0          0   __dczerorl.o
         0          0          0          0          0          0   entry.o
         0          0          0          0          0          0   entry10a.o
         0          0          0          0          0          0   entry11a.o
         8          4          0          0          0          0   entry2.o
         4          0          0          0          0          0   entry5.o
         0          0          0          0          0          0   entry7b.o
         0          0          0          0          0          0   entry8b.o
         8          4          0          0          0          0   entry9a.o
        30          0          0          0          0          0   handlers.o
        36          8          0          0          0         68   init.o
        36          0          0          0          0         60   memcpya.o
        36          0          0          0          0        100   memseta.o
        44          0          0          0          0         72   uidiv.o

    ----------------------------------------------------------------------
       262         16          0          0          0        300   Library Totals
         2          0          0          0          0          0   (incl. Padding)

    ----------------------------------------------------------------------

      Code (inc. data)   RO Data    RW Data    ZI Data      Debug   Library Name

       260         16          0          0          0        300   mc_p.l

    ----------------------------------------------------------------------
       262         16          0          0          0        300   Library Totals

    ----------------------------------------------------------------------

==============================================================================


      Code (inc. data)   RO Data    RW Data    ZI Data      Debug   

     13236        916        552        972       1508     454232   Grand Totals
     13236        916        552         16       1508     454232   ELF Image Totals (compressed)
     13236        916        552         16          0          0   ROM Totals

==============================================================================

    Total RO  Size (Code + RO Data)                13788 (  13.46kB)
    Total RW  Size (RW Data + ZI Data)              2480 (   2.42kB)
    Total ROM Size (Code + RO Data + RW Data)      13804 (  13.48kB)

==============================================================================

