<html>
<body>
<pre>
<h1>µVision Build Log</h1>
<h2>Tool Versions:</h2>
IDE-Version: µVision V5.28.0.0
Copyright (C) 2019 ARM Ltd and ARM Germany GmbH. All rights reserved.
License Information: Emre Karabek, AssemCorp, LIC=----
 
Tool Versions:
Toolchain:       MDK-Lite  Version: 5.28.0.0
Toolchain Path:  C:\Keil_v5\ARM\ARMCC\Bin
C Compiler:      Armcc.exe V5.06 update 6 (build 750)
Assembler:       Armasm.exe V5.06 update 6 (build 750)
Linker/Locator:  ArmLink.exe V5.06 update 6 (build 750)
Library Manager: ArmAr.exe V5.06 update 6 (build 750)
Hex Converter:   FromElf.exe V5.06 update 6 (build 750)
CPU DLL:         SARMCM3.DLL V5.28.0.0
Dialog DLL:      DARMCM1.DLL V1.19.2.0
Target DLL:      Segger\JL2CM3.dll V2.99.36.0
Dialog DLL:      TARMCM1.DLL V1.14.1.0
 
<h2>Project:</h2>
C:\Project\PUYA\Firmware\PY32F072_Firmware\Projects\PY32F072-STK\Applications\USB_Device\USBD_USBFlashDisk\MDK-ARM\Project.uvprojx
Project File Date:  10/10/2025

<h2>Output:</h2>
*** Using Compiler 'V5.06 update 6 (build 750)', folder: 'C:\Keil_v5\ARM\ARMCC\Bin'
Rebuild target 'Project'
assembling startup_py32f072xx.s...
compiling main.c...
compiling py32f072_hal_rcc_ex.c...
compiling py32f072_it.c...
compiling py32f072_hal.c...
compiling py32f072_hal_msp.c...
compiling py32f072_hal_cortex.c...
compiling system_py32f072.c...
compiling py32f072_hal_gpio.c...
compiling py32f072xx_Start_Kit.c...
compiling usbd_msc_flash.c...
compiling py32f072_hal_dma.c...
compiling py32f072_hal_rcc.c...
compiling py32f072_hal_pwr.c...
compiling py32f072_hal_uart.c...
compiling py32f072_hal_flash.c...
compiling usbd_core.c...
compiling usb_dc_py32.c...
compiling usbd_msc.c...
linking...
Program Size: Code=13236 RO-data=552 RW-data=972 ZI-data=1508  
FromELF: creating hex file...
".\Output\Project.axf" - 0 Error(s), 0 Warning(s).

<h2>Software Packages used:</h2>

Package Vendor: ARM
                https://www.keil.com/pack/ARM.CMSIS.6.1.0.pack
                ARM.CMSIS.6.1.0
                CMSIS (Common Microcontroller Software Interface Standard)
   * Component: CORE Version: 6.1.0

Package Vendor: Puya
                https://www.puyasemi.com/uploadfiles/Puya.PY32F0xx_DFP.1.2.2.pack
                Puya.PY32F0xx_DFP.1.2.2
                Puya PY32F0 Series Device Support

<h2>Collection of Component include folders:</h2>
  .\RTE\_Project
  C:\Users\emre.karabek\AppData\Local\Arm\Packs\ARM\CMSIS\6.1.0\CMSIS\Core\Include
  C:\Users\emre.karabek\AppData\Local\Arm\Packs\Puya\PY32F0xx_DFP\1.2.2\Drivers\CMSIS\Device\PY32F0xx\Include

<h2>Collection of Component Files used:</h2>

   * Component: ARM::CMSIS:CORE:6.1.0
Build Time Elapsed:  00:00:01
</pre>
</body>
</html>
